
> accountia-api@0.0.1 start:dev
> nest start --watch

[2J[3J[H[[90m20:57:12[0m] Starting compilation in watch mode...

[[90m20:57:19[0m] Found 0 errors. Watching for file changes.

[32m[Nest] 27188  - [39m23/03/2026 20:57:21 [32m    LOG[39m [38;5;3m[NestFactory] [39m[32mStarting Nest application...[39m
[32m[Nest] 27188  - [39m23/03/2026 20:57:21 [32m    LOG[39m [38;5;3m[InstanceLoader] [39m[32mAppModule dependencies initialized[39m[38;5;3m +17ms[39m
[32m[Nest] 27188  - [39m23/03/2026 20:57:21 [32m    LOG[39m [38;5;3m[InstanceLoader] [39m[32mMongooseModule dependencies initialized[39m[38;5;3m +1ms[39m
[32m[Nest] 27188  - [39m23/03/2026 20:57:21 [32m    LOG[39m [38;5;3m[InstanceLoader] [39m[32mPassportModule dependencies initialized[39m[38;5;3m +0ms[39m
[32m[Nest] 27188  - [39m23/03/2026 20:57:21 [32m    LOG[39m [38;5;3m[InstanceLoader] [39m[32mConfigHostModule dependencies initialized[39m[38;5;3m +1ms[39m
[32m[Nest] 27188  - [39m23/03/2026 20:57:21 [32m    LOG[39m [38;5;3m[EmailService] [39m[32mEmail transporter initialized with Gmail SMTP[39m
[32m[Nest] 27188  - [39m23/03/2026 20:57:21 [32m    LOG[39m [38;5;3m[InstanceLoader] [39m[32mConfigModule dependencies initialized[39m[38;5;3m +0ms[39m
[32m[Nest] 27188  - [39m23/03/2026 20:57:21 [32m    LOG[39m [38;5;3m[InstanceLoader] [39m[32mConfigModule dependencies initialized[39m[38;5;3m +1ms[39m
[32m[Nest] 27188  - [39m23/03/2026 20:57:21 [32m    LOG[39m [38;5;3m[InstanceLoader] [39m[32mJwtModule dependencies initialized[39m[38;5;3m +15ms[39m
[32m[Nest] 27188  - [39m23/03/2026 20:57:21 [32m    LOG[39m [38;5;3m[InstanceLoader] [39m[32mEmailModule dependencies initialized[39m[38;5;3m +1ms[39m
[32m[Nest] 27188  - [39m23/03/2026 20:57:22 [32m    LOG[39m [38;5;3m[InstanceLoader] [39m[32mMongooseCoreModule dependencies initialized[39m[38;5;3m +1804ms[39m
[32m[Nest] 27188  - [39m23/03/2026 20:57:22 [32m    LOG[39m [38;5;3m[InstanceLoader] [39m[32mMongooseModule dependencies initialized[39m[38;5;3m +5ms[39m
[32m[Nest] 27188  - [39m23/03/2026 20:57:22 [32m    LOG[39m [38;5;3m[InstanceLoader] [39m[32mMongooseModule dependencies initialized[39m[38;5;3m +0ms[39m
[32m[Nest] 27188  - [39m23/03/2026 20:57:22 [32m    LOG[39m [38;5;3m[InstanceLoader] [39m[32mBusinessModule dependencies initialized[39m[38;5;3m +1ms[39m
[32m[Nest] 27188  - [39m23/03/2026 20:57:22 [32m    LOG[39m [38;5;3m[InstanceLoader] [39m[32mAuthModule dependencies initialized[39m[38;5;3m +0ms[39m
[32m[Nest] 27188  - [39m23/03/2026 20:57:22 [32m    LOG[39m [38;5;3m[RoutesResolver] [39m[32mAuthController {/api/auth}:[39m[38;5;3m +34ms[39m
[32m[Nest] 27188  - [39m23/03/2026 20:57:22 [32m    LOG[39m [38;5;3m[RouterExplorer] [39m[32mMapped {/api/auth/google, GET} route[39m[38;5;3m +3ms[39m
[32m[Nest] 27188  - [39m23/03/2026 20:57:22 [32m    LOG[39m [38;5;3m[RouterExplorer] [39m[32mMapped {/api/auth/google/callback, GET} route[39m[38;5;3m +0ms[39m
[32m[Nest] 27188  - [39m23/03/2026 20:57:22 [32m    LOG[39m [38;5;3m[RouterExplorer] [39m[32mMapped {/api/auth/google/exchange, POST} route[39m[38;5;3m +1ms[39m
[32m[Nest] 27188  - [39m23/03/2026 20:57:22 [32m    LOG[39m [38;5;3m[RouterExplorer] [39m[32mMapped {/api/auth/register, POST} route[39m[38;5;3m +0ms[39m
[32m[Nest] 27188  - [39m23/03/2026 20:57:22 [32m    LOG[39m [38;5;3m[RouterExplorer] [39m[32mMapped {/api/auth/login, POST} route[39m[38;5;3m +0ms[39m
[32m[Nest] 27188  - [39m23/03/2026 20:57:22 [32m    LOG[39m [38;5;3m[RouterExplorer] [39m[32mMapped {/api/auth/2fa/setup, POST} route[39m[38;5;3m +0ms[39m
[32m[Nest] 27188  - [39m23/03/2026 20:57:22 [32m    LOG[39m [38;5;3m[RouterExplorer] [39m[32mMapped {/api/auth/2fa/verify, POST} route[39m[38;5;3m +1ms[39m
[32m[Nest] 27188  - [39m23/03/2026 20:57:22 [32m    LOG[39m [38;5;3m[RouterExplorer] [39m[32mMapped {/api/auth/2fa/disable, POST} route[39m[38;5;3m +0ms[39m
[32m[Nest] 27188  - [39m23/03/2026 20:57:22 [32m    LOG[39m [38;5;3m[RouterExplorer] [39m[32mMapped {/api/auth/2fa/login, POST} route[39m[38;5;3m +0ms[39m
[32m[Nest] 27188  - [39m23/03/2026 20:57:22 [32m    LOG[39m [38;5;3m[RouterExplorer] [39m[32mMapped {/api/auth/logout, POST} route[39m[38;5;3m +1ms[39m
[32m[Nest] 27188  - [39m23/03/2026 20:57:22 [32m    LOG[39m [38;5;3m[RouterExplorer] [39m[32mMapped {/api/auth/refresh, POST} route[39m[38;5;3m +0ms[39m
[32m[Nest] 27188  - [39m23/03/2026 20:57:22 [32m    LOG[39m [38;5;3m[RouterExplorer] [39m[32mMapped {/api/auth/forgot-password, POST} route[39m[38;5;3m +0ms[39m
[32m[Nest] 27188  - [39m23/03/2026 20:57:22 [32m    LOG[39m [38;5;3m[RouterExplorer] [39m[32mMapped {/api/auth/reset-password, POST} route[39m[38;5;3m +0ms[39m
[32m[Nest] 27188  - [39m23/03/2026 20:57:22 [32m    LOG[39m [38;5;3m[RouterExplorer] [39m[32mMapped {/api/auth/confirm-email/:token, GET} route[39m[38;5;3m +0ms[39m
[32m[Nest] 27188  - [39m23/03/2026 20:57:22 [32m    LOG[39m [38;5;3m[RouterExplorer] [39m[32mMapped {/api/auth/fetchuser, GET} route[39m[38;5;3m +0ms[39m
[32m[Nest] 27188  - [39m23/03/2026 20:57:22 [32m    LOG[39m [38;5;3m[RouterExplorer] [39m[32mMapped {/api/auth/fetchuserbyid, POST} route[39m[38;5;3m +1ms[39m
[32m[Nest] 27188  - [39m23/03/2026 20:57:22 [32m    LOG[39m [38;5;3m[RouterExplorer] [39m[32mMapped {/api/auth/update, PUT} route[39m[38;5;3m +0ms[39m
[32m[Nest] 27188  - [39m23/03/2026 20:57:22 [32m    LOG[39m [38;5;3m[RouterExplorer] [39m[32mMapped {/api/auth/update, PATCH} route[39m[38;5;3m +0ms[39m
[32m[Nest] 27188  - [39m23/03/2026 20:57:22 [32m    LOG[39m [38;5;3m[RouterExplorer] [39m[32mMapped {/api/auth/delete, DELETE} route[39m[38;5;3m +0ms[39m
[32m[Nest] 27188  - [39m23/03/2026 20:57:22 [32m    LOG[39m [38;5;3m[RouterExplorer] [39m[32mMapped {/api/auth/users/:id, DELETE} route[39m[38;5;3m +0ms[39m
[32m[Nest] 27188  - [39m23/03/2026 20:57:22 [32m    LOG[39m [38;5;3m[RouterExplorer] [39m[32mMapped {/api/auth/users, GET} route[39m[38;5;3m +0ms[39m
[32m[Nest] 27188  - [39m23/03/2026 20:57:22 [32m    LOG[39m [38;5;3m[RouterExplorer] [39m[32mMapped {/api/auth/resend-confirmation-email, POST} route[39m[38;5;3m +1ms[39m
[32m[Nest] 27188  - [39m23/03/2026 20:57:22 [32m    LOG[39m [38;5;3m[RouterExplorer] [39m[32mMapped {/api/auth/change-role, PATCH} route[39m[38;5;3m +0ms[39m
[32m[Nest] 27188  - [39m23/03/2026 20:57:22 [32m    LOG[39m [38;5;3m[RouterExplorer] [39m[32mMapped {/api/auth/users/:id/ban, PATCH} route[39m[38;5;3m +0ms[39m
[32m[Nest] 27188  - [39m23/03/2026 20:57:22 [32m    LOG[39m [38;5;3m[RouterExplorer] [39m[32mMapped {/api/auth/users/:id/unban, PATCH} route[39m[38;5;3m +0ms[39m
[32m[Nest] 27188  - [39m23/03/2026 20:57:22 [32m    LOG[39m [38;5;3m[RoutesResolver] [39m[32mBusinessController {/api/business}:[39m[38;5;3m +0ms[39m
[32m[Nest] 27188  - [39m23/03/2026 20:57:22 [32m    LOG[39m [38;5;3m[RouterExplorer] [39m[32mMapped {/api/business/apply, POST} route[39m[38;5;3m +0ms[39m
[32m[Nest] 27188  - [39m23/03/2026 20:57:22 [32m    LOG[39m [38;5;3m[RouterExplorer] [39m[32mMapped {/api/business/applications, GET} route[39m[38;5;3m +0ms[39m
[32m[Nest] 27188  - [39m23/03/2026 20:57:22 [32m    LOG[39m [38;5;3m[RouterExplorer] [39m[32mMapped {/api/business/applications/:id/review, POST} route[39m[38;5;3m +1ms[39m
[32m[Nest] 27188  - [39m23/03/2026 20:57:22 [32m    LOG[39m [38;5;3m[RouterExplorer] [39m[32mMapped {/api/business/my, GET} route[39m[38;5;3m +0ms[39m
[32m[Nest] 27188  - [39m23/03/2026 20:57:22 [32m    LOG[39m [38;5;3m[RouterExplorer] [39m[32mMapped {/api/business/all, GET} route[39m[38;5;3m +0ms[39m
[32m[Nest] 27188  - [39m23/03/2026 20:57:22 [32m    LOG[39m [38;5;3m[RouterExplorer] [39m[32mMapped {/api/business/:id/tenant/metadata, GET} route[39m[38;5;3m +0ms[39m
[32m[Nest] 27188  - [39m23/03/2026 20:57:22 [32m    LOG[39m [38;5;3m[RouterExplorer] [39m[32mMapped {/api/business/:id, GET} route[39m[38;5;3m +0ms[39m
[32m[Nest] 27188  - [39m23/03/2026 20:57:22 [32m    LOG[39m [38;5;3m[RouterExplorer] [39m[32mMapped {/api/business/:id, PUT} route[39m[38;5;3m +0ms[39m
[32m[Nest] 27188  - [39m23/03/2026 20:57:22 [32m    LOG[39m [38;5;3m[RouterExplorer] [39m[32mMapped {/api/business/:id, DELETE} route[39m[38;5;3m +0ms[39m
[32m[Nest] 27188  - [39m23/03/2026 20:57:22 [32m    LOG[39m [38;5;3m[RouterExplorer] [39m[32mMapped {/api/business/:id/users, POST} route[39m[38;5;3m +0ms[39m
[32m[Nest] 27188  - [39m23/03/2026 20:57:22 [32m    LOG[39m [38;5;3m[RouterExplorer] [39m[32mMapped {/api/business/:id/users/:userId, DELETE} route[39m[38;5;3m +1ms[39m
[32m[Nest] 27188  - [39m23/03/2026 20:57:22 [32m    LOG[39m [38;5;3m[RoutesResolver] [39m[32mEmailController {/api/email}:[39m[38;5;3m +0ms[39m
[32m[Nest] 27188  - [39m23/03/2026 20:57:22 [32m    LOG[39m [38;5;3m[RouterExplorer] [39m[32mMapped {/api/email/send, POST} route[39m[38;5;3m +0ms[39m
[32m[Nest] 27188  - [39m23/03/2026 20:57:22 [32m    LOG[39m [38;5;3m[RouterExplorer] [39m[32mMapped {/api/email/test, POST} route[39m[38;5;3m +0ms[39m
[32m[Nest] 27188  - [39m23/03/2026 20:57:22 [32m    LOG[39m [38;5;3m[NestApplication] [39m[32mNest application successfully started[39m[38;5;3m +2ms[39m
🚀 API running on http://localhost:4790/api/docs
🔐 submitBusinessApplication - Current User: {
  id: '69a5abac0ddcffcc19593eaa',
  email: 'hibakhadraoui314@gmail.com',
  role: 'CLIENT'
}
📝 submitBusinessApplication called with userId: 69a5abac0ddcffcc19593eaa
📝 Application data: CreateBusinessApplicationDto {
  businessName: 'hayfa test',
  description: 'tosssssssssssssssssssssss',
  website: undefined,
  phone: '95616213'
}
📝 Saving application: {
  businessName: 'hayfa test',
  description: 'tosssssssssssssssssssssss',
  phone: '95616213',
  applicantId: '69a5abac0ddcffcc19593eaa',
  status: 'pending',
  _id: new ObjectId('69c19b4e7b5d73e83c5ce307')
}
❌ Error in submitBusinessApplication: MongoServerError: E11000 duplicate key error collection: Accountia.business_applications index: userId_1 dup key: { userId: null }
    at InsertOneOperation.handleOk (C:\Users\Asus\Desktop\accountia-api\node_modules\mongoose\node_modules\mongodb\src\operations\insert.ts:79:13)
    at tryOperation (C:\Users\Asus\Desktop\accountia-api\node_modules\mongoose\node_modules\mongodb\src\operations\execute_operation.ts:295:26)
    at process.processTicksAndRejections (node:internal/process/task_queues:105:5)
    at async executeOperation (C:\Users\Asus\Desktop\accountia-api\node_modules\mongoose\node_modules\mongodb\src\operations\execute_operation.ts:123:12)
    at async Collection.insertOne (C:\Users\Asus\Desktop\accountia-api\node_modules\mongoose\node_modules\mongodb\src\collection.ts:294:12)
    at async model.$__save (C:\Users\Asus\Desktop\accountia-api\node_modules\mongoose\lib\model.js:425:16)
    at async model.save (C:\Users\Asus\Desktop\accountia-api\node_modules\mongoose\lib\model.js:664:5)
    at async BusinessService.submitBusinessApplication (C:\Users\Asus\Desktop\accountia-api\src\business\business.service.ts:86:32)
    at async BusinessController.submitBusinessApplication (C:\Users\Asus\Desktop\accountia-api\src\business\business.controller.ts:97:14)
    at async C:\Users\Asus\Desktop\accountia-api\node_modules\@nestjs\core\router\router-execution-context.js:46:28 {
  errorLabelSet: Set(0) {},
  errorResponse: {
    index: 0,
    code: 11000,
    errmsg: 'E11000 duplicate key error collection: Accountia.business_applications index: userId_1 dup key: { userId: null }',
    keyPattern: { userId: 1 },
    keyValue: { userId: null }
  },
  index: 0,
  code: 11000,
  keyPattern: { userId: 1 },
  keyValue: { userId: null }
}
CRASH IN submitBusinessApplication: MongoServerError: E11000 duplicate key error collection: Accountia.business_applications index: userId_1 dup key: { userId: null }
    at InsertOneOperation.handleOk (C:\Users\Asus\Desktop\accountia-api\node_modules\mongoose\node_modules\mongodb\src\operations\insert.ts:79:13)
    at tryOperation (C:\Users\Asus\Desktop\accountia-api\node_modules\mongoose\node_modules\mongodb\src\operations\execute_operation.ts:295:26)
    at process.processTicksAndRejections (node:internal/process/task_queues:105:5)
    at async executeOperation (C:\Users\Asus\Desktop\accountia-api\node_modules\mongoose\node_modules\mongodb\src\operations\execute_operation.ts:123:12)
    at async Collection.insertOne (C:\Users\Asus\Desktop\accountia-api\node_modules\mongoose\node_modules\mongodb\src\collection.ts:294:12)
    at async model.$__save (C:\Users\Asus\Desktop\accountia-api\node_modules\mongoose\lib\model.js:425:16)
    at async model.save (C:\Users\Asus\Desktop\accountia-api\node_modules\mongoose\lib\model.js:664:5)
    at async BusinessService.submitBusinessApplication (C:\Users\Asus\Desktop\accountia-api\src\business\business.service.ts:86:32)
    at async BusinessController.submitBusinessApplication (C:\Users\Asus\Desktop\accountia-api\src\business\business.controller.ts:97:14)
    at async C:\Users\Asus\Desktop\accountia-api\node_modules\@nestjs\core\router\router-execution-context.js:46:28 {
  errorLabelSet: Set(0) {},
  errorResponse: {
    index: 0,
    code: 11000,
    errmsg: 'E11000 duplicate key error collection: Accountia.business_applications index: userId_1 dup key: { userId: null }',
    keyPattern: { userId: 1 },
    keyValue: { userId: null }
  },
  index: 0,
  code: 11000,
  keyPattern: { userId: 1 },
  keyValue: { userId: null }
}
[31m[Nest] 27188  - [39m23/03/2026 20:58:06 [31m  ERROR[39m [38;5;3m[ExceptionsHandler] [39mMongoServerError: E11000 duplicate key error collection: Accountia.business_applications index: userId_1 dup key: { userId: null }
    at InsertOneOperation.handleOk [90m(C:\Users\Asus\Desktop\accountia-api\[39mnode_modules\[4mmongoose[24m\node_modules\[4mmongodb[24m\src\operations\insert.ts:79:13[90m)[39m
    at tryOperation [90m(C:\Users\Asus\Desktop\accountia-api\[39mnode_modules\[4mmongoose[24m\node_modules\[4mmongodb[24m\src\operations\execute_operation.ts:295:26[90m)[39m
[90m    at process.processTicksAndRejections (node:internal/process/task_queues:105:5)[39m
    at async executeOperation [90m(C:\Users\Asus\Desktop\accountia-api\[39mnode_modules\[4mmongoose[24m\node_modules\[4mmongodb[24m\src\operations\execute_operation.ts:123:12[90m)[39m
    at async Collection.insertOne [90m(C:\Users\Asus\Desktop\accountia-api\[39mnode_modules\[4mmongoose[24m\node_modules\[4mmongodb[24m\src\collection.ts:294:12[90m)[39m
    at async model.$__save [90m(C:\Users\Asus\Desktop\accountia-api\[39mnode_modules\[4mmongoose[24m\lib\model.js:425:16[90m)[39m
    at async model.save [90m(C:\Users\Asus\Desktop\accountia-api\[39mnode_modules\[4mmongoose[24m\lib\model.js:664:5[90m)[39m
    at async BusinessService.submitBusinessApplication [90m(C:\Users\Asus\Desktop\accountia-api\[39msrc\business\business.service.ts:86:32[90m)[39m
    at async BusinessController.submitBusinessApplication [90m(C:\Users\Asus\Desktop\accountia-api\[39msrc\business\business.controller.ts:97:14[90m)[39m
    at async [90mC:\Users\Asus\Desktop\accountia-api\[39mnode_modules\[4m@nestjs[24m\core\router\router-execution-context.js:46:28 {
  errorLabelSet: Set(0) {},
  errorResponse: {
    index: [33m0[39m,
    code: [33m11000[39m,
    errmsg: [32m'E11000 duplicate key error collection: Accountia.business_applications index: userId_1 dup key: { userId: null }'[39m,
    keyPattern: {
      userId: [33m1[39m
    },
    keyValue: {
      userId: [1mnull[22m
    }
  },
  index: [33m0[39m,
  code: [33m11000[39m,
  keyPattern: {
    userId: [33m1[39m
  },
  keyValue: {
    userId: [1mnull[22m
  }
}
[2J[3J[H[[90m21:03:43[0m] File change detected. Starting incremental compilation...

[[90m21:03:46[0m] Found 0 errors. Watching for file changes.

[32m[Nest] 8156  - [39m23/03/2026 21:03:48 [32m    LOG[39m [38;5;3m[NestFactory] [39m[32mStarting Nest application...[39m
[32m[Nest] 8156  - [39m23/03/2026 21:03:48 [32m    LOG[39m [38;5;3m[InstanceLoader] [39m[32mAppModule dependencies initialized[39m[38;5;3m +17ms[39m
[32m[Nest] 8156  - [39m23/03/2026 21:03:48 [32m    LOG[39m [38;5;3m[InstanceLoader] [39m[32mMongooseModule dependencies initialized[39m[38;5;3m +0ms[39m
[32m[Nest] 8156  - [39m23/03/2026 21:03:48 [32m    LOG[39m [38;5;3m[InstanceLoader] [39m[32mPassportModule dependencies initialized[39m[38;5;3m +0ms[39m
[32m[Nest] 8156  - [39m23/03/2026 21:03:48 [32m    LOG[39m [38;5;3m[InstanceLoader] [39m[32mConfigHostModule dependencies initialized[39m[38;5;3m +0ms[39m
[32m[Nest] 8156  - [39m23/03/2026 21:03:48 [32m    LOG[39m [38;5;3m[EmailService] [39m[32mEmail transporter initialized with Gmail SMTP[39m
[32m[Nest] 8156  - [39m23/03/2026 21:03:48 [32m    LOG[39m [38;5;3m[InstanceLoader] [39m[32mConfigModule dependencies initialized[39m[38;5;3m +1ms[39m
[32m[Nest] 8156  - [39m23/03/2026 21:03:48 [32m    LOG[39m [38;5;3m[InstanceLoader] [39m[32mConfigModule dependencies initialized[39m[38;5;3m +0ms[39m
[32m[Nest] 8156  - [39m23/03/2026 21:03:48 [32m    LOG[39m [38;5;3m[InstanceLoader] [39m[32mJwtModule dependencies initialized[39m[38;5;3m +14ms[39m
[32m[Nest] 8156  - [39m23/03/2026 21:03:48 [32m    LOG[39m [38;5;3m[InstanceLoader] [39m[32mEmailModule dependencies initialized[39m[38;5;3m +0ms[39m
[32m[Nest] 8156  - [39m23/03/2026 21:03:51 [32m    LOG[39m [38;5;3m[InstanceLoader] [39m[32mMongooseCoreModule dependencies initialized[39m[38;5;3m +3719ms[39m
[32m[Nest] 8156  - [39m23/03/2026 21:03:51 [32m    LOG[39m [38;5;3m[InstanceLoader] [39m[32mMongooseModule dependencies initialized[39m[38;5;3m +4ms[39m
[32m[Nest] 8156  - [39m23/03/2026 21:03:51 [32m    LOG[39m [38;5;3m[InstanceLoader] [39m[32mMongooseModule dependencies initialized[39m[38;5;3m +0ms[39m
[32m[Nest] 8156  - [39m23/03/2026 21:03:51 [32m    LOG[39m [38;5;3m[InstanceLoader] [39m[32mBusinessModule dependencies initialized[39m[38;5;3m +2ms[39m
[32m[Nest] 8156  - [39m23/03/2026 21:03:51 [32m    LOG[39m [38;5;3m[InstanceLoader] [39m[32mAuthModule dependencies initialized[39m[38;5;3m +0ms[39m
[32m[Nest] 8156  - [39m23/03/2026 21:03:51 [32m    LOG[39m [38;5;3m[RoutesResolver] [39m[32mAuthController {/api/auth}:[39m[38;5;3m +33ms[39m
[32m[Nest] 8156  - [39m23/03/2026 21:03:51 [32m    LOG[39m [38;5;3m[RouterExplorer] [39m[32mMapped {/api/auth/google, GET} route[39m[38;5;3m +3ms[39m
[32m[Nest] 8156  - [39m23/03/2026 21:03:51 [32m    LOG[39m [38;5;3m[RouterExplorer] [39m[32mMapped {/api/auth/google/callback, GET} route[39m[38;5;3m +0ms[39m
[32m[Nest] 8156  - [39m23/03/2026 21:03:51 [32m    LOG[39m [38;5;3m[RouterExplorer] [39m[32mMapped {/api/auth/google/exchange, POST} route[39m[38;5;3m +1ms[39m
[32m[Nest] 8156  - [39m23/03/2026 21:03:51 [32m    LOG[39m [38;5;3m[RouterExplorer] [39m[32mMapped {/api/auth/register, POST} route[39m[38;5;3m +0ms[39m
[32m[Nest] 8156  - [39m23/03/2026 21:03:51 [32m    LOG[39m [38;5;3m[RouterExplorer] [39m[32mMapped {/api/auth/login, POST} route[39m[38;5;3m +0ms[39m
[32m[Nest] 8156  - [39m23/03/2026 21:03:51 [32m    LOG[39m [38;5;3m[RouterExplorer] [39m[32mMapped {/api/auth/2fa/setup, POST} route[39m[38;5;3m +0ms[39m
[32m[Nest] 8156  - [39m23/03/2026 21:03:51 [32m    LOG[39m [38;5;3m[RouterExplorer] [39m[32mMapped {/api/auth/2fa/verify, POST} route[39m[38;5;3m +1ms[39m
[32m[Nest] 8156  - [39m23/03/2026 21:03:51 [32m    LOG[39m [38;5;3m[RouterExplorer] [39m[32mMapped {/api/auth/2fa/disable, POST} route[39m[38;5;3m +0ms[39m
[32m[Nest] 8156  - [39m23/03/2026 21:03:51 [32m    LOG[39m [38;5;3m[RouterExplorer] [39m[32mMapped {/api/auth/2fa/login, POST} route[39m[38;5;3m +0ms[39m
[32m[Nest] 8156  - [39m23/03/2026 21:03:51 [32m    LOG[39m [38;5;3m[RouterExplorer] [39m[32mMapped {/api/auth/logout, POST} route[39m[38;5;3m +0ms[39m
[32m[Nest] 8156  - [39m23/03/2026 21:03:51 [32m    LOG[39m [38;5;3m[RouterExplorer] [39m[32mMapped {/api/auth/refresh, POST} route[39m[38;5;3m +0ms[39m
[32m[Nest] 8156  - [39m23/03/2026 21:03:51 [32m    LOG[39m [38;5;3m[RouterExplorer] [39m[32mMapped {/api/auth/forgot-password, POST} route[39m[38;5;3m +1ms[39m
[32m[Nest] 8156  - [39m23/03/2026 21:03:51 [32m    LOG[39m [38;5;3m[RouterExplorer] [39m[32mMapped {/api/auth/reset-password, POST} route[39m[38;5;3m +0ms[39m
[32m[Nest] 8156  - [39m23/03/2026 21:03:51 [32m    LOG[39m [38;5;3m[RouterExplorer] [39m[32mMapped {/api/auth/confirm-email/:token, GET} route[39m[38;5;3m +0ms[39m
[32m[Nest] 8156  - [39m23/03/2026 21:03:51 [32m    LOG[39m [38;5;3m[RouterExplorer] [39m[32mMapped {/api/auth/fetchuser, GET} route[39m[38;5;3m +0ms[39m
[32m[Nest] 8156  - [39m23/03/2026 21:03:51 [32m    LOG[39m [38;5;3m[RouterExplorer] [39m[32mMapped {/api/auth/fetchuserbyid, POST} route[39m[38;5;3m +0ms[39m
[32m[Nest] 8156  - [39m23/03/2026 21:03:51 [32m    LOG[39m [38;5;3m[RouterExplorer] [39m[32mMapped {/api/auth/update, PUT} route[39m[38;5;3m +1ms[39m
[32m[Nest] 8156  - [39m23/03/2026 21:03:51 [32m    LOG[39m [38;5;3m[RouterExplorer] [39m[32mMapped {/api/auth/update, PATCH} route[39m[38;5;3m +0ms[39m
[32m[Nest] 8156  - [39m23/03/2026 21:03:51 [32m    LOG[39m [38;5;3m[RouterExplorer] [39m[32mMapped {/api/auth/delete, DELETE} route[39m[38;5;3m +0ms[39m
[32m[Nest] 8156  - [39m23/03/2026 21:03:51 [32m    LOG[39m [38;5;3m[RouterExplorer] [39m[32mMapped {/api/auth/users/:id, DELETE} route[39m[38;5;3m +0ms[39m
[32m[Nest] 8156  - [39m23/03/2026 21:03:51 [32m    LOG[39m [38;5;3m[RouterExplorer] [39m[32mMapped {/api/auth/users, GET} route[39m[38;5;3m +0ms[39m
[32m[Nest] 8156  - [39m23/03/2026 21:03:51 [32m    LOG[39m [38;5;3m[RouterExplorer] [39m[32mMapped {/api/auth/resend-confirmation-email, POST} route[39m[38;5;3m +0ms[39m
[32m[Nest] 8156  - [39m23/03/2026 21:03:51 [32m    LOG[39m [38;5;3m[RouterExplorer] [39m[32mMapped {/api/auth/change-role, PATCH} route[39m[38;5;3m +0ms[39m
[32m[Nest] 8156  - [39m23/03/2026 21:03:51 [32m    LOG[39m [38;5;3m[RouterExplorer] [39m[32mMapped {/api/auth/users/:id/ban, PATCH} route[39m[38;5;3m +1ms[39m
[32m[Nest] 8156  - [39m23/03/2026 21:03:51 [32m    LOG[39m [38;5;3m[RouterExplorer] [39m[32mMapped {/api/auth/users/:id/unban, PATCH} route[39m[38;5;3m +0ms[39m
[32m[Nest] 8156  - [39m23/03/2026 21:03:51 [32m    LOG[39m [38;5;3m[RoutesResolver] [39m[32mBusinessController {/api/business}:[39m[38;5;3m +0ms[39m
[32m[Nest] 8156  - [39m23/03/2026 21:03:51 [32m    LOG[39m [38;5;3m[RouterExplorer] [39m[32mMapped {/api/business/apply, POST} route[39m[38;5;3m +0ms[39m
[32m[Nest] 8156  - [39m23/03/2026 21:03:51 [32m    LOG[39m [38;5;3m[RouterExplorer] [39m[32mMapped {/api/business/applications, GET} route[39m[38;5;3m +0ms[39m
[32m[Nest] 8156  - [39m23/03/2026 21:03:51 [32m    LOG[39m [38;5;3m[RouterExplorer] [39m[32mMapped {/api/business/applications/:id/review, POST} route[39m[38;5;3m +0ms[39m
[32m[Nest] 8156  - [39m23/03/2026 21:03:51 [32m    LOG[39m [38;5;3m[RouterExplorer] [39m[32mMapped {/api/business/my, GET} route[39m[38;5;3m +0ms[39m
[32m[Nest] 8156  - [39m23/03/2026 21:03:51 [32m    LOG[39m [38;5;3m[RouterExplorer] [39m[32mMapped {/api/business/all, GET} route[39m[38;5;3m +0ms[39m
[32m[Nest] 8156  - [39m23/03/2026 21:03:51 [32m    LOG[39m [38;5;3m[RouterExplorer] [39m[32mMapped {/api/business/:id/tenant/metadata, GET} route[39m[38;5;3m +1ms[39m
[32m[Nest] 8156  - [39m23/03/2026 21:03:51 [32m    LOG[39m [38;5;3m[RouterExplorer] [39m[32mMapped {/api/business/:id, GET} route[39m[38;5;3m +0ms[39m
[32m[Nest] 8156  - [39m23/03/2026 21:03:51 [32m    LOG[39m [38;5;3m[RouterExplorer] [39m[32mMapped {/api/business/:id, PUT} route[39m[38;5;3m +0ms[39m
[32m[Nest] 8156  - [39m23/03/2026 21:03:51 [32m    LOG[39m [38;5;3m[RouterExplorer] [39m[32mMapped {/api/business/:id, DELETE} route[39m[38;5;3m +0ms[39m
[32m[Nest] 8156  - [39m23/03/2026 21:03:51 [32m    LOG[39m [38;5;3m[RouterExplorer] [39m[32mMapped {/api/business/:id/users, POST} route[39m[38;5;3m +0ms[39m
[32m[Nest] 8156  - [39m23/03/2026 21:03:51 [32m    LOG[39m [38;5;3m[RouterExplorer] [39m[32mMapped {/api/business/:id/users/:userId, DELETE} route[39m[38;5;3m +0ms[39m
[32m[Nest] 8156  - [39m23/03/2026 21:03:51 [32m    LOG[39m [38;5;3m[RoutesResolver] [39m[32mEmailController {/api/email}:[39m[38;5;3m +0ms[39m
[32m[Nest] 8156  - [39m23/03/2026 21:03:51 [32m    LOG[39m [38;5;3m[RouterExplorer] [39m[32mMapped {/api/email/send, POST} route[39m[38;5;3m +0ms[39m
[32m[Nest] 8156  - [39m23/03/2026 21:03:51 [32m    LOG[39m [38;5;3m[RouterExplorer] [39m[32mMapped {/api/email/test, POST} route[39m[38;5;3m +1ms[39m
[32m[Nest] 8156  - [39m23/03/2026 21:03:51 [32m    LOG[39m [38;5;3m[NestApplication] [39m[32mNest application successfully started[39m[38;5;3m +2ms[39m
🚀 API running on http://localhost:4790/api/docs
🔐 submitBusinessApplication - Current User: {
  id: '69a5abac0ddcffcc19593eaa',
  email: 'hibakhadraoui314@gmail.com',
  role: 'CLIENT'
}
📝 submitBusinessApplication called with userId: 69a5abac0ddcffcc19593eaa
📝 Application data: CreateBusinessApplicationDto {
  businessName: 'hayfa test',
  description: 'tosssssssssssssssssssssss',
  website: undefined,
  phone: '95616213'
}
📝 Saving application: {
  businessName: 'hayfa test',
  description: 'tosssssssssssssssssssssss',
  phone: '95616213',
  applicantId: '69a5abac0ddcffcc19593eaa',
  status: 'pending',
  _id: new ObjectId('69c19caea42073ed8425e985')
}
✅ Application saved: new ObjectId('69c19caea42073ed8425e985')
[32m[Nest] 8156  - [39m23/03/2026 21:03:58 [32m    LOG[39m [38;5;3m[EmailService] [39m[32msendBusinessApplicationEmail called for applicant: 69a5abac0ddcffcc19593eaa, business: hayfa test[39m
[2J[3J[H[[90m21:11:12[0m] File change detected. Starting incremental compilation...

[96msrc/business/business.controller.ts[0m:[93m98[0m:[93m7[0m - [91merror[0m[90m TS2345: [0mArgument of type 'string' is not assignable to parameter of type '{ id: string; email: string; firstName?: string | undefined; lastName?: string | undefined; }'.

[7m98[0m       user.id
[7m  [0m [91m      ~~~~~~~[0m

[96msrc/business/business.service.ts[0m:[93m98[0m:[93m11[0m - [91merror[0m[90m TS2554: [0mExpected 2 arguments, but got 3.

[7m98[0m           savedApplication.businessName
[7m  [0m [91m          ~~~~~~~~~~~~~~~~~~~~~~~~~~~~~[0m

[96msrc/business/business.service.ts[0m:[93m205[0m:[93m11[0m - [91merror[0m[90m TS2554: [0mExpected 2 arguments, but got 3.

[7m205[0m           approvedBusinessName
[7m   [0m [91m          ~~~~~~~~~~~~~~~~~~~~[0m

[96msrc/business/business.service.ts[0m:[93m217[0m:[93m11[0m - [91merror[0m[90m TS2554: [0mExpected 3 arguments, but got 4.

[7m217[0m           reviewDto.reviewNotes || 'Application has been rejected'
[7m   [0m [91m          ~~~~~~~~~~~~~~~~~~~~~~~~~~~~~~~~~~~~~~~~~~~~~~~~~~~~~~~~[0m

[[90m21:11:16[0m] Found 4 errors. Watching for file changes.

[2J[3J[H[[90m21:11:37[0m] File change detected. Starting incremental compilation...

[96msrc/business/business.service.ts[0m:[93m98[0m:[93m11[0m - [91merror[0m[90m TS2554: [0mExpected 2 arguments, but got 3.

[7m98[0m           savedApplication.businessName
[7m  [0m [91m          ~~~~~~~~~~~~~~~~~~~~~~~~~~~~~[0m

[96msrc/business/business.service.ts[0m:[93m205[0m:[93m11[0m - [91merror[0m[90m TS2554: [0mExpected 2 arguments, but got 3.

[7m205[0m           approvedBusinessName
[7m   [0m [91m          ~~~~~~~~~~~~~~~~~~~~[0m

[96msrc/business/business.service.ts[0m:[93m217[0m:[93m11[0m - [91merror[0m[90m TS2554: [0mExpected 3 arguments, but got 4.

[7m217[0m           reviewDto.reviewNotes || 'Application has been rejected'
[7m   [0m [91m          ~~~~~~~~~~~~~~~~~~~~~~~~~~~~~~~~~~~~~~~~~~~~~~~~~~~~~~~~[0m

[[90m21:11:40[0m] Found 3 errors. Watching for file changes.

[2J[3J[H[[90m21:12:10[0m] File change detected. Starting incremental compilation...

[[90m21:12:13[0m] Found 0 errors. Watching for file changes.

[32m[Nest] 29200  - [39m23/03/2026 21:12:16 [32m    LOG[39m [38;5;3m[NestFactory] [39m[32mStarting Nest application...[39m
[32m[Nest] 29200  - [39m23/03/2026 21:12:16 [32m    LOG[39m [38;5;3m[InstanceLoader] [39m[32mAppModule dependencies initialized[39m[38;5;3m +17ms[39m
[32m[Nest] 29200  - [39m23/03/2026 21:12:16 [32m    LOG[39m [38;5;3m[InstanceLoader] [39m[32mMongooseModule dependencies initialized[39m[38;5;3m +0ms[39m
[32m[Nest] 29200  - [39m23/03/2026 21:12:16 [32m    LOG[39m [38;5;3m[InstanceLoader] [39m[32mPassportModule dependencies initialized[39m[38;5;3m +0ms[39m
[32m[Nest] 29200  - [39m23/03/2026 21:12:16 [32m    LOG[39m [38;5;3m[InstanceLoader] [39m[32mConfigHostModule dependencies initialized[39m[38;5;3m +0ms[39m
[32m[Nest] 29200  - [39m23/03/2026 21:12:16 [32m    LOG[39m [38;5;3m[EmailService] [39m[32mEmail transporter initialized with Gmail SMTP[39m
[32m[Nest] 29200  - [39m23/03/2026 21:12:16 [32m    LOG[39m [38;5;3m[InstanceLoader] [39m[32mConfigModule dependencies initialized[39m[38;5;3m +1ms[39m
[32m[Nest] 29200  - [39m23/03/2026 21:12:16 [32m    LOG[39m [38;5;3m[InstanceLoader] [39m[32mConfigModule dependencies initialized[39m[38;5;3m +0ms[39m
[32m[Nest] 29200  - [39m23/03/2026 21:12:16 [32m    LOG[39m [38;5;3m[InstanceLoader] [39m[32mJwtModule dependencies initialized[39m[38;5;3m +12ms[39m
[32m[Nest] 29200  - [39m23/03/2026 21:12:16 [32m    LOG[39m [38;5;3m[InstanceLoader] [39m[32mEmailModule dependencies initialized[39m[38;5;3m +1ms[39m
[32m[Nest] 29200  - [39m23/03/2026 21:12:21 [32m    LOG[39m [38;5;3m[InstanceLoader] [39m[32mMongooseCoreModule dependencies initialized[39m[38;5;3m +4999ms[39m
[32m[Nest] 29200  - [39m23/03/2026 21:12:21 [32m    LOG[39m [38;5;3m[InstanceLoader] [39m[32mMongooseModule dependencies initialized[39m[38;5;3m +4ms[39m
[32m[Nest] 29200  - [39m23/03/2026 21:12:21 [32m    LOG[39m [38;5;3m[InstanceLoader] [39m[32mMongooseModule dependencies initialized[39m[38;5;3m +0ms[39m
[32m[Nest] 29200  - [39m23/03/2026 21:12:21 [32m    LOG[39m [38;5;3m[InstanceLoader] [39m[32mBusinessModule dependencies initialized[39m[38;5;3m +1ms[39m
[32m[Nest] 29200  - [39m23/03/2026 21:12:21 [32m    LOG[39m [38;5;3m[InstanceLoader] [39m[32mAuthModule dependencies initialized[39m[38;5;3m +0ms[39m
[32m[Nest] 29200  - [39m23/03/2026 21:12:21 [32m    LOG[39m [38;5;3m[RoutesResolver] [39m[32mAuthController {/api/auth}:[39m[38;5;3m +34ms[39m
[32m[Nest] 29200  - [39m23/03/2026 21:12:21 [32m    LOG[39m [38;5;3m[RouterExplorer] [39m[32mMapped {/api/auth/google, GET} route[39m[38;5;3m +2ms[39m
[32m[Nest] 29200  - [39m23/03/2026 21:12:21 [32m    LOG[39m [38;5;3m[RouterExplorer] [39m[32mMapped {/api/auth/google/callback, GET} route[39m[38;5;3m +1ms[39m
[32m[Nest] 29200  - [39m23/03/2026 21:12:21 [32m    LOG[39m [38;5;3m[RouterExplorer] [39m[32mMapped {/api/auth/google/exchange, POST} route[39m[38;5;3m +0ms[39m
[32m[Nest] 29200  - [39m23/03/2026 21:12:21 [32m    LOG[39m [38;5;3m[RouterExplorer] [39m[32mMapped {/api/auth/register, POST} route[39m[38;5;3m +0ms[39m
[32m[Nest] 29200  - [39m23/03/2026 21:12:21 [32m    LOG[39m [38;5;3m[RouterExplorer] [39m[32mMapped {/api/auth/login, POST} route[39m[38;5;3m +1ms[39m
[32m[Nest] 29200  - [39m23/03/2026 21:12:21 [32m    LOG[39m [38;5;3m[RouterExplorer] [39m[32mMapped {/api/auth/2fa/setup, POST} route[39m[38;5;3m +0ms[39m
[32m[Nest] 29200  - [39m23/03/2026 21:12:21 [32m    LOG[39m [38;5;3m[RouterExplorer] [39m[32mMapped {/api/auth/2fa/verify, POST} route[39m[38;5;3m +0ms[39m
[32m[Nest] 29200  - [39m23/03/2026 21:12:21 [32m    LOG[39m [38;5;3m[RouterExplorer] [39m[32mMapped {/api/auth/2fa/disable, POST} route[39m[38;5;3m +0ms[39m
[32m[Nest] 29200  - [39m23/03/2026 21:12:21 [32m    LOG[39m [38;5;3m[RouterExplorer] [39m[32mMapped {/api/auth/2fa/login, POST} route[39m[38;5;3m +1ms[39m
[32m[Nest] 29200  - [39m23/03/2026 21:12:21 [32m    LOG[39m [38;5;3m[RouterExplorer] [39m[32mMapped {/api/auth/logout, POST} route[39m[38;5;3m +0ms[39m
[32m[Nest] 29200  - [39m23/03/2026 21:12:21 [32m    LOG[39m [38;5;3m[RouterExplorer] [39m[32mMapped {/api/auth/refresh, POST} route[39m[38;5;3m +0ms[39m
[32m[Nest] 29200  - [39m23/03/2026 21:12:21 [32m    LOG[39m [38;5;3m[RouterExplorer] [39m[32mMapped {/api/auth/forgot-password, POST} route[39m[38;5;3m +0ms[39m
[32m[Nest] 29200  - [39m23/03/2026 21:12:21 [32m    LOG[39m [38;5;3m[RouterExplorer] [39m[32mMapped {/api/auth/reset-password, POST} route[39m[38;5;3m +1ms[39m
[32m[Nest] 29200  - [39m23/03/2026 21:12:21 [32m    LOG[39m [38;5;3m[RouterExplorer] [39m[32mMapped {/api/auth/confirm-email/:token, GET} route[39m[38;5;3m +0ms[39m
[32m[Nest] 29200  - [39m23/03/2026 21:12:21 [32m    LOG[39m [38;5;3m[RouterExplorer] [39m[32mMapped {/api/auth/fetchuser, GET} route[39m[38;5;3m +0ms[39m
[32m[Nest] 29200  - [39m23/03/2026 21:12:21 [32m    LOG[39m [38;5;3m[RouterExplorer] [39m[32mMapped {/api/auth/fetchuserbyid, POST} route[39m[38;5;3m +0ms[39m
[32m[Nest] 29200  - [39m23/03/2026 21:12:21 [32m    LOG[39m [38;5;3m[RouterExplorer] [39m[32mMapped {/api/auth/update, PUT} route[39m[38;5;3m +1ms[39m
[32m[Nest] 29200  - [39m23/03/2026 21:12:21 [32m    LOG[39m [38;5;3m[RouterExplorer] [39m[32mMapped {/api/auth/update, PATCH} route[39m[38;5;3m +0ms[39m
[32m[Nest] 29200  - [39m23/03/2026 21:12:21 [32m    LOG[39m [38;5;3m[RouterExplorer] [39m[32mMapped {/api/auth/delete, DELETE} route[39m[38;5;3m +0ms[39m
[32m[Nest] 29200  - [39m23/03/2026 21:12:21 [32m    LOG[39m [38;5;3m[RouterExplorer] [39m[32mMapped {/api/auth/users/:id, DELETE} route[39m[38;5;3m +0ms[39m
[32m[Nest] 29200  - [39m23/03/2026 21:12:21 [32m    LOG[39m [38;5;3m[RouterExplorer] [39m[32mMapped {/api/auth/users, GET} route[39m[38;5;3m +0ms[39m
[32m[Nest] 29200  - [39m23/03/2026 21:12:21 [32m    LOG[39m [38;5;3m[RouterExplorer] [39m[32mMapped {/api/auth/resend-confirmation-email, POST} route[39m[38;5;3m +1ms[39m
[32m[Nest] 29200  - [39m23/03/2026 21:12:21 [32m    LOG[39m [38;5;3m[RouterExplorer] [39m[32mMapped {/api/auth/change-role, PATCH} route[39m[38;5;3m +0ms[39m
[32m[Nest] 29200  - [39m23/03/2026 21:12:21 [32m    LOG[39m [38;5;3m[RouterExplorer] [39m[32mMapped {/api/auth/users/:id/ban, PATCH} route[39m[38;5;3m +0ms[39m
[32m[Nest] 29200  - [39m23/03/2026 21:12:21 [32m    LOG[39m [38;5;3m[RouterExplorer] [39m[32mMapped {/api/auth/users/:id/unban, PATCH} route[39m[38;5;3m +0ms[39m
[32m[Nest] 29200  - [39m23/03/2026 21:12:21 [32m    LOG[39m [38;5;3m[RoutesResolver] [39m[32mBusinessController {/api/business}:[39m[38;5;3m +0ms[39m
[32m[Nest] 29200  - [39m23/03/2026 21:12:21 [32m    LOG[39m [38;5;3m[RouterExplorer] [39m[32mMapped {/api/business/apply, POST} route[39m[38;5;3m +0ms[39m
[32m[Nest] 29200  - [39m23/03/2026 21:12:21 [32m    LOG[39m [38;5;3m[RouterExplorer] [39m[32mMapped {/api/business/applications, GET} route[39m[38;5;3m +0ms[39m
[32m[Nest] 29200  - [39m23/03/2026 21:12:21 [32m    LOG[39m [38;5;3m[RouterExplorer] [39m[32mMapped {/api/business/applications/:id/review, POST} route[39m[38;5;3m +0ms[39m
[32m[Nest] 29200  - [39m23/03/2026 21:12:21 [32m    LOG[39m [38;5;3m[RouterExplorer] [39m[32mMapped {/api/business/my, GET} route[39m[38;5;3m +1ms[39m
[32m[Nest] 29200  - [39m23/03/2026 21:12:21 [32m    LOG[39m [38;5;3m[RouterExplorer] [39m[32mMapped {/api/business/all, GET} route[39m[38;5;3m +0ms[39m
[32m[Nest] 29200  - [39m23/03/2026 21:12:21 [32m    LOG[39m [38;5;3m[RouterExplorer] [39m[32mMapped {/api/business/:id/tenant/metadata, GET} route[39m[38;5;3m +0ms[39m
[32m[Nest] 29200  - [39m23/03/2026 21:12:21 [32m    LOG[39m [38;5;3m[RouterExplorer] [39m[32mMapped {/api/business/:id, GET} route[39m[38;5;3m +0ms[39m
[32m[Nest] 29200  - [39m23/03/2026 21:12:21 [32m    LOG[39m [38;5;3m[RouterExplorer] [39m[32mMapped {/api/business/:id, PUT} route[39m[38;5;3m +0ms[39m
[32m[Nest] 29200  - [39m23/03/2026 21:12:21 [32m    LOG[39m [38;5;3m[RouterExplorer] [39m[32mMapped {/api/business/:id, DELETE} route[39m[38;5;3m +0ms[39m
[32m[Nest] 29200  - [39m23/03/2026 21:12:21 [32m    LOG[39m [38;5;3m[RouterExplorer] [39m[32mMapped {/api/business/:id/users, POST} route[39m[38;5;3m +0ms[39m
[32m[Nest] 29200  - [39m23/03/2026 21:12:21 [32m    LOG[39m [38;5;3m[RouterExplorer] [39m[32mMapped {/api/business/:id/users/:userId, DELETE} route[39m[38;5;3m +0ms[39m
[32m[Nest] 29200  - [39m23/03/2026 21:12:21 [32m    LOG[39m [38;5;3m[RoutesResolver] [39m[32mEmailController {/api/email}:[39m[38;5;3m +1ms[39m
[32m[Nest] 29200  - [39m23/03/2026 21:12:21 [32m    LOG[39m [38;5;3m[RouterExplorer] [39m[32mMapped {/api/email/send, POST} route[39m[38;5;3m +0ms[39m
[32m[Nest] 29200  - [39m23/03/2026 21:12:21 [32m    LOG[39m [38;5;3m[RouterExplorer] [39m[32mMapped {/api/email/test, POST} route[39m[38;5;3m +0ms[39m
[32m[Nest] 29200  - [39m23/03/2026 21:12:21 [32m    LOG[39m [38;5;3m[NestApplication] [39m[32mNest application successfully started[39m[38;5;3m +2ms[39m
🚀 API running on http://localhost:4790/api/docs
[2J[3J[H[[90m21:15:07[0m] File change detected. Starting incremental compilation...

[96msrc/business/business.controller.ts[0m:[93m98[0m:[93m7[0m - [91merror[0m[90m TS2345: [0mArgument of type 'UserPayload' is not assignable to parameter of type 'string'.

[7m98[0m       user
[7m  [0m [91m      ~~~~[0m

[96msrc/business/business.service.ts[0m:[93m91[0m:[93m33[0m - [91merror[0m[90m TS2554: [0mExpected 3 arguments, but got 2.

[7m91[0m         await this.emailService.sendBusinessApplicationEmail(
[7m  [0m [91m                                ~~~~~~~~~~~~~~~~~~~~~~~~~~~~[0m

  [96msrc/email/email.service.ts[0m:[93m192[0m:[93m5[0m
    [7m192[0m     businessName: string
    [7m   [0m [96m    ~~~~~~~~~~~~~~~~~~~~[0m
    An argument for 'businessName' was not provided.

[96msrc/business/business.service.ts[0m:[93m196[0m:[93m31[0m - [91merror[0m[90m TS2554: [0mExpected 3 arguments, but got 2.

[7m196[0m       await this.emailService.sendBusinessApprovalEmail(
[7m   [0m [91m                              ~~~~~~~~~~~~~~~~~~~~~~~~~[0m

  [96msrc/email/email.service.ts[0m:[93m144[0m:[93m5[0m
    [7m144[0m     businessName: string
    [7m   [0m [96m    ~~~~~~~~~~~~~~~~~~~~[0m
    An argument for 'businessName' was not provided.

[96msrc/business/business.service.ts[0m:[93m204[0m:[93m31[0m - [91merror[0m[90m TS2554: [0mExpected 4 arguments, but got 3.

[7m204[0m       await this.emailService.sendBusinessRejectionEmail(
[7m   [0m [91m                              ~~~~~~~~~~~~~~~~~~~~~~~~~~[0m

  [96msrc/email/email.service.ts[0m:[93m168[0m:[93m5[0m
    [7m168[0m     reviewNotes: string
    [7m   [0m [96m    ~~~~~~~~~~~~~~~~~~~[0m
    An argument for 'reviewNotes' was not provided.

[[90m21:15:10[0m] Found 4 errors. Watching for file changes.

[2J[3J[H[[90m21:15:28[0m] File change detected. Starting incremental compilation...

[96msrc/business/business.controller.ts[0m:[93m98[0m:[93m7[0m - [91merror[0m[90m TS2345: [0mArgument of type 'UserPayload' is not assignable to parameter of type 'string'.

[7m98[0m       user
[7m  [0m [91m      ~~~~[0m

[[90m21:15:31[0m] Found 1 error. Watching for file changes.

[2J[3J[H[[90m21:17:38[0m] File change detected. Starting incremental compilation...

[[90m21:17:41[0m] Found 0 errors. Watching for file changes.

[32m[Nest] 18664  - [39m23/03/2026 21:17:42 [32m    LOG[39m [38;5;3m[NestFactory] [39m[32mStarting Nest application...[39m
[32m[Nest] 18664  - [39m23/03/2026 21:17:42 [32m    LOG[39m [38;5;3m[InstanceLoader] [39m[32mAppModule dependencies initialized[39m[38;5;3m +15ms[39m
[32m[Nest] 18664  - [39m23/03/2026 21:17:42 [32m    LOG[39m [38;5;3m[InstanceLoader] [39m[32mMongooseModule dependencies initialized[39m[38;5;3m +0ms[39m
[32m[Nest] 18664  - [39m23/03/2026 21:17:42 [32m    LOG[39m [38;5;3m[InstanceLoader] [39m[32mPassportModule dependencies initialized[39m[38;5;3m +0ms[39m
[32m[Nest] 18664  - [39m23/03/2026 21:17:42 [32m    LOG[39m [38;5;3m[InstanceLoader] [39m[32mConfigHostModule dependencies initialized[39m[38;5;3m +1ms[39m
[32m[Nest] 18664  - [39m23/03/2026 21:17:42 [32m    LOG[39m [38;5;3m[EmailService] [39m[32mEmail transporter initialized with Gmail SMTP[39m
[32m[Nest] 18664  - [39m23/03/2026 21:17:42 [32m    LOG[39m [38;5;3m[InstanceLoader] [39m[32mConfigModule dependencies initialized[39m[38;5;3m +1ms[39m
[32m[Nest] 18664  - [39m23/03/2026 21:17:42 [32m    LOG[39m [38;5;3m[InstanceLoader] [39m[32mConfigModule dependencies initialized[39m[38;5;3m +0ms[39m
[32m[Nest] 18664  - [39m23/03/2026 21:17:42 [32m    LOG[39m [38;5;3m[InstanceLoader] [39m[32mJwtModule dependencies initialized[39m[38;5;3m +13ms[39m
[32m[Nest] 18664  - [39m23/03/2026 21:17:42 [32m    LOG[39m [38;5;3m[InstanceLoader] [39m[32mEmailModule dependencies initialized[39m[38;5;3m +0ms[39m
[32m[Nest] 18664  - [39m23/03/2026 21:17:46 [32m    LOG[39m [38;5;3m[InstanceLoader] [39m[32mMongooseCoreModule dependencies initialized[39m[38;5;3m +3693ms[39m
[32m[Nest] 18664  - [39m23/03/2026 21:17:46 [32m    LOG[39m [38;5;3m[InstanceLoader] [39m[32mMongooseModule dependencies initialized[39m[38;5;3m +5ms[39m
[32m[Nest] 18664  - [39m23/03/2026 21:17:46 [32m    LOG[39m [38;5;3m[InstanceLoader] [39m[32mMongooseModule dependencies initialized[39m[38;5;3m +0ms[39m
[32m[Nest] 18664  - [39m23/03/2026 21:17:46 [32m    LOG[39m [38;5;3m[InstanceLoader] [39m[32mBusinessModule dependencies initialized[39m[38;5;3m +1ms[39m
[32m[Nest] 18664  - [39m23/03/2026 21:17:46 [32m    LOG[39m [38;5;3m[InstanceLoader] [39m[32mAuthModule dependencies initialized[39m[38;5;3m +0ms[39m
[32m[Nest] 18664  - [39m23/03/2026 21:17:46 [32m    LOG[39m [38;5;3m[RoutesResolver] [39m[32mAuthController {/api/auth}:[39m[38;5;3m +37ms[39m
[32m[Nest] 18664  - [39m23/03/2026 21:17:46 [32m    LOG[39m [38;5;3m[RouterExplorer] [39m[32mMapped {/api/auth/google, GET} route[39m[38;5;3m +2ms[39m
[32m[Nest] 18664  - [39m23/03/2026 21:17:46 [32m    LOG[39m [38;5;3m[RouterExplorer] [39m[32mMapped {/api/auth/google/callback, GET} route[39m[38;5;3m +1ms[39m
[32m[Nest] 18664  - [39m23/03/2026 21:17:46 [32m    LOG[39m [38;5;3m[RouterExplorer] [39m[32mMapped {/api/auth/google/exchange, POST} route[39m[38;5;3m +0ms[39m
[32m[Nest] 18664  - [39m23/03/2026 21:17:46 [32m    LOG[39m [38;5;3m[RouterExplorer] [39m[32mMapped {/api/auth/register, POST} route[39m[38;5;3m +0ms[39m
[32m[Nest] 18664  - [39m23/03/2026 21:17:46 [32m    LOG[39m [38;5;3m[RouterExplorer] [39m[32mMapped {/api/auth/login, POST} route[39m[38;5;3m +1ms[39m
[32m[Nest] 18664  - [39m23/03/2026 21:17:46 [32m    LOG[39m [38;5;3m[RouterExplorer] [39m[32mMapped {/api/auth/2fa/setup, POST} route[39m[38;5;3m +0ms[39m
[32m[Nest] 18664  - [39m23/03/2026 21:17:46 [32m    LOG[39m [38;5;3m[RouterExplorer] [39m[32mMapped {/api/auth/2fa/verify, POST} route[39m[38;5;3m +0ms[39m
[32m[Nest] 18664  - [39m23/03/2026 21:17:46 [32m    LOG[39m [38;5;3m[RouterExplorer] [39m[32mMapped {/api/auth/2fa/disable, POST} route[39m[38;5;3m +0ms[39m
[32m[Nest] 18664  - [39m23/03/2026 21:17:46 [32m    LOG[39m [38;5;3m[RouterExplorer] [39m[32mMapped {/api/auth/2fa/login, POST} route[39m[38;5;3m +1ms[39m
[32m[Nest] 18664  - [39m23/03/2026 21:17:46 [32m    LOG[39m [38;5;3m[RouterExplorer] [39m[32mMapped {/api/auth/logout, POST} route[39m[38;5;3m +0ms[39m
[32m[Nest] 18664  - [39m23/03/2026 21:17:46 [32m    LOG[39m [38;5;3m[RouterExplorer] [39m[32mMapped {/api/auth/refresh, POST} route[39m[38;5;3m +0ms[39m
[32m[Nest] 18664  - [39m23/03/2026 21:17:46 [32m    LOG[39m [38;5;3m[RouterExplorer] [39m[32mMapped {/api/auth/forgot-password, POST} route[39m[38;5;3m +0ms[39m
[32m[Nest] 18664  - [39m23/03/2026 21:17:46 [32m    LOG[39m [38;5;3m[RouterExplorer] [39m[32mMapped {/api/auth/reset-password, POST} route[39m[38;5;3m +0ms[39m
[32m[Nest] 18664  - [39m23/03/2026 21:17:46 [32m    LOG[39m [38;5;3m[RouterExplorer] [39m[32mMapped {/api/auth/confirm-email/:token, GET} route[39m[38;5;3m +1ms[39m
[32m[Nest] 18664  - [39m23/03/2026 21:17:46 [32m    LOG[39m [38;5;3m[RouterExplorer] [39m[32mMapped {/api/auth/fetchuser, GET} route[39m[38;5;3m +0ms[39m
[32m[Nest] 18664  - [39m23/03/2026 21:17:46 [32m    LOG[39m [38;5;3m[RouterExplorer] [39m[32mMapped {/api/auth/fetchuserbyid, POST} route[39m[38;5;3m +0ms[39m
[32m[Nest] 18664  - [39m23/03/2026 21:17:46 [32m    LOG[39m [38;5;3m[RouterExplorer] [39m[32mMapped {/api/auth/update, PUT} route[39m[38;5;3m +0ms[39m
[32m[Nest] 18664  - [39m23/03/2026 21:17:46 [32m    LOG[39m [38;5;3m[RouterExplorer] [39m[32mMapped {/api/auth/update, PATCH} route[39m[38;5;3m +0ms[39m
[32m[Nest] 18664  - [39m23/03/2026 21:17:46 [32m    LOG[39m [38;5;3m[RouterExplorer] [39m[32mMapped {/api/auth/delete, DELETE} route[39m[38;5;3m +1ms[39m
[32m[Nest] 18664  - [39m23/03/2026 21:17:46 [32m    LOG[39m [38;5;3m[RouterExplorer] [39m[32mMapped {/api/auth/users/:id, DELETE} route[39m[38;5;3m +0ms[39m
[32m[Nest] 18664  - [39m23/03/2026 21:17:46 [32m    LOG[39m [38;5;3m[RouterExplorer] [39m[32mMapped {/api/auth/users, GET} route[39m[38;5;3m +0ms[39m
[32m[Nest] 18664  - [39m23/03/2026 21:17:46 [32m    LOG[39m [38;5;3m[RouterExplorer] [39m[32mMapped {/api/auth/resend-confirmation-email, POST} route[39m[38;5;3m +0ms[39m
[32m[Nest] 18664  - [39m23/03/2026 21:17:46 [32m    LOG[39m [38;5;3m[RouterExplorer] [39m[32mMapped {/api/auth/change-role, PATCH} route[39m[38;5;3m +0ms[39m
[32m[Nest] 18664  - [39m23/03/2026 21:17:46 [32m    LOG[39m [38;5;3m[RouterExplorer] [39m[32mMapped {/api/auth/users/:id/ban, PATCH} route[39m[38;5;3m +0ms[39m
[32m[Nest] 18664  - [39m23/03/2026 21:17:46 [32m    LOG[39m [38;5;3m[RouterExplorer] [39m[32mMapped {/api/auth/users/:id/unban, PATCH} route[39m[38;5;3m +0ms[39m
[32m[Nest] 18664  - [39m23/03/2026 21:17:46 [32m    LOG[39m [38;5;3m[RoutesResolver] [39m[32mBusinessController {/api/business}:[39m[38;5;3m +0ms[39m
[32m[Nest] 18664  - [39m23/03/2026 21:17:46 [32m    LOG[39m [38;5;3m[RouterExplorer] [39m[32mMapped {/api/business/apply, POST} route[39m[38;5;3m +1ms[39m
[32m[Nest] 18664  - [39m23/03/2026 21:17:46 [32m    LOG[39m [38;5;3m[RouterExplorer] [39m[32mMapped {/api/business/applications, GET} route[39m[38;5;3m +0ms[39m
[32m[Nest] 18664  - [39m23/03/2026 21:17:46 [32m    LOG[39m [38;5;3m[RouterExplorer] [39m[32mMapped {/api/business/applications/:id/review, POST} route[39m[38;5;3m +0ms[39m
[32m[Nest] 18664  - [39m23/03/2026 21:17:46 [32m    LOG[39m [38;5;3m[RouterExplorer] [39m[32mMapped {/api/business/my, GET} route[39m[38;5;3m +0ms[39m
[32m[Nest] 18664  - [39m23/03/2026 21:17:46 [32m    LOG[39m [38;5;3m[RouterExplorer] [39m[32mMapped {/api/business/all, GET} route[39m[38;5;3m +0ms[39m
[32m[Nest] 18664  - [39m23/03/2026 21:17:46 [32m    LOG[39m [38;5;3m[RouterExplorer] [39m[32mMapped {/api/business/:id/tenant/metadata, GET} route[39m[38;5;3m +0ms[39m
[32m[Nest] 18664  - [39m23/03/2026 21:17:46 [32m    LOG[39m [38;5;3m[RouterExplorer] [39m[32mMapped {/api/business/:id, GET} route[39m[38;5;3m +0ms[39m
[32m[Nest] 18664  - [39m23/03/2026 21:17:46 [32m    LOG[39m [38;5;3m[RouterExplorer] [39m[32mMapped {/api/business/:id, PUT} route[39m[38;5;3m +1ms[39m
[32m[Nest] 18664  - [39m23/03/2026 21:17:46 [32m    LOG[39m [38;5;3m[RouterExplorer] [39m[32mMapped {/api/business/:id, DELETE} route[39m[38;5;3m +0ms[39m
[32m[Nest] 18664  - [39m23/03/2026 21:17:46 [32m    LOG[39m [38;5;3m[RouterExplorer] [39m[32mMapped {/api/business/:id/users, POST} route[39m[38;5;3m +0ms[39m
[32m[Nest] 18664  - [39m23/03/2026 21:17:46 [32m    LOG[39m [38;5;3m[RouterExplorer] [39m[32mMapped {/api/business/:id/users/:userId, DELETE} route[39m[38;5;3m +0ms[39m
[32m[Nest] 18664  - [39m23/03/2026 21:17:46 [32m    LOG[39m [38;5;3m[RoutesResolver] [39m[32mEmailController {/api/email}:[39m[38;5;3m +0ms[39m
[32m[Nest] 18664  - [39m23/03/2026 21:17:46 [32m    LOG[39m [38;5;3m[RouterExplorer] [39m[32mMapped {/api/email/send, POST} route[39m[38;5;3m +0ms[39m
[32m[Nest] 18664  - [39m23/03/2026 21:17:46 [32m    LOG[39m [38;5;3m[RouterExplorer] [39m[32mMapped {/api/email/test, POST} route[39m[38;5;3m +0ms[39m
[32m[Nest] 18664  - [39m23/03/2026 21:17:46 [32m    LOG[39m [38;5;3m[NestApplication] [39m[32mNest application successfully started[39m[38;5;3m +3ms[39m
🚀 API running on http://localhost:4790/api/docs
🔐 submitBusinessApplication - Current User: {
  id: '69a5abac0ddcffcc19593eaa',
  email: 'hibakhadraoui314@gmail.com',
  role: 'CLIENT'
}
📝 submitBusinessApplication called with userId: 69a5abac0ddcffcc19593eaa
📝 Application data: CreateBusinessApplicationDto {
  businessName: 'hayfa mail test',
  description: 'tosssssssssssssssssssssss',
  website: undefined,
  phone: '95616213'
}
❌ Error in submitBusinessApplication: BadRequestException: You already have a pending business application
    at BusinessService.submitBusinessApplication (C:\Users\Asus\Desktop\accountia-api\src\business\business.service.ts:75:15)
    at process.processTicksAndRejections (node:internal/process/task_queues:105:5)
    at async C:\Users\Asus\Desktop\accountia-api\node_modules\@nestjs\core\router\router-execution-context.js:46:28
    at async C:\Users\Asus\Desktop\accountia-api\node_modules\@nestjs\core\router\router-proxy.js:9:17 {
  response: {
    message: 'You already have a pending business application',
    error: 'Bad Request',
    statusCode: 400
  },
  status: 400,
  options: {}
}
[2J[3J[H[[90m21:22:43[0m] File change detected. Starting incremental compilation...

[[90m21:22:46[0m] Found 0 errors. Watching for file changes.

[32m[Nest] 23424  - [39m23/03/2026 21:22:47 [32m    LOG[39m [38;5;3m[NestFactory] [39m[32mStarting Nest application...[39m
[32m[Nest] 23424  - [39m23/03/2026 21:22:48 [32m    LOG[39m [38;5;3m[InstanceLoader] [39m[32mAppModule dependencies initialized[39m[38;5;3m +22ms[39m
[32m[Nest] 23424  - [39m23/03/2026 21:22:48 [32m    LOG[39m [38;5;3m[InstanceLoader] [39m[32mMongooseModule dependencies initialized[39m[38;5;3m +0ms[39m
[32m[Nest] 23424  - [39m23/03/2026 21:22:48 [32m    LOG[39m [38;5;3m[InstanceLoader] [39m[32mPassportModule dependencies initialized[39m[38;5;3m +0ms[39m
[32m[Nest] 23424  - [39m23/03/2026 21:22:48 [32m    LOG[39m [38;5;3m[InstanceLoader] [39m[32mConfigHostModule dependencies initialized[39m[38;5;3m +1ms[39m
[32m[Nest] 23424  - [39m23/03/2026 21:22:48 [32m    LOG[39m [38;5;3m[EmailService] [39m[32mEmail transporter initialized with Gmail SMTP[39m
[32m[Nest] 23424  - [39m23/03/2026 21:22:48 [32m    LOG[39m [38;5;3m[InstanceLoader] [39m[32mConfigModule dependencies initialized[39m[38;5;3m +1ms[39m
[32m[Nest] 23424  - [39m23/03/2026 21:22:48 [32m    LOG[39m [38;5;3m[InstanceLoader] [39m[32mConfigModule dependencies initialized[39m[38;5;3m +0ms[39m
[32m[Nest] 23424  - [39m23/03/2026 21:22:48 [32m    LOG[39m [38;5;3m[InstanceLoader] [39m[32mJwtModule dependencies initialized[39m[38;5;3m +18ms[39m
[32m[Nest] 23424  - [39m23/03/2026 21:22:48 [32m    LOG[39m [38;5;3m[InstanceLoader] [39m[32mEmailModule dependencies initialized[39m[38;5;3m +1ms[39m
[32m[Nest] 23424  - [39m23/03/2026 21:22:52 [32m    LOG[39m [38;5;3m[InstanceLoader] [39m[32mMongooseCoreModule dependencies initialized[39m[38;5;3m +4689ms[39m
[32m[Nest] 23424  - [39m23/03/2026 21:22:52 [32m    LOG[39m [38;5;3m[InstanceLoader] [39m[32mMongooseModule dependencies initialized[39m[38;5;3m +4ms[39m
[32m[Nest] 23424  - [39m23/03/2026 21:22:52 [32m    LOG[39m [38;5;3m[InstanceLoader] [39m[32mMongooseModule dependencies initialized[39m[38;5;3m +0ms[39m
[32m[Nest] 23424  - [39m23/03/2026 21:22:52 [32m    LOG[39m [38;5;3m[InstanceLoader] [39m[32mBusinessModule dependencies initialized[39m[38;5;3m +1ms[39m
[32m[Nest] 23424  - [39m23/03/2026 21:22:52 [32m    LOG[39m [38;5;3m[InstanceLoader] [39m[32mAuthModule dependencies initialized[39m[38;5;3m +1ms[39m
[32m[Nest] 23424  - [39m23/03/2026 21:22:52 [32m    LOG[39m [38;5;3m[RoutesResolver] [39m[32mAuthController {/api/auth}:[39m[38;5;3m +41ms[39m
[32m[Nest] 23424  - [39m23/03/2026 21:22:52 [32m    LOG[39m [38;5;3m[RouterExplorer] [39m[32mMapped {/api/auth/google, GET} route[39m[38;5;3m +3ms[39m
[32m[Nest] 23424  - [39m23/03/2026 21:22:52 [32m    LOG[39m [38;5;3m[RouterExplorer] [39m[32mMapped {/api/auth/google/callback, GET} route[39m[38;5;3m +1ms[39m
[32m[Nest] 23424  - [39m23/03/2026 21:22:52 [32m    LOG[39m [38;5;3m[RouterExplorer] [39m[32mMapped {/api/auth/google/exchange, POST} route[39m[38;5;3m +1ms[39m
[32m[Nest] 23424  - [39m23/03/2026 21:22:52 [32m    LOG[39m [38;5;3m[RouterExplorer] [39m[32mMapped {/api/auth/register, POST} route[39m[38;5;3m +0ms[39m
[32m[Nest] 23424  - [39m23/03/2026 21:22:52 [32m    LOG[39m [38;5;3m[RouterExplorer] [39m[32mMapped {/api/auth/login, POST} route[39m[38;5;3m +0ms[39m
[32m[Nest] 23424  - [39m23/03/2026 21:22:52 [32m    LOG[39m [38;5;3m[RouterExplorer] [39m[32mMapped {/api/auth/2fa/setup, POST} route[39m[38;5;3m +0ms[39m
[32m[Nest] 23424  - [39m23/03/2026 21:22:52 [32m    LOG[39m [38;5;3m[RouterExplorer] [39m[32mMapped {/api/auth/2fa/verify, POST} route[39m[38;5;3m +0ms[39m
[32m[Nest] 23424  - [39m23/03/2026 21:22:52 [32m    LOG[39m [38;5;3m[RouterExplorer] [39m[32mMapped {/api/auth/2fa/disable, POST} route[39m[38;5;3m +1ms[39m
[32m[Nest] 23424  - [39m23/03/2026 21:22:52 [32m    LOG[39m [38;5;3m[RouterExplorer] [39m[32mMapped {/api/auth/2fa/login, POST} route[39m[38;5;3m +0ms[39m
[32m[Nest] 23424  - [39m23/03/2026 21:22:52 [32m    LOG[39m [38;5;3m[RouterExplorer] [39m[32mMapped {/api/auth/logout, POST} route[39m[38;5;3m +0ms[39m
[32m[Nest] 23424  - [39m23/03/2026 21:22:52 [32m    LOG[39m [38;5;3m[RouterExplorer] [39m[32mMapped {/api/auth/refresh, POST} route[39m[38;5;3m +1ms[39m
[32m[Nest] 23424  - [39m23/03/2026 21:22:52 [32m    LOG[39m [38;5;3m[RouterExplorer] [39m[32mMapped {/api/auth/forgot-password, POST} route[39m[38;5;3m +0ms[39m
[32m[Nest] 23424  - [39m23/03/2026 21:22:52 [32m    LOG[39m [38;5;3m[RouterExplorer] [39m[32mMapped {/api/auth/reset-password, POST} route[39m[38;5;3m +0ms[39m
[32m[Nest] 23424  - [39m23/03/2026 21:22:52 [32m    LOG[39m [38;5;3m[RouterExplorer] [39m[32mMapped {/api/auth/confirm-email/:token, GET} route[39m[38;5;3m +0ms[39m
[32m[Nest] 23424  - [39m23/03/2026 21:22:52 [32m    LOG[39m [38;5;3m[RouterExplorer] [39m[32mMapped {/api/auth/fetchuser, GET} route[39m[38;5;3m +1ms[39m
[32m[Nest] 23424  - [39m23/03/2026 21:22:52 [32m    LOG[39m [38;5;3m[RouterExplorer] [39m[32mMapped {/api/auth/fetchuserbyid, POST} route[39m[38;5;3m +0ms[39m
[32m[Nest] 23424  - [39m23/03/2026 21:22:52 [32m    LOG[39m [38;5;3m[RouterExplorer] [39m[32mMapped {/api/auth/update, PUT} route[39m[38;5;3m +0ms[39m
[32m[Nest] 23424  - [39m23/03/2026 21:22:52 [32m    LOG[39m [38;5;3m[RouterExplorer] [39m[32mMapped {/api/auth/update, PATCH} route[39m[38;5;3m +1ms[39m
[32m[Nest] 23424  - [39m23/03/2026 21:22:52 [32m    LOG[39m [38;5;3m[RouterExplorer] [39m[32mMapped {/api/auth/delete, DELETE} route[39m[38;5;3m +0ms[39m
[32m[Nest] 23424  - [39m23/03/2026 21:22:52 [32m    LOG[39m [38;5;3m[RouterExplorer] [39m[32mMapped {/api/auth/users/:id, DELETE} route[39m[38;5;3m +0ms[39m
[32m[Nest] 23424  - [39m23/03/2026 21:22:52 [32m    LOG[39m [38;5;3m[RouterExplorer] [39m[32mMapped {/api/auth/users, GET} route[39m[38;5;3m +0ms[39m
[32m[Nest] 23424  - [39m23/03/2026 21:22:52 [32m    LOG[39m [38;5;3m[RouterExplorer] [39m[32mMapped {/api/auth/resend-confirmation-email, POST} route[39m[38;5;3m +0ms[39m
[32m[Nest] 23424  - [39m23/03/2026 21:22:52 [32m    LOG[39m [38;5;3m[RouterExplorer] [39m[32mMapped {/api/auth/change-role, PATCH} route[39m[38;5;3m +0ms[39m
[32m[Nest] 23424  - [39m23/03/2026 21:22:52 [32m    LOG[39m [38;5;3m[RouterExplorer] [39m[32mMapped {/api/auth/users/:id/ban, PATCH} route[39m[38;5;3m +1ms[39m
[32m[Nest] 23424  - [39m23/03/2026 21:22:52 [32m    LOG[39m [38;5;3m[RouterExplorer] [39m[32mMapped {/api/auth/users/:id/unban, PATCH} route[39m[38;5;3m +0ms[39m
[32m[Nest] 23424  - [39m23/03/2026 21:22:52 [32m    LOG[39m [38;5;3m[RoutesResolver] [39m[32mBusinessController {/api/business}:[39m[38;5;3m +0ms[39m
[32m[Nest] 23424  - [39m23/03/2026 21:22:52 [32m    LOG[39m [38;5;3m[RouterExplorer] [39m[32mMapped {/api/business/apply, POST} route[39m[38;5;3m +0ms[39m
[32m[Nest] 23424  - [39m23/03/2026 21:22:52 [32m    LOG[39m [38;5;3m[RouterExplorer] [39m[32mMapped {/api/business/applications, GET} route[39m[38;5;3m +0ms[39m
[32m[Nest] 23424  - [39m23/03/2026 21:22:52 [32m    LOG[39m [38;5;3m[RouterExplorer] [39m[32mMapped {/api/business/applications/:id/review, POST} route[39m[38;5;3m +0ms[39m
[32m[Nest] 23424  - [39m23/03/2026 21:22:52 [32m    LOG[39m [38;5;3m[RouterExplorer] [39m[32mMapped {/api/business/my, GET} route[39m[38;5;3m +0ms[39m
[32m[Nest] 23424  - [39m23/03/2026 21:22:52 [32m    LOG[39m [38;5;3m[RouterExplorer] [39m[32mMapped {/api/business/all, GET} route[39m[38;5;3m +0ms[39m
[32m[Nest] 23424  - [39m23/03/2026 21:22:52 [32m    LOG[39m [38;5;3m[RouterExplorer] [39m[32mMapped {/api/business/:id/tenant/metadata, GET} route[39m[38;5;3m +1ms[39m
[32m[Nest] 23424  - [39m23/03/2026 21:22:52 [32m    LOG[39m [38;5;3m[RouterExplorer] [39m[32mMapped {/api/business/:id, GET} route[39m[38;5;3m +0ms[39m
[32m[Nest] 23424  - [39m23/03/2026 21:22:52 [32m    LOG[39m [38;5;3m[RouterExplorer] [39m[32mMapped {/api/business/:id, PUT} route[39m[38;5;3m +0ms[39m
[32m[Nest] 23424  - [39m23/03/2026 21:22:52 [32m    LOG[39m [38;5;3m[RouterExplorer] [39m[32mMapped {/api/business/:id, DELETE} route[39m[38;5;3m +0ms[39m
[32m[Nest] 23424  - [39m23/03/2026 21:22:52 [32m    LOG[39m [38;5;3m[RouterExplorer] [39m[32mMapped {/api/business/:id/users, POST} route[39m[38;5;3m +0ms[39m
[32m[Nest] 23424  - [39m23/03/2026 21:22:52 [32m    LOG[39m [38;5;3m[RouterExplorer] [39m[32mMapped {/api/business/:id/users/:userId, DELETE} route[39m[38;5;3m +0ms[39m
[32m[Nest] 23424  - [39m23/03/2026 21:22:52 [32m    LOG[39m [38;5;3m[RoutesResolver] [39m[32mEmailController {/api/email}:[39m[38;5;3m +1ms[39m
[32m[Nest] 23424  - [39m23/03/2026 21:22:52 [32m    LOG[39m [38;5;3m[RouterExplorer] [39m[32mMapped {/api/email/send, POST} route[39m[38;5;3m +0ms[39m
[32m[Nest] 23424  - [39m23/03/2026 21:22:52 [32m    LOG[39m [38;5;3m[RouterExplorer] [39m[32mMapped {/api/email/test, POST} route[39m[38;5;3m +1ms[39m
[32m[Nest] 23424  - [39m23/03/2026 21:22:52 [32m    LOG[39m [38;5;3m[NestApplication] [39m[32mNest application successfully started[39m[38;5;3m +3ms[39m
🚀 API running on http://localhost:4790/api/docs
[2J[3J[H[[90m21:29:40[0m] File change detected. Starting incremental compilation...

[[90m21:29:41[0m] Found 0 errors. Watching for file changes.

[32m[Nest] 30328  - [39m23/03/2026 21:29:44 [32m    LOG[39m [38;5;3m[NestFactory] [39m[32mStarting Nest application...[39m
[32m[Nest] 30328  - [39m23/03/2026 21:29:44 [32m    LOG[39m [38;5;3m[InstanceLoader] [39m[32mAppModule dependencies initialized[39m[38;5;3m +22ms[39m
[32m[Nest] 30328  - [39m23/03/2026 21:29:44 [32m    LOG[39m [38;5;3m[InstanceLoader] [39m[32mMongooseModule dependencies initialized[39m[38;5;3m +0ms[39m
[32m[Nest] 30328  - [39m23/03/2026 21:29:44 [32m    LOG[39m [38;5;3m[InstanceLoader] [39m[32mPassportModule dependencies initialized[39m[38;5;3m +0ms[39m
[32m[Nest] 30328  - [39m23/03/2026 21:29:44 [32m    LOG[39m [38;5;3m[InstanceLoader] [39m[32mConfigHostModule dependencies initialized[39m[38;5;3m +1ms[39m
[32m[Nest] 30328  - [39m23/03/2026 21:29:44 [32m    LOG[39m [38;5;3m[EmailService] [39m[32mEmail transporter initialized with Gmail SMTP[39m
[32m[Nest] 30328  - [39m23/03/2026 21:29:44 [32m    LOG[39m [38;5;3m[InstanceLoader] [39m[32mConfigModule dependencies initialized[39m[38;5;3m +1ms[39m
[32m[Nest] 30328  - [39m23/03/2026 21:29:44 [32m    LOG[39m [38;5;3m[InstanceLoader] [39m[32mConfigModule dependencies initialized[39m[38;5;3m +0ms[39m
[32m[Nest] 30328  - [39m23/03/2026 21:29:44 [32m    LOG[39m [38;5;3m[InstanceLoader] [39m[32mJwtModule dependencies initialized[39m[38;5;3m +12ms[39m
[32m[Nest] 30328  - [39m23/03/2026 21:29:44 [32m    LOG[39m [38;5;3m[InstanceLoader] [39m[32mEmailModule dependencies initialized[39m[38;5;3m +1ms[39m
[32m[Nest] 30328  - [39m23/03/2026 21:29:46 [32m    LOG[39m [38;5;3m[InstanceLoader] [39m[32mMongooseCoreModule dependencies initialized[39m[38;5;3m +1765ms[39m
[32m[Nest] 30328  - [39m23/03/2026 21:29:46 [32m    LOG[39m [38;5;3m[InstanceLoader] [39m[32mMongooseModule dependencies initialized[39m[38;5;3m +6ms[39m
[32m[Nest] 30328  - [39m23/03/2026 21:29:46 [32m    LOG[39m [38;5;3m[InstanceLoader] [39m[32mMongooseModule dependencies initialized[39m[38;5;3m +0ms[39m
[32m[Nest] 30328  - [39m23/03/2026 21:29:46 [32m    LOG[39m [38;5;3m[InstanceLoader] [39m[32mBusinessModule dependencies initialized[39m[38;5;3m +3ms[39m
[32m[Nest] 30328  - [39m23/03/2026 21:29:46 [32m    LOG[39m [38;5;3m[InstanceLoader] [39m[32mAuthModule dependencies initialized[39m[38;5;3m +0ms[39m
[32m[Nest] 30328  - [39m23/03/2026 21:29:46 [32m    LOG[39m [38;5;3m[RoutesResolver] [39m[32mAuthController {/api/auth}:[39m[38;5;3m +44ms[39m
[32m[Nest] 30328  - [39m23/03/2026 21:29:46 [32m    LOG[39m [38;5;3m[RouterExplorer] [39m[32mMapped {/api/auth/google, GET} route[39m[38;5;3m +3ms[39m
[32m[Nest] 30328  - [39m23/03/2026 21:29:46 [32m    LOG[39m [38;5;3m[RouterExplorer] [39m[32mMapped {/api/auth/google/callback, GET} route[39m[38;5;3m +0ms[39m
[32m[Nest] 30328  - [39m23/03/2026 21:29:46 [32m    LOG[39m [38;5;3m[RouterExplorer] [39m[32mMapped {/api/auth/google/exchange, POST} route[39m[38;5;3m +0ms[39m
[32m[Nest] 30328  - [39m23/03/2026 21:29:46 [32m    LOG[39m [38;5;3m[RouterExplorer] [39m[32mMapped {/api/auth/register, POST} route[39m[38;5;3m +1ms[39m
[32m[Nest] 30328  - [39m23/03/2026 21:29:46 [32m    LOG[39m [38;5;3m[RouterExplorer] [39m[32mMapped {/api/auth/login, POST} route[39m[38;5;3m +0ms[39m
[32m[Nest] 30328  - [39m23/03/2026 21:29:46 [32m    LOG[39m [38;5;3m[RouterExplorer] [39m[32mMapped {/api/auth/2fa/setup, POST} route[39m[38;5;3m +1ms[39m
[32m[Nest] 30328  - [39m23/03/2026 21:29:46 [32m    LOG[39m [38;5;3m[RouterExplorer] [39m[32mMapped {/api/auth/2fa/verify, POST} route[39m[38;5;3m +0ms[39m
[32m[Nest] 30328  - [39m23/03/2026 21:29:46 [32m    LOG[39m [38;5;3m[RouterExplorer] [39m[32mMapped {/api/auth/2fa/disable, POST} route[39m[38;5;3m +0ms[39m
[32m[Nest] 30328  - [39m23/03/2026 21:29:46 [32m    LOG[39m [38;5;3m[RouterExplorer] [39m[32mMapped {/api/auth/2fa/login, POST} route[39m[38;5;3m +1ms[39m
[32m[Nest] 30328  - [39m23/03/2026 21:29:46 [32m    LOG[39m [38;5;3m[RouterExplorer] [39m[32mMapped {/api/auth/logout, POST} route[39m[38;5;3m +0ms[39m
[32m[Nest] 30328  - [39m23/03/2026 21:29:46 [32m    LOG[39m [38;5;3m[RouterExplorer] [39m[32mMapped {/api/auth/refresh, POST} route[39m[38;5;3m +0ms[39m
[32m[Nest] 30328  - [39m23/03/2026 21:29:46 [32m    LOG[39m [38;5;3m[RouterExplorer] [39m[32mMapped {/api/auth/forgot-password, POST} route[39m[38;5;3m +0ms[39m
[32m[Nest] 30328  - [39m23/03/2026 21:29:46 [32m    LOG[39m [38;5;3m[RouterExplorer] [39m[32mMapped {/api/auth/reset-password, POST} route[39m[38;5;3m +1ms[39m
[32m[Nest] 30328  - [39m23/03/2026 21:29:46 [32m    LOG[39m [38;5;3m[RouterExplorer] [39m[32mMapped {/api/auth/confirm-email/:token, GET} route[39m[38;5;3m +0ms[39m
[32m[Nest] 30328  - [39m23/03/2026 21:29:46 [32m    LOG[39m [38;5;3m[RouterExplorer] [39m[32mMapped {/api/auth/fetchuser, GET} route[39m[38;5;3m +0ms[39m
[32m[Nest] 30328  - [39m23/03/2026 21:29:46 [32m    LOG[39m [38;5;3m[RouterExplorer] [39m[32mMapped {/api/auth/fetchuserbyid, POST} route[39m[38;5;3m +0ms[39m
[32m[Nest] 30328  - [39m23/03/2026 21:29:46 [32m    LOG[39m [38;5;3m[RouterExplorer] [39m[32mMapped {/api/auth/update, PUT} route[39m[38;5;3m +0ms[39m
[32m[Nest] 30328  - [39m23/03/2026 21:29:46 [32m    LOG[39m [38;5;3m[RouterExplorer] [39m[32mMapped {/api/auth/update, PATCH} route[39m[38;5;3m +1ms[39m
[32m[Nest] 30328  - [39m23/03/2026 21:29:46 [32m    LOG[39m [38;5;3m[RouterExplorer] [39m[32mMapped {/api/auth/delete, DELETE} route[39m[38;5;3m +0ms[39m
[32m[Nest] 30328  - [39m23/03/2026 21:29:46 [32m    LOG[39m [38;5;3m[RouterExplorer] [39m[32mMapped {/api/auth/users/:id, DELETE} route[39m[38;5;3m +0ms[39m
[32m[Nest] 30328  - [39m23/03/2026 21:29:46 [32m    LOG[39m [38;5;3m[RouterExplorer] [39m[32mMapped {/api/auth/users, GET} route[39m[38;5;3m +0ms[39m
[32m[Nest] 30328  - [39m23/03/2026 21:29:46 [32m    LOG[39m [38;5;3m[RouterExplorer] [39m[32mMapped {/api/auth/resend-confirmation-email, POST} route[39m[38;5;3m +0ms[39m
[32m[Nest] 30328  - [39m23/03/2026 21:29:46 [32m    LOG[39m [38;5;3m[RouterExplorer] [39m[32mMapped {/api/auth/change-role, PATCH} route[39m[38;5;3m +0ms[39m
[32m[Nest] 30328  - [39m23/03/2026 21:29:46 [32m    LOG[39m [38;5;3m[RouterExplorer] [39m[32mMapped {/api/auth/users/:id/ban, PATCH} route[39m[38;5;3m +1ms[39m
[32m[Nest] 30328  - [39m23/03/2026 21:29:46 [32m    LOG[39m [38;5;3m[RouterExplorer] [39m[32mMapped {/api/auth/users/:id/unban, PATCH} route[39m[38;5;3m +0ms[39m
[32m[Nest] 30328  - [39m23/03/2026 21:29:46 [32m    LOG[39m [38;5;3m[RoutesResolver] [39m[32mBusinessController {/api/business}:[39m[38;5;3m +0ms[39m
[32m[Nest] 30328  - [39m23/03/2026 21:29:46 [32m    LOG[39m [38;5;3m[RouterExplorer] [39m[32mMapped {/api/business/apply, POST} route[39m[38;5;3m +0ms[39m
[32m[Nest] 30328  - [39m23/03/2026 21:29:46 [32m    LOG[39m [38;5;3m[RouterExplorer] [39m[32mMapped {/api/business/applications, GET} route[39m[38;5;3m +0ms[39m
[32m[Nest] 30328  - [39m23/03/2026 21:29:46 [32m    LOG[39m [38;5;3m[RouterExplorer] [39m[32mMapped {/api/business/applications/:id/review, POST} route[39m[38;5;3m +1ms[39m
[32m[Nest] 30328  - [39m23/03/2026 21:29:46 [32m    LOG[39m [38;5;3m[RouterExplorer] [39m[32mMapped {/api/business/my, GET} route[39m[38;5;3m +0ms[39m
[32m[Nest] 30328  - [39m23/03/2026 21:29:46 [32m    LOG[39m [38;5;3m[RouterExplorer] [39m[32mMapped {/api/business/all, GET} route[39m[38;5;3m +0ms[39m
[32m[Nest] 30328  - [39m23/03/2026 21:29:46 [32m    LOG[39m [38;5;3m[RouterExplorer] [39m[32mMapped {/api/business/:id/tenant/metadata, GET} route[39m[38;5;3m +0ms[39m
[32m[Nest] 30328  - [39m23/03/2026 21:29:46 [32m    LOG[39m [38;5;3m[RouterExplorer] [39m[32mMapped {/api/business/:id, GET} route[39m[38;5;3m +0ms[39m
[32m[Nest] 30328  - [39m23/03/2026 21:29:46 [32m    LOG[39m [38;5;3m[RouterExplorer] [39m[32mMapped {/api/business/:id, PUT} route[39m[38;5;3m +0ms[39m
[32m[Nest] 30328  - [39m23/03/2026 21:29:46 [32m    LOG[39m [38;5;3m[RouterExplorer] [39m[32mMapped {/api/business/:id, DELETE} route[39m[38;5;3m +0ms[39m
[32m[Nest] 30328  - [39m23/03/2026 21:29:46 [32m    LOG[39m [38;5;3m[RouterExplorer] [39m[32mMapped {/api/business/:id/users, POST} route[39m[38;5;3m +0ms[39m
[32m[Nest] 30328  - [39m23/03/2026 21:29:46 [32m    LOG[39m [38;5;3m[RouterExplorer] [39m[32mMapped {/api/business/:id/users/:userId, DELETE} route[39m[38;5;3m +1ms[39m
[32m[Nest] 30328  - [39m23/03/2026 21:29:46 [32m    LOG[39m [38;5;3m[RoutesResolver] [39m[32mEmailController {/api/email}:[39m[38;5;3m +0ms[39m
[32m[Nest] 30328  - [39m23/03/2026 21:29:46 [32m    LOG[39m [38;5;3m[RouterExplorer] [39m[32mMapped {/api/email/send, POST} route[39m[38;5;3m +0ms[39m
[32m[Nest] 30328  - [39m23/03/2026 21:29:46 [32m    LOG[39m [38;5;3m[RouterExplorer] [39m[32mMapped {/api/email/test, POST} route[39m[38;5;3m +0ms[39m
[32m[Nest] 30328  - [39m23/03/2026 21:29:46 [32m    LOG[39m [38;5;3m[NestApplication] [39m[32mNest application successfully started[39m[38;5;3m +3ms[39m
🚀 API running on http://localhost:4790/api/docs
[2J[3J[H[[90m21:30:31[0m] File change detected. Starting incremental compilation...

[[90m21:30:31[0m] Found 0 errors. Watching for file changes.

[32m[Nest] 29888  - [39m23/03/2026 21:30:33 [32m    LOG[39m [38;5;3m[NestFactory] [39m[32mStarting Nest application...[39m
[32m[Nest] 29888  - [39m23/03/2026 21:30:33 [32m    LOG[39m [38;5;3m[InstanceLoader] [39m[32mAppModule dependencies initialized[39m[38;5;3m +18ms[39m
[32m[Nest] 29888  - [39m23/03/2026 21:30:33 [32m    LOG[39m [38;5;3m[InstanceLoader] [39m[32mMongooseModule dependencies initialized[39m[38;5;3m +0ms[39m
[32m[Nest] 29888  - [39m23/03/2026 21:30:33 [32m    LOG[39m [38;5;3m[InstanceLoader] [39m[32mPassportModule dependencies initialized[39m[38;5;3m +0ms[39m
[32m[Nest] 29888  - [39m23/03/2026 21:30:33 [32m    LOG[39m [38;5;3m[InstanceLoader] [39m[32mConfigHostModule dependencies initialized[39m[38;5;3m +0ms[39m
[32m[Nest] 29888  - [39m23/03/2026 21:30:33 [32m    LOG[39m [38;5;3m[EmailService] [39m[32mEmail transporter initialized with Gmail SMTP[39m
[32m[Nest] 29888  - [39m23/03/2026 21:30:33 [32m    LOG[39m [38;5;3m[InstanceLoader] [39m[32mConfigModule dependencies initialized[39m[38;5;3m +1ms[39m
[32m[Nest] 29888  - [39m23/03/2026 21:30:33 [32m    LOG[39m [38;5;3m[InstanceLoader] [39m[32mConfigModule dependencies initialized[39m[38;5;3m +0ms[39m
[32m[Nest] 29888  - [39m23/03/2026 21:30:33 [32m    LOG[39m [38;5;3m[InstanceLoader] [39m[32mJwtModule dependencies initialized[39m[38;5;3m +14ms[39m
[32m[Nest] 29888  - [39m23/03/2026 21:30:33 [32m    LOG[39m [38;5;3m[InstanceLoader] [39m[32mEmailModule dependencies initialized[39m[38;5;3m +1ms[39m
[32m[Nest] 29888  - [39m23/03/2026 21:30:37 [32m    LOG[39m [38;5;3m[InstanceLoader] [39m[32mMongooseCoreModule dependencies initialized[39m[38;5;3m +3634ms[39m
[32m[Nest] 29888  - [39m23/03/2026 21:30:37 [32m    LOG[39m [38;5;3m[InstanceLoader] [39m[32mMongooseModule dependencies initialized[39m[38;5;3m +6ms[39m
[32m[Nest] 29888  - [39m23/03/2026 21:30:37 [32m    LOG[39m [38;5;3m[InstanceLoader] [39m[32mMongooseModule dependencies initialized[39m[38;5;3m +0ms[39m
[32m[Nest] 29888  - [39m23/03/2026 21:30:37 [32m    LOG[39m [38;5;3m[InstanceLoader] [39m[32mBusinessModule dependencies initialized[39m[38;5;3m +2ms[39m
[32m[Nest] 29888  - [39m23/03/2026 21:30:37 [32m    LOG[39m [38;5;3m[InstanceLoader] [39m[32mAuthModule dependencies initialized[39m[38;5;3m +0ms[39m
[32m[Nest] 29888  - [39m23/03/2026 21:30:37 [32m    LOG[39m [38;5;3m[RoutesResolver] [39m[32mAuthController {/api/auth}:[39m[38;5;3m +49ms[39m
[32m[Nest] 29888  - [39m23/03/2026 21:30:37 [32m    LOG[39m [38;5;3m[RouterExplorer] [39m[32mMapped {/api/auth/google, GET} route[39m[38;5;3m +4ms[39m
[32m[Nest] 29888  - [39m23/03/2026 21:30:37 [32m    LOG[39m [38;5;3m[RouterExplorer] [39m[32mMapped {/api/auth/google/callback, GET} route[39m[38;5;3m +1ms[39m
[32m[Nest] 29888  - [39m23/03/2026 21:30:37 [32m    LOG[39m [38;5;3m[RouterExplorer] [39m[32mMapped {/api/auth/google/exchange, POST} route[39m[38;5;3m +0ms[39m
[32m[Nest] 29888  - [39m23/03/2026 21:30:37 [32m    LOG[39m [38;5;3m[RouterExplorer] [39m[32mMapped {/api/auth/register, POST} route[39m[38;5;3m +1ms[39m
[32m[Nest] 29888  - [39m23/03/2026 21:30:37 [32m    LOG[39m [38;5;3m[RouterExplorer] [39m[32mMapped {/api/auth/login, POST} route[39m[38;5;3m +0ms[39m
[32m[Nest] 29888  - [39m23/03/2026 21:30:37 [32m    LOG[39m [38;5;3m[RouterExplorer] [39m[32mMapped {/api/auth/2fa/setup, POST} route[39m[38;5;3m +1ms[39m
[32m[Nest] 29888  - [39m23/03/2026 21:30:37 [32m    LOG[39m [38;5;3m[RouterExplorer] [39m[32mMapped {/api/auth/2fa/verify, POST} route[39m[38;5;3m +0ms[39m
[32m[Nest] 29888  - [39m23/03/2026 21:30:37 [32m    LOG[39m [38;5;3m[RouterExplorer] [39m[32mMapped {/api/auth/2fa/disable, POST} route[39m[38;5;3m +0ms[39m
[32m[Nest] 29888  - [39m23/03/2026 21:30:37 [32m    LOG[39m [38;5;3m[RouterExplorer] [39m[32mMapped {/api/auth/2fa/login, POST} route[39m[38;5;3m +1ms[39m
[32m[Nest] 29888  - [39m23/03/2026 21:30:37 [32m    LOG[39m [38;5;3m[RouterExplorer] [39m[32mMapped {/api/auth/logout, POST} route[39m[38;5;3m +0ms[39m
[32m[Nest] 29888  - [39m23/03/2026 21:30:37 [32m    LOG[39m [38;5;3m[RouterExplorer] [39m[32mMapped {/api/auth/refresh, POST} route[39m[38;5;3m +0ms[39m
[32m[Nest] 29888  - [39m23/03/2026 21:30:37 [32m    LOG[39m [38;5;3m[RouterExplorer] [39m[32mMapped {/api/auth/forgot-password, POST} route[39m[38;5;3m +0ms[39m
[32m[Nest] 29888  - [39m23/03/2026 21:30:37 [32m    LOG[39m [38;5;3m[RouterExplorer] [39m[32mMapped {/api/auth/reset-password, POST} route[39m[38;5;3m +1ms[39m
[32m[Nest] 29888  - [39m23/03/2026 21:30:37 [32m    LOG[39m [38;5;3m[RouterExplorer] [39m[32mMapped {/api/auth/confirm-email/:token, GET} route[39m[38;5;3m +0ms[39m
[32m[Nest] 29888  - [39m23/03/2026 21:30:37 [32m    LOG[39m [38;5;3m[RouterExplorer] [39m[32mMapped {/api/auth/fetchuser, GET} route[39m[38;5;3m +0ms[39m
[32m[Nest] 29888  - [39m23/03/2026 21:30:37 [32m    LOG[39m [38;5;3m[RouterExplorer] [39m[32mMapped {/api/auth/fetchuserbyid, POST} route[39m[38;5;3m +0ms[39m
[32m[Nest] 29888  - [39m23/03/2026 21:30:37 [32m    LOG[39m [38;5;3m[RouterExplorer] [39m[32mMapped {/api/auth/update, PUT} route[39m[38;5;3m +0ms[39m
[32m[Nest] 29888  - [39m23/03/2026 21:30:37 [32m    LOG[39m [38;5;3m[RouterExplorer] [39m[32mMapped {/api/auth/update, PATCH} route[39m[38;5;3m +0ms[39m
[32m[Nest] 29888  - [39m23/03/2026 21:30:37 [32m    LOG[39m [38;5;3m[RouterExplorer] [39m[32mMapped {/api/auth/delete, DELETE} route[39m[38;5;3m +1ms[39m
[32m[Nest] 29888  - [39m23/03/2026 21:30:37 [32m    LOG[39m [38;5;3m[RouterExplorer] [39m[32mMapped {/api/auth/users/:id, DELETE} route[39m[38;5;3m +0ms[39m
[32m[Nest] 29888  - [39m23/03/2026 21:30:37 [32m    LOG[39m [38;5;3m[RouterExplorer] [39m[32mMapped {/api/auth/users, GET} route[39m[38;5;3m +0ms[39m
[32m[Nest] 29888  - [39m23/03/2026 21:30:37 [32m    LOG[39m [38;5;3m[RouterExplorer] [39m[32mMapped {/api/auth/resend-confirmation-email, POST} route[39m[38;5;3m +0ms[39m
[32m[Nest] 29888  - [39m23/03/2026 21:30:37 [32m    LOG[39m [38;5;3m[RouterExplorer] [39m[32mMapped {/api/auth/change-role, PATCH} route[39m[38;5;3m +0ms[39m
[32m[Nest] 29888  - [39m23/03/2026 21:30:37 [32m    LOG[39m [38;5;3m[RouterExplorer] [39m[32mMapped {/api/auth/users/:id/ban, PATCH} route[39m[38;5;3m +0ms[39m
[32m[Nest] 29888  - [39m23/03/2026 21:30:37 [32m    LOG[39m [38;5;3m[RouterExplorer] [39m[32mMapped {/api/auth/users/:id/unban, PATCH} route[39m[38;5;3m +1ms[39m
[32m[Nest] 29888  - [39m23/03/2026 21:30:37 [32m    LOG[39m [38;5;3m[RoutesResolver] [39m[32mBusinessController {/api/business}:[39m[38;5;3m +0ms[39m
[32m[Nest] 29888  - [39m23/03/2026 21:30:37 [32m    LOG[39m [38;5;3m[RouterExplorer] [39m[32mMapped {/api/business/apply, POST} route[39m[38;5;3m +0ms[39m
[32m[Nest] 29888  - [39m23/03/2026 21:30:37 [32m    LOG[39m [38;5;3m[RouterExplorer] [39m[32mMapped {/api/business/applications, GET} route[39m[38;5;3m +0ms[39m
[32m[Nest] 29888  - [39m23/03/2026 21:30:37 [32m    LOG[39m [38;5;3m[RouterExplorer] [39m[32mMapped {/api/business/applications/:id/review, POST} route[39m[38;5;3m +1ms[39m
[32m[Nest] 29888  - [39m23/03/2026 21:30:37 [32m    LOG[39m [38;5;3m[RouterExplorer] [39m[32mMapped {/api/business/my, GET} route[39m[38;5;3m +0ms[39m
[32m[Nest] 29888  - [39m23/03/2026 21:30:37 [32m    LOG[39m [38;5;3m[RouterExplorer] [39m[32mMapped {/api/business/all, GET} route[39m[38;5;3m +0ms[39m
[32m[Nest] 29888  - [39m23/03/2026 21:30:37 [32m    LOG[39m [38;5;3m[RouterExplorer] [39m[32mMapped {/api/business/:id/tenant/metadata, GET} route[39m[38;5;3m +0ms[39m
[32m[Nest] 29888  - [39m23/03/2026 21:30:37 [32m    LOG[39m [38;5;3m[RouterExplorer] [39m[32mMapped {/api/business/:id, GET} route[39m[38;5;3m +0ms[39m
[32m[Nest] 29888  - [39m23/03/2026 21:30:37 [32m    LOG[39m [38;5;3m[RouterExplorer] [39m[32mMapped {/api/business/:id, PUT} route[39m[38;5;3m +1ms[39m
[32m[Nest] 29888  - [39m23/03/2026 21:30:37 [32m    LOG[39m [38;5;3m[RouterExplorer] [39m[32mMapped {/api/business/:id, DELETE} route[39m[38;5;3m +0ms[39m
[32m[Nest] 29888  - [39m23/03/2026 21:30:37 [32m    LOG[39m [38;5;3m[RouterExplorer] [39m[32mMapped {/api/business/:id/users, POST} route[39m[38;5;3m +0ms[39m
[32m[Nest] 29888  - [39m23/03/2026 21:30:37 [32m    LOG[39m [38;5;3m[RouterExplorer] [39m[32mMapped {/api/business/:id/users/:userId, DELETE} route[39m[38;5;3m +0ms[39m
[32m[Nest] 29888  - [39m23/03/2026 21:30:37 [32m    LOG[39m [38;5;3m[RoutesResolver] [39m[32mEmailController {/api/email}:[39m[38;5;3m +0ms[39m
[32m[Nest] 29888  - [39m23/03/2026 21:30:37 [32m    LOG[39m [38;5;3m[RouterExplorer] [39m[32mMapped {/api/email/send, POST} route[39m[38;5;3m +0ms[39m
[32m[Nest] 29888  - [39m23/03/2026 21:30:37 [32m    LOG[39m [38;5;3m[RouterExplorer] [39m[32mMapped {/api/email/test, POST} route[39m[38;5;3m +1ms[39m
[32m[Nest] 29888  - [39m23/03/2026 21:30:37 [32m    LOG[39m [38;5;3m[NestApplication] [39m[32mNest application successfully started[39m[38;5;3m +2ms[39m
🚀 API running on http://localhost:4790/api/docs
[2J[3J[H[[90m21:31:51[0m] File change detected. Starting incremental compilation...

[[90m21:31:54[0m] Found 0 errors. Watching for file changes.

[2J[3J[H[[90m21:31:54[0m] File change detected. Starting incremental compilation...

[[90m21:31:55[0m] Found 0 errors. Watching for file changes.

[32m[Nest] 30032  - [39m23/03/2026 21:31:57 [32m    LOG[39m [38;5;3m[NestFactory] [39m[32mStarting Nest application...[39m
[32m[Nest] 30032  - [39m23/03/2026 21:31:57 [32m    LOG[39m [38;5;3m[InstanceLoader] [39m[32mAppModule dependencies initialized[39m[38;5;3m +16ms[39m
[32m[Nest] 30032  - [39m23/03/2026 21:31:57 [32m    LOG[39m [38;5;3m[InstanceLoader] [39m[32mMongooseModule dependencies initialized[39m[38;5;3m +0ms[39m
[32m[Nest] 30032  - [39m23/03/2026 21:31:57 [32m    LOG[39m [38;5;3m[InstanceLoader] [39m[32mPassportModule dependencies initialized[39m[38;5;3m +0ms[39m
[32m[Nest] 30032  - [39m23/03/2026 21:31:57 [32m    LOG[39m [38;5;3m[InstanceLoader] [39m[32mConfigHostModule dependencies initialized[39m[38;5;3m +1ms[39m
[32m[Nest] 30032  - [39m23/03/2026 21:31:57 [32m    LOG[39m [38;5;3m[EmailService] [39m[32mEmail transporter initialized with Gmail SMTP[39m
[32m[Nest] 30032  - [39m23/03/2026 21:31:57 [32m    LOG[39m [38;5;3m[InstanceLoader] [39m[32mConfigModule dependencies initialized[39m[38;5;3m +1ms[39m
[32m[Nest] 30032  - [39m23/03/2026 21:31:57 [32m    LOG[39m [38;5;3m[InstanceLoader] [39m[32mConfigModule dependencies initialized[39m[38;5;3m +0ms[39m
[32m[Nest] 30032  - [39m23/03/2026 21:31:57 [32m    LOG[39m [38;5;3m[InstanceLoader] [39m[32mJwtModule dependencies initialized[39m[38;5;3m +15ms[39m
[32m[Nest] 30032  - [39m23/03/2026 21:31:57 [32m    LOG[39m [38;5;3m[InstanceLoader] [39m[32mEmailModule dependencies initialized[39m[38;5;3m +1ms[39m
[32m[Nest] 30032  - [39m23/03/2026 21:32:02 [32m    LOG[39m [38;5;3m[InstanceLoader] [39m[32mMongooseCoreModule dependencies initialized[39m[38;5;3m +5034ms[39m
[32m[Nest] 30032  - [39m23/03/2026 21:32:02 [32m    LOG[39m [38;5;3m[InstanceLoader] [39m[32mMongooseModule dependencies initialized[39m[38;5;3m +5ms[39m
[32m[Nest] 30032  - [39m23/03/2026 21:32:02 [32m    LOG[39m [38;5;3m[InstanceLoader] [39m[32mMongooseModule dependencies initialized[39m[38;5;3m +0ms[39m
[32m[Nest] 30032  - [39m23/03/2026 21:32:02 [32m    LOG[39m [38;5;3m[InstanceLoader] [39m[32mBusinessModule dependencies initialized[39m[38;5;3m +2ms[39m
[32m[Nest] 30032  - [39m23/03/2026 21:32:02 [32m    LOG[39m [38;5;3m[InstanceLoader] [39m[32mAuthModule dependencies initialized[39m[38;5;3m +0ms[39m
[32m[Nest] 30032  - [39m23/03/2026 21:32:02 [32m    LOG[39m [38;5;3m[RoutesResolver] [39m[32mAuthController {/api/auth}:[39m[38;5;3m +53ms[39m
[32m[Nest] 30032  - [39m23/03/2026 21:32:02 [32m    LOG[39m [38;5;3m[RouterExplorer] [39m[32mMapped {/api/auth/google, GET} route[39m[38;5;3m +4ms[39m
[32m[Nest] 30032  - [39m23/03/2026 21:32:02 [32m    LOG[39m [38;5;3m[RouterExplorer] [39m[32mMapped {/api/auth/google/callback, GET} route[39m[38;5;3m +1ms[39m
[32m[Nest] 30032  - [39m23/03/2026 21:32:02 [32m    LOG[39m [38;5;3m[RouterExplorer] [39m[32mMapped {/api/auth/google/exchange, POST} route[39m[38;5;3m +1ms[39m
[32m[Nest] 30032  - [39m23/03/2026 21:32:02 [32m    LOG[39m [38;5;3m[RouterExplorer] [39m[32mMapped {/api/auth/register, POST} route[39m[38;5;3m +0ms[39m
[32m[Nest] 30032  - [39m23/03/2026 21:32:02 [32m    LOG[39m [38;5;3m[RouterExplorer] [39m[32mMapped {/api/auth/login, POST} route[39m[38;5;3m +0ms[39m
[32m[Nest] 30032  - [39m23/03/2026 21:32:02 [32m    LOG[39m [38;5;3m[RouterExplorer] [39m[32mMapped {/api/auth/2fa/setup, POST} route[39m[38;5;3m +1ms[39m
[32m[Nest] 30032  - [39m23/03/2026 21:32:02 [32m    LOG[39m [38;5;3m[RouterExplorer] [39m[32mMapped {/api/auth/2fa/verify, POST} route[39m[38;5;3m +0ms[39m
[32m[Nest] 30032  - [39m23/03/2026 21:32:02 [32m    LOG[39m [38;5;3m[RouterExplorer] [39m[32mMapped {/api/auth/2fa/disable, POST} route[39m[38;5;3m +1ms[39m
[32m[Nest] 30032  - [39m23/03/2026 21:32:02 [32m    LOG[39m [38;5;3m[RouterExplorer] [39m[32mMapped {/api/auth/2fa/login, POST} route[39m[38;5;3m +0ms[39m
[32m[Nest] 30032  - [39m23/03/2026 21:32:02 [32m    LOG[39m [38;5;3m[RouterExplorer] [39m[32mMapped {/api/auth/logout, POST} route[39m[38;5;3m +1ms[39m
[32m[Nest] 30032  - [39m23/03/2026 21:32:02 [32m    LOG[39m [38;5;3m[RouterExplorer] [39m[32mMapped {/api/auth/refresh, POST} route[39m[38;5;3m +0ms[39m
[32m[Nest] 30032  - [39m23/03/2026 21:32:02 [32m    LOG[39m [38;5;3m[RouterExplorer] [39m[32mMapped {/api/auth/forgot-password, POST} route[39m[38;5;3m +1ms[39m
[32m[Nest] 30032  - [39m23/03/2026 21:32:02 [32m    LOG[39m [38;5;3m[RouterExplorer] [39m[32mMapped {/api/auth/reset-password, POST} route[39m[38;5;3m +0ms[39m
[32m[Nest] 30032  - [39m23/03/2026 21:32:02 [32m    LOG[39m [38;5;3m[RouterExplorer] [39m[32mMapped {/api/auth/confirm-email/:token, GET} route[39m[38;5;3m +0ms[39m
[32m[Nest] 30032  - [39m23/03/2026 21:32:02 [32m    LOG[39m [38;5;3m[RouterExplorer] [39m[32mMapped {/api/auth/fetchuser, GET} route[39m[38;5;3m +0ms[39m
[32m[Nest] 30032  - [39m23/03/2026 21:32:02 [32m    LOG[39m [38;5;3m[RouterExplorer] [39m[32mMapped {/api/auth/fetchuserbyid, POST} route[39m[38;5;3m +0ms[39m
[32m[Nest] 30032  - [39m23/03/2026 21:32:02 [32m    LOG[39m [38;5;3m[RouterExplorer] [39m[32mMapped {/api/auth/update, PUT} route[39m[38;5;3m +1ms[39m
[32m[Nest] 30032  - [39m23/03/2026 21:32:02 [32m    LOG[39m [38;5;3m[RouterExplorer] [39m[32mMapped {/api/auth/update, PATCH} route[39m[38;5;3m +1ms[39m
[32m[Nest] 30032  - [39m23/03/2026 21:32:02 [32m    LOG[39m [38;5;3m[RouterExplorer] [39m[32mMapped {/api/auth/delete, DELETE} route[39m[38;5;3m +0ms[39m
[32m[Nest] 30032  - [39m23/03/2026 21:32:02 [32m    LOG[39m [38;5;3m[RouterExplorer] [39m[32mMapped {/api/auth/users/:id, DELETE} route[39m[38;5;3m +1ms[39m
[32m[Nest] 30032  - [39m23/03/2026 21:32:02 [32m    LOG[39m [38;5;3m[RouterExplorer] [39m[32mMapped {/api/auth/users, GET} route[39m[38;5;3m +0ms[39m
[32m[Nest] 30032  - [39m23/03/2026 21:32:02 [32m    LOG[39m [38;5;3m[RouterExplorer] [39m[32mMapped {/api/auth/resend-confirmation-email, POST} route[39m[38;5;3m +0ms[39m
[32m[Nest] 30032  - [39m23/03/2026 21:32:02 [32m    LOG[39m [38;5;3m[RouterExplorer] [39m[32mMapped {/api/auth/change-role, PATCH} route[39m[38;5;3m +0ms[39m
[32m[Nest] 30032  - [39m23/03/2026 21:32:02 [32m    LOG[39m [38;5;3m[RouterExplorer] [39m[32mMapped {/api/auth/users/:id/ban, PATCH} route[39m[38;5;3m +1ms[39m
[32m[Nest] 30032  - [39m23/03/2026 21:32:02 [32m    LOG[39m [38;5;3m[RouterExplorer] [39m[32mMapped {/api/auth/users/:id/unban, PATCH} route[39m[38;5;3m +0ms[39m
[32m[Nest] 30032  - [39m23/03/2026 21:32:02 [32m    LOG[39m [38;5;3m[RoutesResolver] [39m[32mBusinessController {/api/business}:[39m[38;5;3m +0ms[39m
[32m[Nest] 30032  - [39m23/03/2026 21:32:02 [32m    LOG[39m [38;5;3m[RouterExplorer] [39m[32mMapped {/api/business/apply, POST} route[39m[38;5;3m +1ms[39m
[32m[Nest] 30032  - [39m23/03/2026 21:32:02 [32m    LOG[39m [38;5;3m[RouterExplorer] [39m[32mMapped {/api/business/applications, GET} route[39m[38;5;3m +0ms[39m
[32m[Nest] 30032  - [39m23/03/2026 21:32:02 [32m    LOG[39m [38;5;3m[RouterExplorer] [39m[32mMapped {/api/business/applications/:id/review, POST} route[39m[38;5;3m +1ms[39m
[32m[Nest] 30032  - [39m23/03/2026 21:32:02 [32m    LOG[39m [38;5;3m[RouterExplorer] [39m[32mMapped {/api/business/my, GET} route[39m[38;5;3m +0ms[39m
[32m[Nest] 30032  - [39m23/03/2026 21:32:02 [32m    LOG[39m [38;5;3m[RouterExplorer] [39m[32mMapped {/api/business/all, GET} route[39m[38;5;3m +0ms[39m
[32m[Nest] 30032  - [39m23/03/2026 21:32:02 [32m    LOG[39m [38;5;3m[RouterExplorer] [39m[32mMapped {/api/business/:id/tenant/metadata, GET} route[39m[38;5;3m +0ms[39m
[32m[Nest] 30032  - [39m23/03/2026 21:32:02 [32m    LOG[39m [38;5;3m[RouterExplorer] [39m[32mMapped {/api/business/:id, GET} route[39m[38;5;3m +1ms[39m
[32m[Nest] 30032  - [39m23/03/2026 21:32:02 [32m    LOG[39m [38;5;3m[RouterExplorer] [39m[32mMapped {/api/business/:id, PUT} route[39m[38;5;3m +0ms[39m
[32m[Nest] 30032  - [39m23/03/2026 21:32:02 [32m    LOG[39m [38;5;3m[RouterExplorer] [39m[32mMapped {/api/business/:id, DELETE} route[39m[38;5;3m +0ms[39m
[32m[Nest] 30032  - [39m23/03/2026 21:32:02 [32m    LOG[39m [38;5;3m[RouterExplorer] [39m[32mMapped {/api/business/:id/users, POST} route[39m[38;5;3m +0ms[39m
[32m[Nest] 30032  - [39m23/03/2026 21:32:02 [32m    LOG[39m [38;5;3m[RouterExplorer] [39m[32mMapped {/api/business/:id/users/:userId, DELETE} route[39m[38;5;3m +1ms[39m
[32m[Nest] 30032  - [39m23/03/2026 21:32:02 [32m    LOG[39m [38;5;3m[RoutesResolver] [39m[32mEmailController {/api/email}:[39m[38;5;3m +0ms[39m
[32m[Nest] 30032  - [39m23/03/2026 21:32:02 [32m    LOG[39m [38;5;3m[RouterExplorer] [39m[32mMapped {/api/email/send, POST} route[39m[38;5;3m +0ms[39m
[32m[Nest] 30032  - [39m23/03/2026 21:32:02 [32m    LOG[39m [38;5;3m[RouterExplorer] [39m[32mMapped {/api/email/test, POST} route[39m[38;5;3m +0ms[39m
[32m[Nest] 30032  - [39m23/03/2026 21:32:02 [32m    LOG[39m [38;5;3m[NestApplication] [39m[32mNest application successfully started[39m[38;5;3m +4ms[39m
🚀 API running on http://localhost:4790/api/docs
[2J[3J[H[[90m21:36:57[0m] File change detected. Starting incremental compilation...

[[90m21:36:59[0m] Found 0 errors. Watching for file changes.

[32m[Nest] 31728  - [39m23/03/2026 21:37:02 [32m    LOG[39m [38;5;3m[NestFactory] [39m[32mStarting Nest application...[39m
[32m[Nest] 31728  - [39m23/03/2026 21:37:02 [32m    LOG[39m [38;5;3m[InstanceLoader] [39m[32mAppModule dependencies initialized[39m[38;5;3m +17ms[39m
[32m[Nest] 31728  - [39m23/03/2026 21:37:02 [32m    LOG[39m [38;5;3m[InstanceLoader] [39m[32mMongooseModule dependencies initialized[39m[38;5;3m +0ms[39m
[32m[Nest] 31728  - [39m23/03/2026 21:37:02 [32m    LOG[39m [38;5;3m[InstanceLoader] [39m[32mPassportModule dependencies initialized[39m[38;5;3m +0ms[39m
[32m[Nest] 31728  - [39m23/03/2026 21:37:02 [32m    LOG[39m [38;5;3m[InstanceLoader] [39m[32mConfigHostModule dependencies initialized[39m[38;5;3m +1ms[39m
[32m[Nest] 31728  - [39m23/03/2026 21:37:02 [32m    LOG[39m [38;5;3m[EmailService] [39m[32mEmail transporter initialized with Gmail SMTP[39m
[32m[Nest] 31728  - [39m23/03/2026 21:37:02 [32m    LOG[39m [38;5;3m[InstanceLoader] [39m[32mConfigModule dependencies initialized[39m[38;5;3m +1ms[39m
[32m[Nest] 31728  - [39m23/03/2026 21:37:02 [32m    LOG[39m [38;5;3m[InstanceLoader] [39m[32mConfigModule dependencies initialized[39m[38;5;3m +0ms[39m
[32m[Nest] 31728  - [39m23/03/2026 21:37:02 [32m    LOG[39m [38;5;3m[InstanceLoader] [39m[32mJwtModule dependencies initialized[39m[38;5;3m +15ms[39m
[32m[Nest] 31728  - [39m23/03/2026 21:37:02 [32m    LOG[39m [38;5;3m[InstanceLoader] [39m[32mEmailModule dependencies initialized[39m[38;5;3m +1ms[39m
[32m[Nest] 31728  - [39m23/03/2026 21:37:07 [32m    LOG[39m [38;5;3m[InstanceLoader] [39m[32mMongooseCoreModule dependencies initialized[39m[38;5;3m +5718ms[39m
[32m[Nest] 31728  - [39m23/03/2026 21:37:07 [32m    LOG[39m [38;5;3m[InstanceLoader] [39m[32mMongooseModule dependencies initialized[39m[38;5;3m +5ms[39m
[32m[Nest] 31728  - [39m23/03/2026 21:37:07 [32m    LOG[39m [38;5;3m[InstanceLoader] [39m[32mMongooseModule dependencies initialized[39m[38;5;3m +0ms[39m
[32m[Nest] 31728  - [39m23/03/2026 21:37:07 [32m    LOG[39m [38;5;3m[InstanceLoader] [39m[32mBusinessModule dependencies initialized[39m[38;5;3m +2ms[39m
[32m[Nest] 31728  - [39m23/03/2026 21:37:07 [32m    LOG[39m [38;5;3m[InstanceLoader] [39m[32mAuthModule dependencies initialized[39m[38;5;3m +0ms[39m
[32m[Nest] 31728  - [39m23/03/2026 21:37:07 [32m    LOG[39m [38;5;3m[RoutesResolver] [39m[32mAuthController {/api/auth}:[39m[38;5;3m +36ms[39m
[32m[Nest] 31728  - [39m23/03/2026 21:37:07 [32m    LOG[39m [38;5;3m[RouterExplorer] [39m[32mMapped {/api/auth/google, GET} route[39m[38;5;3m +3ms[39m
[32m[Nest] 31728  - [39m23/03/2026 21:37:07 [32m    LOG[39m [38;5;3m[RouterExplorer] [39m[32mMapped {/api/auth/google/callback, GET} route[39m[38;5;3m +1ms[39m
[32m[Nest] 31728  - [39m23/03/2026 21:37:07 [32m    LOG[39m [38;5;3m[RouterExplorer] [39m[32mMapped {/api/auth/google/exchange, POST} route[39m[38;5;3m +0ms[39m
[32m[Nest] 31728  - [39m23/03/2026 21:37:07 [32m    LOG[39m [38;5;3m[RouterExplorer] [39m[32mMapped {/api/auth/register, POST} route[39m[38;5;3m +0ms[39m
[32m[Nest] 31728  - [39m23/03/2026 21:37:07 [32m    LOG[39m [38;5;3m[RouterExplorer] [39m[32mMapped {/api/auth/login, POST} route[39m[38;5;3m +0ms[39m
[32m[Nest] 31728  - [39m23/03/2026 21:37:07 [32m    LOG[39m [38;5;3m[RouterExplorer] [39m[32mMapped {/api/auth/2fa/setup, POST} route[39m[38;5;3m +1ms[39m
[32m[Nest] 31728  - [39m23/03/2026 21:37:07 [32m    LOG[39m [38;5;3m[RouterExplorer] [39m[32mMapped {/api/auth/2fa/verify, POST} route[39m[38;5;3m +0ms[39m
[32m[Nest] 31728  - [39m23/03/2026 21:37:07 [32m    LOG[39m [38;5;3m[RouterExplorer] [39m[32mMapped {/api/auth/2fa/disable, POST} route[39m[38;5;3m +0ms[39m
[32m[Nest] 31728  - [39m23/03/2026 21:37:07 [32m    LOG[39m [38;5;3m[RouterExplorer] [39m[32mMapped {/api/auth/2fa/login, POST} route[39m[38;5;3m +1ms[39m
[32m[Nest] 31728  - [39m23/03/2026 21:37:07 [32m    LOG[39m [38;5;3m[RouterExplorer] [39m[32mMapped {/api/auth/logout, POST} route[39m[38;5;3m +0ms[39m
[32m[Nest] 31728  - [39m23/03/2026 21:37:07 [32m    LOG[39m [38;5;3m[RouterExplorer] [39m[32mMapped {/api/auth/refresh, POST} route[39m[38;5;3m +0ms[39m
[32m[Nest] 31728  - [39m23/03/2026 21:37:07 [32m    LOG[39m [38;5;3m[RouterExplorer] [39m[32mMapped {/api/auth/forgot-password, POST} route[39m[38;5;3m +0ms[39m
[32m[Nest] 31728  - [39m23/03/2026 21:37:07 [32m    LOG[39m [38;5;3m[RouterExplorer] [39m[32mMapped {/api/auth/reset-password, POST} route[39m[38;5;3m +0ms[39m
[32m[Nest] 31728  - [39m23/03/2026 21:37:07 [32m    LOG[39m [38;5;3m[RouterExplorer] [39m[32mMapped {/api/auth/confirm-email/:token, GET} route[39m[38;5;3m +1ms[39m
[32m[Nest] 31728  - [39m23/03/2026 21:37:07 [32m    LOG[39m [38;5;3m[RouterExplorer] [39m[32mMapped {/api/auth/fetchuser, GET} route[39m[38;5;3m +0ms[39m
[32m[Nest] 31728  - [39m23/03/2026 21:37:07 [32m    LOG[39m [38;5;3m[RouterExplorer] [39m[32mMapped {/api/auth/fetchuserbyid, POST} route[39m[38;5;3m +0ms[39m
[32m[Nest] 31728  - [39m23/03/2026 21:37:07 [32m    LOG[39m [38;5;3m[RouterExplorer] [39m[32mMapped {/api/auth/update, PUT} route[39m[38;5;3m +0ms[39m
[32m[Nest] 31728  - [39m23/03/2026 21:37:07 [32m    LOG[39m [38;5;3m[RouterExplorer] [39m[32mMapped {/api/auth/update, PATCH} route[39m[38;5;3m +0ms[39m
[32m[Nest] 31728  - [39m23/03/2026 21:37:07 [32m    LOG[39m [38;5;3m[RouterExplorer] [39m[32mMapped {/api/auth/delete, DELETE} route[39m[38;5;3m +0ms[39m
[32m[Nest] 31728  - [39m23/03/2026 21:37:07 [32m    LOG[39m [38;5;3m[RouterExplorer] [39m[32mMapped {/api/auth/users/:id, DELETE} route[39m[38;5;3m +1ms[39m
[32m[Nest] 31728  - [39m23/03/2026 21:37:07 [32m    LOG[39m [38;5;3m[RouterExplorer] [39m[32mMapped {/api/auth/users, GET} route[39m[38;5;3m +0ms[39m
[32m[Nest] 31728  - [39m23/03/2026 21:37:07 [32m    LOG[39m [38;5;3m[RouterExplorer] [39m[32mMapped {/api/auth/resend-confirmation-email, POST} route[39m[38;5;3m +0ms[39m
[32m[Nest] 31728  - [39m23/03/2026 21:37:07 [32m    LOG[39m [38;5;3m[RouterExplorer] [39m[32mMapped {/api/auth/change-role, PATCH} route[39m[38;5;3m +0ms[39m
[32m[Nest] 31728  - [39m23/03/2026 21:37:07 [32m    LOG[39m [38;5;3m[RouterExplorer] [39m[32mMapped {/api/auth/users/:id/ban, PATCH} route[39m[38;5;3m +0ms[39m
[32m[Nest] 31728  - [39m23/03/2026 21:37:07 [32m    LOG[39m [38;5;3m[RouterExplorer] [39m[32mMapped {/api/auth/users/:id/unban, PATCH} route[39m[38;5;3m +0ms[39m
[32m[Nest] 31728  - [39m23/03/2026 21:37:07 [32m    LOG[39m [38;5;3m[RoutesResolver] [39m[32mBusinessController {/api/business}:[39m[38;5;3m +0ms[39m
[32m[Nest] 31728  - [39m23/03/2026 21:37:07 [32m    LOG[39m [38;5;3m[RouterExplorer] [39m[32mMapped {/api/business/apply, POST} route[39m[38;5;3m +0ms[39m
[32m[Nest] 31728  - [39m23/03/2026 21:37:07 [32m    LOG[39m [38;5;3m[RouterExplorer] [39m[32mMapped {/api/business/applications, GET} route[39m[38;5;3m +1ms[39m
[32m[Nest] 31728  - [39m23/03/2026 21:37:07 [32m    LOG[39m [38;5;3m[RouterExplorer] [39m[32mMapped {/api/business/applications/:id/review, POST} route[39m[38;5;3m +0ms[39m
[32m[Nest] 31728  - [39m23/03/2026 21:37:07 [32m    LOG[39m [38;5;3m[RouterExplorer] [39m[32mMapped {/api/business/my, GET} route[39m[38;5;3m +0ms[39m
[32m[Nest] 31728  - [39m23/03/2026 21:37:07 [32m    LOG[39m [38;5;3m[RouterExplorer] [39m[32mMapped {/api/business/all, GET} route[39m[38;5;3m +0ms[39m
[32m[Nest] 31728  - [39m23/03/2026 21:37:07 [32m    LOG[39m [38;5;3m[RouterExplorer] [39m[32mMapped {/api/business/:id/tenant/metadata, GET} route[39m[38;5;3m +0ms[39m
[32m[Nest] 31728  - [39m23/03/2026 21:37:07 [32m    LOG[39m [38;5;3m[RouterExplorer] [39m[32mMapped {/api/business/:id, GET} route[39m[38;5;3m +0ms[39m
[32m[Nest] 31728  - [39m23/03/2026 21:37:07 [32m    LOG[39m [38;5;3m[RouterExplorer] [39m[32mMapped {/api/business/:id, PUT} route[39m[38;5;3m +0ms[39m
[32m[Nest] 31728  - [39m23/03/2026 21:37:07 [32m    LOG[39m [38;5;3m[RouterExplorer] [39m[32mMapped {/api/business/:id, DELETE} route[39m[38;5;3m +1ms[39m
[32m[Nest] 31728  - [39m23/03/2026 21:37:07 [32m    LOG[39m [38;5;3m[RouterExplorer] [39m[32mMapped {/api/business/:id/users, POST} route[39m[38;5;3m +0ms[39m
[32m[Nest] 31728  - [39m23/03/2026 21:37:07 [32m    LOG[39m [38;5;3m[RouterExplorer] [39m[32mMapped {/api/business/:id/users/:userId, DELETE} route[39m[38;5;3m +0ms[39m
[32m[Nest] 31728  - [39m23/03/2026 21:37:07 [32m    LOG[39m [38;5;3m[RoutesResolver] [39m[32mEmailController {/api/email}:[39m[38;5;3m +0ms[39m
[32m[Nest] 31728  - [39m23/03/2026 21:37:07 [32m    LOG[39m [38;5;3m[RouterExplorer] [39m[32mMapped {/api/email/send, POST} route[39m[38;5;3m +0ms[39m
[32m[Nest] 31728  - [39m23/03/2026 21:37:07 [32m    LOG[39m [38;5;3m[RouterExplorer] [39m[32mMapped {/api/email/test, POST} route[39m[38;5;3m +0ms[39m
[32m[Nest] 31728  - [39m23/03/2026 21:37:07 [32m    LOG[39m [38;5;3m[NestApplication] [39m[32mNest application successfully started[39m[38;5;3m +3ms[39m
🚀 API running on http://localhost:4790/api/docs
[2J[3J[H[[90m21:48:46[0m] File change detected. Starting incremental compilation...

[[90m21:48:47[0m] Found 0 errors. Watching for file changes.

[2J[3J[H[[90m21:48:48[0m] File change detected. Starting incremental compilation...

[[90m21:48:49[0m] Found 0 errors. Watching for file changes.

[2J[3J[H[[90m21:48:50[0m] File change detected. Starting incremental compilation...

[[90m21:48:51[0m] Found 0 errors. Watching for file changes.

[32m[Nest] 31008  - [39m23/03/2026 21:48:54 [32m    LOG[39m [38;5;3m[NestFactory] [39m[32mStarting Nest application...[39m
[32m[Nest] 31008  - [39m23/03/2026 21:48:54 [32m    LOG[39m [38;5;3m[InstanceLoader] [39m[32mAppModule dependencies initialized[39m[38;5;3m +26ms[39m
[32m[Nest] 31008  - [39m23/03/2026 21:48:54 [32m    LOG[39m [38;5;3m[InstanceLoader] [39m[32mMongooseModule dependencies initialized[39m[38;5;3m +1ms[39m
[32m[Nest] 31008  - [39m23/03/2026 21:48:54 [32m    LOG[39m [38;5;3m[InstanceLoader] [39m[32mPassportModule dependencies initialized[39m[38;5;3m +0ms[39m
[32m[Nest] 31008  - [39m23/03/2026 21:48:54 [32m    LOG[39m [38;5;3m[InstanceLoader] [39m[32mConfigHostModule dependencies initialized[39m[38;5;3m +0ms[39m
[32m[Nest] 31008  - [39m23/03/2026 21:48:54 [32m    LOG[39m [38;5;3m[EmailService] [39m[32mEmail transporter initialized with Gmail SMTP[39m
[32m[Nest] 31008  - [39m23/03/2026 21:48:54 [32m    LOG[39m [38;5;3m[InstanceLoader] [39m[32mConfigModule dependencies initialized[39m[38;5;3m +1ms[39m
[32m[Nest] 31008  - [39m23/03/2026 21:48:54 [32m    LOG[39m [38;5;3m[InstanceLoader] [39m[32mConfigModule dependencies initialized[39m[38;5;3m +0ms[39m
[32m[Nest] 31008  - [39m23/03/2026 21:48:54 [32m    LOG[39m [38;5;3m[InstanceLoader] [39m[32mJwtModule dependencies initialized[39m[38;5;3m +17ms[39m
[32m[Nest] 31008  - [39m23/03/2026 21:48:54 [32m    LOG[39m [38;5;3m[InstanceLoader] [39m[32mEmailModule dependencies initialized[39m[38;5;3m +1ms[39m
[32m[Nest] 31008  - [39m23/03/2026 21:48:55 [32m    LOG[39m [38;5;3m[InstanceLoader] [39m[32mMongooseCoreModule dependencies initialized[39m[38;5;3m +697ms[39m
[32m[Nest] 31008  - [39m23/03/2026 21:48:55 [32m    LOG[39m [38;5;3m[InstanceLoader] [39m[32mMongooseModule dependencies initialized[39m[38;5;3m +4ms[39m
[32m[Nest] 31008  - [39m23/03/2026 21:48:55 [32m    LOG[39m [38;5;3m[InstanceLoader] [39m[32mMongooseModule dependencies initialized[39m[38;5;3m +1ms[39m
[32m[Nest] 31008  - [39m23/03/2026 21:48:55 [32m    LOG[39m [38;5;3m[InstanceLoader] [39m[32mBusinessModule dependencies initialized[39m[38;5;3m +1ms[39m
[32m[Nest] 31008  - [39m23/03/2026 21:48:55 [32m    LOG[39m [38;5;3m[InstanceLoader] [39m[32mAuthModule dependencies initialized[39m[38;5;3m +0ms[39m
[32m[Nest] 31008  - [39m23/03/2026 21:48:55 [32m    LOG[39m [38;5;3m[RoutesResolver] [39m[32mAuthController {/api/auth}:[39m[38;5;3m +48ms[39m
[32m[Nest] 31008  - [39m23/03/2026 21:48:55 [32m    LOG[39m [38;5;3m[RouterExplorer] [39m[32mMapped {/api/auth/google, GET} route[39m[38;5;3m +3ms[39m
[32m[Nest] 31008  - [39m23/03/2026 21:48:55 [32m    LOG[39m [38;5;3m[RouterExplorer] [39m[32mMapped {/api/auth/google/callback, GET} route[39m[38;5;3m +0ms[39m
[32m[Nest] 31008  - [39m23/03/2026 21:48:55 [32m    LOG[39m [38;5;3m[RouterExplorer] [39m[32mMapped {/api/auth/google/exchange, POST} route[39m[38;5;3m +1ms[39m
[32m[Nest] 31008  - [39m23/03/2026 21:48:55 [32m    LOG[39m [38;5;3m[RouterExplorer] [39m[32mMapped {/api/auth/register, POST} route[39m[38;5;3m +0ms[39m
[32m[Nest] 31008  - [39m23/03/2026 21:48:55 [32m    LOG[39m [38;5;3m[RouterExplorer] [39m[32mMapped {/api/auth/login, POST} route[39m[38;5;3m +0ms[39m
[32m[Nest] 31008  - [39m23/03/2026 21:48:55 [32m    LOG[39m [38;5;3m[RouterExplorer] [39m[32mMapped {/api/auth/2fa/setup, POST} route[39m[38;5;3m +0ms[39m
[32m[Nest] 31008  - [39m23/03/2026 21:48:55 [32m    LOG[39m [38;5;3m[RouterExplorer] [39m[32mMapped {/api/auth/2fa/verify, POST} route[39m[38;5;3m +1ms[39m
[32m[Nest] 31008  - [39m23/03/2026 21:48:55 [32m    LOG[39m [38;5;3m[RouterExplorer] [39m[32mMapped {/api/auth/2fa/disable, POST} route[39m[38;5;3m +0ms[39m
[32m[Nest] 31008  - [39m23/03/2026 21:48:55 [32m    LOG[39m [38;5;3m[RouterExplorer] [39m[32mMapped {/api/auth/2fa/login, POST} route[39m[38;5;3m +0ms[39m
[32m[Nest] 31008  - [39m23/03/2026 21:48:55 [32m    LOG[39m [38;5;3m[RouterExplorer] [39m[32mMapped {/api/auth/logout, POST} route[39m[38;5;3m +1ms[39m
[32m[Nest] 31008  - [39m23/03/2026 21:48:55 [32m    LOG[39m [38;5;3m[RouterExplorer] [39m[32mMapped {/api/auth/refresh, POST} route[39m[38;5;3m +0ms[39m
[32m[Nest] 31008  - [39m23/03/2026 21:48:55 [32m    LOG[39m [38;5;3m[RouterExplorer] [39m[32mMapped {/api/auth/forgot-password, POST} route[39m[38;5;3m +0ms[39m
[32m[Nest] 31008  - [39m23/03/2026 21:48:55 [32m    LOG[39m [38;5;3m[RouterExplorer] [39m[32mMapped {/api/auth/reset-password, POST} route[39m[38;5;3m +0ms[39m
[32m[Nest] 31008  - [39m23/03/2026 21:48:55 [32m    LOG[39m [38;5;3m[RouterExplorer] [39m[32mMapped {/api/auth/confirm-email/:token, GET} route[39m[38;5;3m +1ms[39m
[32m[Nest] 31008  - [39m23/03/2026 21:48:55 [32m    LOG[39m [38;5;3m[RouterExplorer] [39m[32mMapped {/api/auth/fetchuser, GET} route[39m[38;5;3m +0ms[39m
[32m[Nest] 31008  - [39m23/03/2026 21:48:55 [32m    LOG[39m [38;5;3m[RouterExplorer] [39m[32mMapped {/api/auth/fetchuserbyid, POST} route[39m[38;5;3m +0ms[39m
[32m[Nest] 31008  - [39m23/03/2026 21:48:55 [32m    LOG[39m [38;5;3m[RouterExplorer] [39m[32mMapped {/api/auth/update, PUT} route[39m[38;5;3m +0ms[39m
[32m[Nest] 31008  - [39m23/03/2026 21:48:55 [32m    LOG[39m [38;5;3m[RouterExplorer] [39m[32mMapped {/api/auth/update, PATCH} route[39m[38;5;3m +1ms[39m
[32m[Nest] 31008  - [39m23/03/2026 21:48:55 [32m    LOG[39m [38;5;3m[RouterExplorer] [39m[32mMapped {/api/auth/delete, DELETE} route[39m[38;5;3m +0ms[39m
[32m[Nest] 31008  - [39m23/03/2026 21:48:55 [32m    LOG[39m [38;5;3m[RouterExplorer] [39m[32mMapped {/api/auth/users/:id, DELETE} route[39m[38;5;3m +0ms[39m
[32m[Nest] 31008  - [39m23/03/2026 21:48:55 [32m    LOG[39m [38;5;3m[RouterExplorer] [39m[32mMapped {/api/auth/users, GET} route[39m[38;5;3m +0ms[39m
[32m[Nest] 31008  - [39m23/03/2026 21:48:55 [32m    LOG[39m [38;5;3m[RouterExplorer] [39m[32mMapped {/api/auth/resend-confirmation-email, POST} route[39m[38;5;3m +0ms[39m
[32m[Nest] 31008  - [39m23/03/2026 21:48:55 [32m    LOG[39m [38;5;3m[RouterExplorer] [39m[32mMapped {/api/auth/change-role, PATCH} route[39m[38;5;3m +1ms[39m
[32m[Nest] 31008  - [39m23/03/2026 21:48:55 [32m    LOG[39m [38;5;3m[RouterExplorer] [39m[32mMapped {/api/auth/users/:id/ban, PATCH} route[39m[38;5;3m +0ms[39m
[32m[Nest] 31008  - [39m23/03/2026 21:48:55 [32m    LOG[39m [38;5;3m[RouterExplorer] [39m[32mMapped {/api/auth/users/:id/unban, PATCH} route[39m[38;5;3m +0ms[39m
[32m[Nest] 31008  - [39m23/03/2026 21:48:55 [32m    LOG[39m [38;5;3m[RoutesResolver] [39m[32mBusinessController {/api/business}:[39m[38;5;3m +0ms[39m
[32m[Nest] 31008  - [39m23/03/2026 21:48:55 [32m    LOG[39m [38;5;3m[RouterExplorer] [39m[32mMapped {/api/business/apply, POST} route[39m[38;5;3m +0ms[39m
[32m[Nest] 31008  - [39m23/03/2026 21:48:55 [32m    LOG[39m [38;5;3m[RouterExplorer] [39m[32mMapped {/api/business/applications, GET} route[39m[38;5;3m +0ms[39m
[32m[Nest] 31008  - [39m23/03/2026 21:48:55 [32m    LOG[39m [38;5;3m[RouterExplorer] [39m[32mMapped {/api/business/applications/:id/review, POST} route[39m[38;5;3m +1ms[39m
[32m[Nest] 31008  - [39m23/03/2026 21:48:55 [32m    LOG[39m [38;5;3m[RouterExplorer] [39m[32mMapped {/api/business/my, GET} route[39m[38;5;3m +0ms[39m
[32m[Nest] 31008  - [39m23/03/2026 21:48:55 [32m    LOG[39m [38;5;3m[RouterExplorer] [39m[32mMapped {/api/business/all, GET} route[39m[38;5;3m +0ms[39m
[32m[Nest] 31008  - [39m23/03/2026 21:48:55 [32m    LOG[39m [38;5;3m[RouterExplorer] [39m[32mMapped {/api/business/:id/tenant/metadata, GET} route[39m[38;5;3m +0ms[39m
[32m[Nest] 31008  - [39m23/03/2026 21:48:55 [32m    LOG[39m [38;5;3m[RouterExplorer] [39m[32mMapped {/api/business/:id, GET} route[39m[38;5;3m +0ms[39m
[32m[Nest] 31008  - [39m23/03/2026 21:48:55 [32m    LOG[39m [38;5;3m[RouterExplorer] [39m[32mMapped {/api/business/:id, PUT} route[39m[38;5;3m +0ms[39m
[32m[Nest] 31008  - [39m23/03/2026 21:48:55 [32m    LOG[39m [38;5;3m[RouterExplorer] [39m[32mMapped {/api/business/:id, DELETE} route[39m[38;5;3m +0ms[39m
[32m[Nest] 31008  - [39m23/03/2026 21:48:55 [32m    LOG[39m [38;5;3m[RouterExplorer] [39m[32mMapped {/api/business/:id/users, POST} route[39m[38;5;3m +1ms[39m
[32m[Nest] 31008  - [39m23/03/2026 21:48:55 [32m    LOG[39m [38;5;3m[RouterExplorer] [39m[32mMapped {/api/business/:id/users/:userId, DELETE} route[39m[38;5;3m +0ms[39m
[32m[Nest] 31008  - [39m23/03/2026 21:48:55 [32m    LOG[39m [38;5;3m[RoutesResolver] [39m[32mEmailController {/api/email}:[39m[38;5;3m +0ms[39m
[32m[Nest] 31008  - [39m23/03/2026 21:48:55 [32m    LOG[39m [38;5;3m[RouterExplorer] [39m[32mMapped {/api/email/send, POST} route[39m[38;5;3m +0ms[39m
[32m[Nest] 31008  - [39m23/03/2026 21:48:55 [32m    LOG[39m [38;5;3m[RouterExplorer] [39m[32mMapped {/api/email/test, POST} route[39m[38;5;3m +0ms[39m
[32m[Nest] 31008  - [39m23/03/2026 21:48:55 [32m    LOG[39m [38;5;3m[NestApplication] [39m[32mNest application successfully started[39m[38;5;3m +4ms[39m
🚀 API running on http://localhost:4790/api/docs
[2J[3J[H[[90m21:58:05[0m] File change detected. Starting incremental compilation...

[[90m21:58:15[0m] Found 0 errors. Watching for file changes.

[2J[3J[H[[90m21:58:15[0m] File change detected. Starting incremental compilation...

[[90m21:58:16[0m] Found 0 errors. Watching for file changes.

[32m[Nest] 13996  - [39m23/03/2026 21:58:19 [32m    LOG[39m [38;5;3m[NestFactory] [39m[32mStarting Nest application...[39m
[32m[Nest] 13996  - [39m23/03/2026 21:58:19 [32m    LOG[39m [38;5;3m[InstanceLoader] [39m[32mAppModule dependencies initialized[39m[38;5;3m +26ms[39m
[32m[Nest] 13996  - [39m23/03/2026 21:58:19 [32m    LOG[39m [38;5;3m[InstanceLoader] [39m[32mMongooseModule dependencies initialized[39m[38;5;3m +0ms[39m
[32m[Nest] 13996  - [39m23/03/2026 21:58:19 [32m    LOG[39m [38;5;3m[InstanceLoader] [39m[32mPassportModule dependencies initialized[39m[38;5;3m +0ms[39m
[32m[Nest] 13996  - [39m23/03/2026 21:58:19 [32m    LOG[39m [38;5;3m[InstanceLoader] [39m[32mConfigHostModule dependencies initialized[39m[38;5;3m +0ms[39m
[32m[Nest] 13996  - [39m23/03/2026 21:58:19 [32m    LOG[39m [38;5;3m[EmailService] [39m[32mEmail transporter initialized with Gmail SMTP[39m
[32m[Nest] 13996  - [39m23/03/2026 21:58:19 [32m    LOG[39m [38;5;3m[InstanceLoader] [39m[32mConfigModule dependencies initialized[39m[38;5;3m +1ms[39m
[32m[Nest] 13996  - [39m23/03/2026 21:58:19 [32m    LOG[39m [38;5;3m[InstanceLoader] [39m[32mConfigModule dependencies initialized[39m[38;5;3m +1ms[39m
[32m[Nest] 13996  - [39m23/03/2026 21:58:19 [32m    LOG[39m [38;5;3m[InstanceLoader] [39m[32mJwtModule dependencies initialized[39m[38;5;3m +16ms[39m
[32m[Nest] 13996  - [39m23/03/2026 21:58:19 [32m    LOG[39m [38;5;3m[InstanceLoader] [39m[32mEmailModule dependencies initialized[39m[38;5;3m +0ms[39m
[32m[Nest] 13996  - [39m23/03/2026 21:58:21 [32m    LOG[39m [38;5;3m[InstanceLoader] [39m[32mMongooseCoreModule dependencies initialized[39m[38;5;3m +1501ms[39m
[32m[Nest] 13996  - [39m23/03/2026 21:58:21 [32m    LOG[39m [38;5;3m[InstanceLoader] [39m[32mMongooseModule dependencies initialized[39m[38;5;3m +6ms[39m
[32m[Nest] 13996  - [39m23/03/2026 21:58:21 [32m    LOG[39m [38;5;3m[InstanceLoader] [39m[32mMongooseModule dependencies initialized[39m[38;5;3m +0ms[39m
[32m[Nest] 13996  - [39m23/03/2026 21:58:21 [32m    LOG[39m [38;5;3m[InstanceLoader] [39m[32mBusinessModule dependencies initialized[39m[38;5;3m +1ms[39m
[32m[Nest] 13996  - [39m23/03/2026 21:58:21 [32m    LOG[39m [38;5;3m[InstanceLoader] [39m[32mAuthModule dependencies initialized[39m[38;5;3m +0ms[39m
[32m[Nest] 13996  - [39m23/03/2026 21:58:21 [32m    LOG[39m [38;5;3m[RoutesResolver] [39m[32mAuthController {/api/auth}:[39m[38;5;3m +73ms[39m
[32m[Nest] 13996  - [39m23/03/2026 21:58:21 [32m    LOG[39m [38;5;3m[RouterExplorer] [39m[32mMapped {/api/auth/google, GET} route[39m[38;5;3m +4ms[39m
[32m[Nest] 13996  - [39m23/03/2026 21:58:21 [32m    LOG[39m [38;5;3m[RouterExplorer] [39m[32mMapped {/api/auth/google/callback, GET} route[39m[38;5;3m +0ms[39m
[32m[Nest] 13996  - [39m23/03/2026 21:58:21 [32m    LOG[39m [38;5;3m[RouterExplorer] [39m[32mMapped {/api/auth/google/exchange, POST} route[39m[38;5;3m +1ms[39m
[32m[Nest] 13996  - [39m23/03/2026 21:58:21 [32m    LOG[39m [38;5;3m[RouterExplorer] [39m[32mMapped {/api/auth/register, POST} route[39m[38;5;3m +0ms[39m
[32m[Nest] 13996  - [39m23/03/2026 21:58:21 [32m    LOG[39m [38;5;3m[RouterExplorer] [39m[32mMapped {/api/auth/login, POST} route[39m[38;5;3m +0ms[39m
[32m[Nest] 13996  - [39m23/03/2026 21:58:21 [32m    LOG[39m [38;5;3m[RouterExplorer] [39m[32mMapped {/api/auth/2fa/setup, POST} route[39m[38;5;3m +1ms[39m
[32m[Nest] 13996  - [39m23/03/2026 21:58:21 [32m    LOG[39m [38;5;3m[RouterExplorer] [39m[32mMapped {/api/auth/2fa/verify, POST} route[39m[38;5;3m +0ms[39m
[32m[Nest] 13996  - [39m23/03/2026 21:58:21 [32m    LOG[39m [38;5;3m[RouterExplorer] [39m[32mMapped {/api/auth/2fa/disable, POST} route[39m[38;5;3m +1ms[39m
[32m[Nest] 13996  - [39m23/03/2026 21:58:21 [32m    LOG[39m [38;5;3m[RouterExplorer] [39m[32mMapped {/api/auth/2fa/login, POST} route[39m[38;5;3m +0ms[39m
[32m[Nest] 13996  - [39m23/03/2026 21:58:21 [32m    LOG[39m [38;5;3m[RouterExplorer] [39m[32mMapped {/api/auth/logout, POST} route[39m[38;5;3m +1ms[39m
[32m[Nest] 13996  - [39m23/03/2026 21:58:21 [32m    LOG[39m [38;5;3m[RouterExplorer] [39m[32mMapped {/api/auth/refresh, POST} route[39m[38;5;3m +1ms[39m
[32m[Nest] 13996  - [39m23/03/2026 21:58:21 [32m    LOG[39m [38;5;3m[RouterExplorer] [39m[32mMapped {/api/auth/forgot-password, POST} route[39m[38;5;3m +0ms[39m
[32m[Nest] 13996  - [39m23/03/2026 21:58:21 [32m    LOG[39m [38;5;3m[RouterExplorer] [39m[32mMapped {/api/auth/reset-password, POST} route[39m[38;5;3m +1ms[39m
[32m[Nest] 13996  - [39m23/03/2026 21:58:21 [32m    LOG[39m [38;5;3m[RouterExplorer] [39m[32mMapped {/api/auth/confirm-email/:token, GET} route[39m[38;5;3m +0ms[39m
[32m[Nest] 13996  - [39m23/03/2026 21:58:21 [32m    LOG[39m [38;5;3m[RouterExplorer] [39m[32mMapped {/api/auth/fetchuser, GET} route[39m[38;5;3m +1ms[39m
[32m[Nest] 13996  - [39m23/03/2026 21:58:21 [32m    LOG[39m [38;5;3m[RouterExplorer] [39m[32mMapped {/api/auth/fetchuserbyid, POST} route[39m[38;5;3m +0ms[39m
[32m[Nest] 13996  - [39m23/03/2026 21:58:21 [32m    LOG[39m [38;5;3m[RouterExplorer] [39m[32mMapped {/api/auth/update, PUT} route[39m[38;5;3m +0ms[39m
[32m[Nest] 13996  - [39m23/03/2026 21:58:21 [32m    LOG[39m [38;5;3m[RouterExplorer] [39m[32mMapped {/api/auth/update, PATCH} route[39m[38;5;3m +0ms[39m
[32m[Nest] 13996  - [39m23/03/2026 21:58:21 [32m    LOG[39m [38;5;3m[RouterExplorer] [39m[32mMapped {/api/auth/delete, DELETE} route[39m[38;5;3m +1ms[39m
[32m[Nest] 13996  - [39m23/03/2026 21:58:21 [32m    LOG[39m [38;5;3m[RouterExplorer] [39m[32mMapped {/api/auth/users/:id, DELETE} route[39m[38;5;3m +0ms[39m
[32m[Nest] 13996  - [39m23/03/2026 21:58:21 [32m    LOG[39m [38;5;3m[RouterExplorer] [39m[32mMapped {/api/auth/users, GET} route[39m[38;5;3m +0ms[39m
[32m[Nest] 13996  - [39m23/03/2026 21:58:21 [32m    LOG[39m [38;5;3m[RouterExplorer] [39m[32mMapped {/api/auth/resend-confirmation-email, POST} route[39m[38;5;3m +1ms[39m
[32m[Nest] 13996  - [39m23/03/2026 21:58:21 [32m    LOG[39m [38;5;3m[RouterExplorer] [39m[32mMapped {/api/auth/change-role, PATCH} route[39m[38;5;3m +0ms[39m
[32m[Nest] 13996  - [39m23/03/2026 21:58:21 [32m    LOG[39m [38;5;3m[RouterExplorer] [39m[32mMapped {/api/auth/users/:id/ban, PATCH} route[39m[38;5;3m +0ms[39m
[32m[Nest] 13996  - [39m23/03/2026 21:58:21 [32m    LOG[39m [38;5;3m[RouterExplorer] [39m[32mMapped {/api/auth/users/:id/unban, PATCH} route[39m[38;5;3m +1ms[39m
[32m[Nest] 13996  - [39m23/03/2026 21:58:21 [32m    LOG[39m [38;5;3m[RoutesResolver] [39m[32mBusinessController {/api/business}:[39m[38;5;3m +0ms[39m
[32m[Nest] 13996  - [39m23/03/2026 21:58:21 [32m    LOG[39m [38;5;3m[RouterExplorer] [39m[32mMapped {/api/business/apply, POST} route[39m[38;5;3m +0ms[39m
[32m[Nest] 13996  - [39m23/03/2026 21:58:21 [32m    LOG[39m [38;5;3m[RouterExplorer] [39m[32mMapped {/api/business/applications, GET} route[39m[38;5;3m +0ms[39m
[32m[Nest] 13996  - [39m23/03/2026 21:58:21 [32m    LOG[39m [38;5;3m[RouterExplorer] [39m[32mMapped {/api/business/applications/:id/review, POST} route[39m[38;5;3m +1ms[39m
[32m[Nest] 13996  - [39m23/03/2026 21:58:21 [32m    LOG[39m [38;5;3m[RouterExplorer] [39m[32mMapped {/api/business/my, GET} route[39m[38;5;3m +0ms[39m
[32m[Nest] 13996  - [39m23/03/2026 21:58:21 [32m    LOG[39m [38;5;3m[RouterExplorer] [39m[32mMapped {/api/business/all, GET} route[39m[38;5;3m +1ms[39m
[32m[Nest] 13996  - [39m23/03/2026 21:58:21 [32m    LOG[39m [38;5;3m[RouterExplorer] [39m[32mMapped {/api/business/:id/tenant/metadata, GET} route[39m[38;5;3m +0ms[39m
[32m[Nest] 13996  - [39m23/03/2026 21:58:21 [32m    LOG[39m [38;5;3m[RouterExplorer] [39m[32mMapped {/api/business/:id, GET} route[39m[38;5;3m +0ms[39m
[32m[Nest] 13996  - [39m23/03/2026 21:58:21 [32m    LOG[39m [38;5;3m[RouterExplorer] [39m[32mMapped {/api/business/:id, PUT} route[39m[38;5;3m +0ms[39m
[32m[Nest] 13996  - [39m23/03/2026 21:58:21 [32m    LOG[39m [38;5;3m[RouterExplorer] [39m[32mMapped {/api/business/:id, DELETE} route[39m[38;5;3m +1ms[39m
[32m[Nest] 13996  - [39m23/03/2026 21:58:21 [32m    LOG[39m [38;5;3m[RouterExplorer] [39m[32mMapped {/api/business/:id/users, POST} route[39m[38;5;3m +0ms[39m
[32m[Nest] 13996  - [39m23/03/2026 21:58:21 [32m    LOG[39m [38;5;3m[RouterExplorer] [39m[32mMapped {/api/business/:id/users/:userId, DELETE} route[39m[38;5;3m +0ms[39m
[32m[Nest] 13996  - [39m23/03/2026 21:58:21 [32m    LOG[39m [38;5;3m[RoutesResolver] [39m[32mEmailController {/api/email}:[39m[38;5;3m +0ms[39m
[32m[Nest] 13996  - [39m23/03/2026 21:58:21 [32m    LOG[39m [38;5;3m[RouterExplorer] [39m[32mMapped {/api/email/send, POST} route[39m[38;5;3m +1ms[39m
[32m[Nest] 13996  - [39m23/03/2026 21:58:21 [32m    LOG[39m [38;5;3m[RouterExplorer] [39m[32mMapped {/api/email/test, POST} route[39m[38;5;3m +0ms[39m
[32m[Nest] 13996  - [39m23/03/2026 21:58:21 [32m    LOG[39m [38;5;3m[NestApplication] [39m[32mNest application successfully started[39m[38;5;3m +6ms[39m
🚀 API running on http://localhost:4790/api/docs
[2J[3J[H[[90m21:58:22[0m] File change detected. Starting incremental compilation...

[[90m21:58:24[0m] Found 0 errors. Watching for file changes.

[2J[3J[H[[90m21:58:24[0m] File change detected. Starting incremental compilation...

[[90m21:58:25[0m] Found 0 errors. Watching for file changes.

[32m[Nest] 23436  - [39m23/03/2026 21:58:28 [32m    LOG[39m [38;5;3m[NestFactory] [39m[32mStarting Nest application...[39m
[32m[Nest] 23436  - [39m23/03/2026 21:58:28 [32m    LOG[39m [38;5;3m[InstanceLoader] [39m[32mAppModule dependencies initialized[39m[38;5;3m +28ms[39m
[32m[Nest] 23436  - [39m23/03/2026 21:58:28 [32m    LOG[39m [38;5;3m[InstanceLoader] [39m[32mMongooseModule dependencies initialized[39m[38;5;3m +0ms[39m
[32m[Nest] 23436  - [39m23/03/2026 21:58:28 [32m    LOG[39m [38;5;3m[InstanceLoader] [39m[32mPassportModule dependencies initialized[39m[38;5;3m +0ms[39m
[32m[Nest] 23436  - [39m23/03/2026 21:58:28 [32m    LOG[39m [38;5;3m[InstanceLoader] [39m[32mConfigHostModule dependencies initialized[39m[38;5;3m +1ms[39m
[32m[Nest] 23436  - [39m23/03/2026 21:58:28 [32m    LOG[39m [38;5;3m[EmailService] [39m[32mEmail transporter initialized with Gmail SMTP[39m
[32m[Nest] 23436  - [39m23/03/2026 21:58:28 [32m    LOG[39m [38;5;3m[InstanceLoader] [39m[32mConfigModule dependencies initialized[39m[38;5;3m +2ms[39m
[32m[Nest] 23436  - [39m23/03/2026 21:58:28 [32m    LOG[39m [38;5;3m[InstanceLoader] [39m[32mConfigModule dependencies initialized[39m[38;5;3m +1ms[39m
[32m[Nest] 23436  - [39m23/03/2026 21:58:28 [32m    LOG[39m [38;5;3m[InstanceLoader] [39m[32mJwtModule dependencies initialized[39m[38;5;3m +18ms[39m
[32m[Nest] 23436  - [39m23/03/2026 21:58:28 [32m    LOG[39m [38;5;3m[InstanceLoader] [39m[32mEmailModule dependencies initialized[39m[38;5;3m +2ms[39m
[32m[Nest] 23436  - [39m23/03/2026 21:58:29 [32m    LOG[39m [38;5;3m[InstanceLoader] [39m[32mMongooseCoreModule dependencies initialized[39m[38;5;3m +560ms[39m
[32m[Nest] 23436  - [39m23/03/2026 21:58:29 [32m    LOG[39m [38;5;3m[InstanceLoader] [39m[32mMongooseModule dependencies initialized[39m[38;5;3m +6ms[39m
[32m[Nest] 23436  - [39m23/03/2026 21:58:29 [32m    LOG[39m [38;5;3m[InstanceLoader] [39m[32mMongooseModule dependencies initialized[39m[38;5;3m +1ms[39m
[32m[Nest] 23436  - [39m23/03/2026 21:58:29 [32m    LOG[39m [38;5;3m[InstanceLoader] [39m[32mBusinessModule dependencies initialized[39m[38;5;3m +1ms[39m
[32m[Nest] 23436  - [39m23/03/2026 21:58:29 [32m    LOG[39m [38;5;3m[InstanceLoader] [39m[32mAuthModule dependencies initialized[39m[38;5;3m +1ms[39m
[32m[Nest] 23436  - [39m23/03/2026 21:58:29 [32m    LOG[39m [38;5;3m[RoutesResolver] [39m[32mAuthController {/api/auth}:[39m[38;5;3m +51ms[39m
[32m[Nest] 23436  - [39m23/03/2026 21:58:29 [32m    LOG[39m [38;5;3m[RouterExplorer] [39m[32mMapped {/api/auth/google, GET} route[39m[38;5;3m +4ms[39m
[32m[Nest] 23436  - [39m23/03/2026 21:58:29 [32m    LOG[39m [38;5;3m[RouterExplorer] [39m[32mMapped {/api/auth/google/callback, GET} route[39m[38;5;3m +2ms[39m
[32m[Nest] 23436  - [39m23/03/2026 21:58:29 [32m    LOG[39m [38;5;3m[RouterExplorer] [39m[32mMapped {/api/auth/google/exchange, POST} route[39m[38;5;3m +1ms[39m
[32m[Nest] 23436  - [39m23/03/2026 21:58:29 [32m    LOG[39m [38;5;3m[RouterExplorer] [39m[32mMapped {/api/auth/register, POST} route[39m[38;5;3m +1ms[39m
[32m[Nest] 23436  - [39m23/03/2026 21:58:29 [32m    LOG[39m [38;5;3m[RouterExplorer] [39m[32mMapped {/api/auth/login, POST} route[39m[38;5;3m +0ms[39m
[32m[Nest] 23436  - [39m23/03/2026 21:58:29 [32m    LOG[39m [38;5;3m[RouterExplorer] [39m[32mMapped {/api/auth/2fa/setup, POST} route[39m[38;5;3m +1ms[39m
[32m[Nest] 23436  - [39m23/03/2026 21:58:29 [32m    LOG[39m [38;5;3m[RouterExplorer] [39m[32mMapped {/api/auth/2fa/verify, POST} route[39m[38;5;3m +0ms[39m
[32m[Nest] 23436  - [39m23/03/2026 21:58:29 [32m    LOG[39m [38;5;3m[RouterExplorer] [39m[32mMapped {/api/auth/2fa/disable, POST} route[39m[38;5;3m +0ms[39m
[32m[Nest] 23436  - [39m23/03/2026 21:58:29 [32m    LOG[39m [38;5;3m[RouterExplorer] [39m[32mMapped {/api/auth/2fa/login, POST} route[39m[38;5;3m +1ms[39m
[32m[Nest] 23436  - [39m23/03/2026 21:58:29 [32m    LOG[39m [38;5;3m[RouterExplorer] [39m[32mMapped {/api/auth/logout, POST} route[39m[38;5;3m +0ms[39m
[32m[Nest] 23436  - [39m23/03/2026 21:58:29 [32m    LOG[39m [38;5;3m[RouterExplorer] [39m[32mMapped {/api/auth/refresh, POST} route[39m[38;5;3m +0ms[39m
[32m[Nest] 23436  - [39m23/03/2026 21:58:29 [32m    LOG[39m [38;5;3m[RouterExplorer] [39m[32mMapped {/api/auth/forgot-password, POST} route[39m[38;5;3m +0ms[39m
[32m[Nest] 23436  - [39m23/03/2026 21:58:29 [32m    LOG[39m [38;5;3m[RouterExplorer] [39m[32mMapped {/api/auth/reset-password, POST} route[39m[38;5;3m +0ms[39m
[32m[Nest] 23436  - [39m23/03/2026 21:58:29 [32m    LOG[39m [38;5;3m[RouterExplorer] [39m[32mMapped {/api/auth/confirm-email/:token, GET} route[39m[38;5;3m +1ms[39m
[32m[Nest] 23436  - [39m23/03/2026 21:58:29 [32m    LOG[39m [38;5;3m[RouterExplorer] [39m[32mMapped {/api/auth/fetchuser, GET} route[39m[38;5;3m +1ms[39m
[32m[Nest] 23436  - [39m23/03/2026 21:58:29 [32m    LOG[39m [38;5;3m[RouterExplorer] [39m[32mMapped {/api/auth/fetchuserbyid, POST} route[39m[38;5;3m +1ms[39m
[32m[Nest] 23436  - [39m23/03/2026 21:58:29 [32m    LOG[39m [38;5;3m[RouterExplorer] [39m[32mMapped {/api/auth/update, PUT} route[39m[38;5;3m +1ms[39m
[32m[Nest] 23436  - [39m23/03/2026 21:58:29 [32m    LOG[39m [38;5;3m[RouterExplorer] [39m[32mMapped {/api/auth/update, PATCH} route[39m[38;5;3m +0ms[39m
[32m[Nest] 23436  - [39m23/03/2026 21:58:29 [32m    LOG[39m [38;5;3m[RouterExplorer] [39m[32mMapped {/api/auth/delete, DELETE} route[39m[38;5;3m +0ms[39m
[32m[Nest] 23436  - [39m23/03/2026 21:58:29 [32m    LOG[39m [38;5;3m[RouterExplorer] [39m[32mMapped {/api/auth/users/:id, DELETE} route[39m[38;5;3m +0ms[39m
[32m[Nest] 23436  - [39m23/03/2026 21:58:29 [32m    LOG[39m [38;5;3m[RouterExplorer] [39m[32mMapped {/api/auth/users, GET} route[39m[38;5;3m +1ms[39m
[32m[Nest] 23436  - [39m23/03/2026 21:58:29 [32m    LOG[39m [38;5;3m[RouterExplorer] [39m[32mMapped {/api/auth/resend-confirmation-email, POST} route[39m[38;5;3m +0ms[39m
[32m[Nest] 23436  - [39m23/03/2026 21:58:29 [32m    LOG[39m [38;5;3m[RouterExplorer] [39m[32mMapped {/api/auth/change-role, PATCH} route[39m[38;5;3m +0ms[39m
[32m[Nest] 23436  - [39m23/03/2026 21:58:29 [32m    LOG[39m [38;5;3m[RouterExplorer] [39m[32mMapped {/api/auth/users/:id/ban, PATCH} route[39m[38;5;3m +0ms[39m
[32m[Nest] 23436  - [39m23/03/2026 21:58:29 [32m    LOG[39m [38;5;3m[RouterExplorer] [39m[32mMapped {/api/auth/users/:id/unban, PATCH} route[39m[38;5;3m +0ms[39m
[32m[Nest] 23436  - [39m23/03/2026 21:58:29 [32m    LOG[39m [38;5;3m[RoutesResolver] [39m[32mBusinessController {/api/business}:[39m[38;5;3m +1ms[39m
[32m[Nest] 23436  - [39m23/03/2026 21:58:29 [32m    LOG[39m [38;5;3m[RouterExplorer] [39m[32mMapped {/api/business/apply, POST} route[39m[38;5;3m +0ms[39m
[32m[Nest] 23436  - [39m23/03/2026 21:58:29 [32m    LOG[39m [38;5;3m[RouterExplorer] [39m[32mMapped {/api/business/applications, GET} route[39m[38;5;3m +0ms[39m
[32m[Nest] 23436  - [39m23/03/2026 21:58:29 [32m    LOG[39m [38;5;3m[RouterExplorer] [39m[32mMapped {/api/business/applications/:id/review, POST} route[39m[38;5;3m +1ms[39m
[32m[Nest] 23436  - [39m23/03/2026 21:58:29 [32m    LOG[39m [38;5;3m[RouterExplorer] [39m[32mMapped {/api/business/my, GET} route[39m[38;5;3m +0ms[39m
[32m[Nest] 23436  - [39m23/03/2026 21:58:29 [32m    LOG[39m [38;5;3m[RouterExplorer] [39m[32mMapped {/api/business/all, GET} route[39m[38;5;3m +1ms[39m
[32m[Nest] 23436  - [39m23/03/2026 21:58:29 [32m    LOG[39m [38;5;3m[RouterExplorer] [39m[32mMapped {/api/business/:id/tenant/metadata, GET} route[39m[38;5;3m +0ms[39m
[32m[Nest] 23436  - [39m23/03/2026 21:58:29 [32m    LOG[39m [38;5;3m[RouterExplorer] [39m[32mMapped {/api/business/:id, GET} route[39m[38;5;3m +0ms[39m
[32m[Nest] 23436  - [39m23/03/2026 21:58:29 [32m    LOG[39m [38;5;3m[RouterExplorer] [39m[32mMapped {/api/business/:id, PUT} route[39m[38;5;3m +1ms[39m
[32m[Nest] 23436  - [39m23/03/2026 21:58:29 [32m    LOG[39m [38;5;3m[RouterExplorer] [39m[32mMapped {/api/business/:id, DELETE} route[39m[38;5;3m +0ms[39m
[32m[Nest] 23436  - [39m23/03/2026 21:58:29 [32m    LOG[39m [38;5;3m[RouterExplorer] [39m[32mMapped {/api/business/:id/users, POST} route[39m[38;5;3m +0ms[39m
[32m[Nest] 23436  - [39m23/03/2026 21:58:29 [32m    LOG[39m [38;5;3m[RouterExplorer] [39m[32mMapped {/api/business/:id/users/:userId, DELETE} route[39m[38;5;3m +1ms[39m
[32m[Nest] 23436  - [39m23/03/2026 21:58:29 [32m    LOG[39m [38;5;3m[RoutesResolver] [39m[32mEmailController {/api/email}:[39m[38;5;3m +0ms[39m
[32m[Nest] 23436  - [39m23/03/2026 21:58:29 [32m    LOG[39m [38;5;3m[RouterExplorer] [39m[32mMapped {/api/email/send, POST} route[39m[38;5;3m +0ms[39m
[32m[Nest] 23436  - [39m23/03/2026 21:58:29 [32m    LOG[39m [38;5;3m[RouterExplorer] [39m[32mMapped {/api/email/test, POST} route[39m[38;5;3m +0ms[39m
[32m[Nest] 23436  - [39m23/03/2026 21:58:29 [32m    LOG[39m [38;5;3m[NestApplication] [39m[32mNest application successfully started[39m[38;5;3m +2ms[39m
🚀 API running on http://localhost:4790/api/docs
[2J[3J[H[[90m21:58:31[0m] File change detected. Starting incremental compilation...

[[90m21:58:32[0m] Found 0 errors. Watching for file changes.

[2J[3J[H[[90m21:58:32[0m] File change detected. Starting incremental compilation...

[96msrc/audit/audit.controller.ts[0m:[93m31[0m:[93m45[0m - [91merror[0m[90m TS2345: [0mArgument of type 'string | undefined' is not assignable to parameter of type 'string'.
  Type 'undefined' is not assignable to type 'string'.

[7m31[0m     const pageNumber = Math.max(1, parseInt(page) || 1);
[7m  [0m [91m                                            ~~~~[0m

[96msrc/audit/audit.controller.ts[0m:[93m32[0m:[93m46[0m - [91merror[0m[90m TS2345: [0mArgument of type 'string | undefined' is not assignable to parameter of type 'string'.
  Type 'undefined' is not assignable to type 'string'.

[7m32[0m     const limitNumber = Math.max(1, parseInt(limit) || 10);
[7m  [0m [91m                                             ~~~~~[0m

[[90m21:58:33[0m] Found 2 errors. Watching for file changes.

[32m[Nest] 23528  - [39m23/03/2026 21:58:35 [32m    LOG[39m [38;5;3m[NestFactory] [39m[32mStarting Nest application...[39m
[32m[Nest] 23528  - [39m23/03/2026 21:58:35 [32m    LOG[39m [38;5;3m[InstanceLoader] [39m[32mAppModule dependencies initialized[39m[38;5;3m +33ms[39m
[32m[Nest] 23528  - [39m23/03/2026 21:58:35 [32m    LOG[39m [38;5;3m[InstanceLoader] [39m[32mMongooseModule dependencies initialized[39m[38;5;3m +0ms[39m
[32m[Nest] 23528  - [39m23/03/2026 21:58:35 [32m    LOG[39m [38;5;3m[InstanceLoader] [39m[32mPassportModule dependencies initialized[39m[38;5;3m +0ms[39m
[32m[Nest] 23528  - [39m23/03/2026 21:58:35 [32m    LOG[39m [38;5;3m[InstanceLoader] [39m[32mConfigHostModule dependencies initialized[39m[38;5;3m +1ms[39m
[32m[Nest] 23528  - [39m23/03/2026 21:58:35 [32m    LOG[39m [38;5;3m[EmailService] [39m[32mEmail transporter initialized with Gmail SMTP[39m
[32m[Nest] 23528  - [39m23/03/2026 21:58:35 [32m    LOG[39m [38;5;3m[InstanceLoader] [39m[32mConfigModule dependencies initialized[39m[38;5;3m +2ms[39m
[32m[Nest] 23528  - [39m23/03/2026 21:58:35 [32m    LOG[39m [38;5;3m[InstanceLoader] [39m[32mConfigModule dependencies initialized[39m[38;5;3m +0ms[39m
[32m[Nest] 23528  - [39m23/03/2026 21:58:35 [32m    LOG[39m [38;5;3m[InstanceLoader] [39m[32mJwtModule dependencies initialized[39m[38;5;3m +25ms[39m
[32m[Nest] 23528  - [39m23/03/2026 21:58:35 [32m    LOG[39m [38;5;3m[InstanceLoader] [39m[32mEmailModule dependencies initialized[39m[38;5;3m +2ms[39m
[32m[Nest] 23528  - [39m23/03/2026 21:58:36 [32m    LOG[39m [38;5;3m[InstanceLoader] [39m[32mMongooseCoreModule dependencies initialized[39m[38;5;3m +766ms[39m
[32m[Nest] 23528  - [39m23/03/2026 21:58:36 [32m    LOG[39m [38;5;3m[InstanceLoader] [39m[32mMongooseModule dependencies initialized[39m[38;5;3m +10ms[39m
[32m[Nest] 23528  - [39m23/03/2026 21:58:36 [32m    LOG[39m [38;5;3m[InstanceLoader] [39m[32mMongooseModule dependencies initialized[39m[38;5;3m +0ms[39m
[32m[Nest] 23528  - [39m23/03/2026 21:58:36 [32m    LOG[39m [38;5;3m[InstanceLoader] [39m[32mBusinessModule dependencies initialized[39m[38;5;3m +3ms[39m
[32m[Nest] 23528  - [39m23/03/2026 21:58:36 [32m    LOG[39m [38;5;3m[InstanceLoader] [39m[32mAuthModule dependencies initialized[39m[38;5;3m +0ms[39m
[32m[Nest] 23528  - [39m23/03/2026 21:58:36 [32m    LOG[39m [38;5;3m[RoutesResolver] [39m[32mAuthController {/api/auth}:[39m[38;5;3m +72ms[39m
[32m[Nest] 23528  - [39m23/03/2026 21:58:36 [32m    LOG[39m [38;5;3m[RouterExplorer] [39m[32mMapped {/api/auth/google, GET} route[39m[38;5;3m +3ms[39m
[32m[Nest] 23528  - [39m23/03/2026 21:58:36 [32m    LOG[39m [38;5;3m[RouterExplorer] [39m[32mMapped {/api/auth/google/callback, GET} route[39m[38;5;3m +1ms[39m
[32m[Nest] 23528  - [39m23/03/2026 21:58:36 [32m    LOG[39m [38;5;3m[RouterExplorer] [39m[32mMapped {/api/auth/google/exchange, POST} route[39m[38;5;3m +0ms[39m
[32m[Nest] 23528  - [39m23/03/2026 21:58:36 [32m    LOG[39m [38;5;3m[RouterExplorer] [39m[32mMapped {/api/auth/register, POST} route[39m[38;5;3m +0ms[39m
[32m[Nest] 23528  - [39m23/03/2026 21:58:36 [32m    LOG[39m [38;5;3m[RouterExplorer] [39m[32mMapped {/api/auth/login, POST} route[39m[38;5;3m +0ms[39m
[32m[Nest] 23528  - [39m23/03/2026 21:58:36 [32m    LOG[39m [38;5;3m[RouterExplorer] [39m[32mMapped {/api/auth/2fa/setup, POST} route[39m[38;5;3m +1ms[39m
[32m[Nest] 23528  - [39m23/03/2026 21:58:36 [32m    LOG[39m [38;5;3m[RouterExplorer] [39m[32mMapped {/api/auth/2fa/verify, POST} route[39m[38;5;3m +1ms[39m
[32m[Nest] 23528  - [39m23/03/2026 21:58:36 [32m    LOG[39m [38;5;3m[RouterExplorer] [39m[32mMapped {/api/auth/2fa/disable, POST} route[39m[38;5;3m +0ms[39m
[32m[Nest] 23528  - [39m23/03/2026 21:58:36 [32m    LOG[39m [38;5;3m[RouterExplorer] [39m[32mMapped {/api/auth/2fa/login, POST} route[39m[38;5;3m +0ms[39m
[32m[Nest] 23528  - [39m23/03/2026 21:58:36 [32m    LOG[39m [38;5;3m[RouterExplorer] [39m[32mMapped {/api/auth/logout, POST} route[39m[38;5;3m +1ms[39m
[32m[Nest] 23528  - [39m23/03/2026 21:58:36 [32m    LOG[39m [38;5;3m[RouterExplorer] [39m[32mMapped {/api/auth/refresh, POST} route[39m[38;5;3m +0ms[39m
[32m[Nest] 23528  - [39m23/03/2026 21:58:36 [32m    LOG[39m [38;5;3m[RouterExplorer] [39m[32mMapped {/api/auth/forgot-password, POST} route[39m[38;5;3m +0ms[39m
[32m[Nest] 23528  - [39m23/03/2026 21:58:36 [32m    LOG[39m [38;5;3m[RouterExplorer] [39m[32mMapped {/api/auth/reset-password, POST} route[39m[38;5;3m +0ms[39m
[32m[Nest] 23528  - [39m23/03/2026 21:58:36 [32m    LOG[39m [38;5;3m[RouterExplorer] [39m[32mMapped {/api/auth/confirm-email/:token, GET} route[39m[38;5;3m +0ms[39m
[32m[Nest] 23528  - [39m23/03/2026 21:58:36 [32m    LOG[39m [38;5;3m[RouterExplorer] [39m[32mMapped {/api/auth/fetchuser, GET} route[39m[38;5;3m +1ms[39m
[32m[Nest] 23528  - [39m23/03/2026 21:58:36 [32m    LOG[39m [38;5;3m[RouterExplorer] [39m[32mMapped {/api/auth/fetchuserbyid, POST} route[39m[38;5;3m +0ms[39m
[32m[Nest] 23528  - [39m23/03/2026 21:58:36 [32m    LOG[39m [38;5;3m[RouterExplorer] [39m[32mMapped {/api/auth/update, PUT} route[39m[38;5;3m +2ms[39m
[32m[Nest] 23528  - [39m23/03/2026 21:58:36 [32m    LOG[39m [38;5;3m[RouterExplorer] [39m[32mMapped {/api/auth/update, PATCH} route[39m[38;5;3m +0ms[39m
[32m[Nest] 23528  - [39m23/03/2026 21:58:36 [32m    LOG[39m [38;5;3m[RouterExplorer] [39m[32mMapped {/api/auth/delete, DELETE} route[39m[38;5;3m +1ms[39m
[32m[Nest] 23528  - [39m23/03/2026 21:58:36 [32m    LOG[39m [38;5;3m[RouterExplorer] [39m[32mMapped {/api/auth/users/:id, DELETE} route[39m[38;5;3m +0ms[39m
[32m[Nest] 23528  - [39m23/03/2026 21:58:36 [32m    LOG[39m [38;5;3m[RouterExplorer] [39m[32mMapped {/api/auth/users, GET} route[39m[38;5;3m +0ms[39m
[32m[Nest] 23528  - [39m23/03/2026 21:58:36 [32m    LOG[39m [38;5;3m[RouterExplorer] [39m[32mMapped {/api/auth/resend-confirmation-email, POST} route[39m[38;5;3m +1ms[39m
[32m[Nest] 23528  - [39m23/03/2026 21:58:36 [32m    LOG[39m [38;5;3m[RouterExplorer] [39m[32mMapped {/api/auth/change-role, PATCH} route[39m[38;5;3m +0ms[39m
[32m[Nest] 23528  - [39m23/03/2026 21:58:36 [32m    LOG[39m [38;5;3m[RouterExplorer] [39m[32mMapped {/api/auth/users/:id/ban, PATCH} route[39m[38;5;3m +0ms[39m
[32m[Nest] 23528  - [39m23/03/2026 21:58:36 [32m    LOG[39m [38;5;3m[RouterExplorer] [39m[32mMapped {/api/auth/users/:id/unban, PATCH} route[39m[38;5;3m +1ms[39m
[32m[Nest] 23528  - [39m23/03/2026 21:58:36 [32m    LOG[39m [38;5;3m[RoutesResolver] [39m[32mBusinessController {/api/business}:[39m[38;5;3m +0ms[39m
[32m[Nest] 23528  - [39m23/03/2026 21:58:36 [32m    LOG[39m [38;5;3m[RouterExplorer] [39m[32mMapped {/api/business/apply, POST} route[39m[38;5;3m +1ms[39m
[32m[Nest] 23528  - [39m23/03/2026 21:58:36 [32m    LOG[39m [38;5;3m[RouterExplorer] [39m[32mMapped {/api/business/applications, GET} route[39m[38;5;3m +0ms[39m
[32m[Nest] 23528  - [39m23/03/2026 21:58:36 [32m    LOG[39m [38;5;3m[RouterExplorer] [39m[32mMapped {/api/business/applications/:id/review, POST} route[39m[38;5;3m +0ms[39m
[32m[Nest] 23528  - [39m23/03/2026 21:58:36 [32m    LOG[39m [38;5;3m[RouterExplorer] [39m[32mMapped {/api/business/my, GET} route[39m[38;5;3m +0ms[39m
[32m[Nest] 23528  - [39m23/03/2026 21:58:36 [32m    LOG[39m [38;5;3m[RouterExplorer] [39m[32mMapped {/api/business/all, GET} route[39m[38;5;3m +0ms[39m
[32m[Nest] 23528  - [39m23/03/2026 21:58:36 [32m    LOG[39m [38;5;3m[RouterExplorer] [39m[32mMapped {/api/business/:id/tenant/metadata, GET} route[39m[38;5;3m +0ms[39m
[32m[Nest] 23528  - [39m23/03/2026 21:58:36 [32m    LOG[39m [38;5;3m[RouterExplorer] [39m[32mMapped {/api/business/:id, GET} route[39m[38;5;3m +1ms[39m
[32m[Nest] 23528  - [39m23/03/2026 21:58:36 [32m    LOG[39m [38;5;3m[RouterExplorer] [39m[32mMapped {/api/business/:id, PUT} route[39m[38;5;3m +0ms[39m
[32m[Nest] 23528  - [39m23/03/2026 21:58:36 [32m    LOG[39m [38;5;3m[RouterExplorer] [39m[32mMapped {/api/business/:id, DELETE} route[39m[38;5;3m +0ms[39m
[32m[Nest] 23528  - [39m23/03/2026 21:58:36 [32m    LOG[39m [38;5;3m[RouterExplorer] [39m[32mMapped {/api/business/:id/users, POST} route[39m[38;5;3m +1ms[39m
[32m[Nest] 23528  - [39m23/03/2026 21:58:36 [32m    LOG[39m [38;5;3m[RouterExplorer] [39m[32mMapped {/api/business/:id/users/:userId, DELETE} route[39m[38;5;3m +0ms[39m
[32m[Nest] 23528  - [39m23/03/2026 21:58:36 [32m    LOG[39m [38;5;3m[RoutesResolver] [39m[32mEmailController {/api/email}:[39m[38;5;3m +0ms[39m
[32m[Nest] 23528  - [39m23/03/2026 21:58:36 [32m    LOG[39m [38;5;3m[RouterExplorer] [39m[32mMapped {/api/email/send, POST} route[39m[38;5;3m +0ms[39m
[32m[Nest] 23528  - [39m23/03/2026 21:58:36 [32m    LOG[39m [38;5;3m[RouterExplorer] [39m[32mMapped {/api/email/test, POST} route[39m[38;5;3m +1ms[39m
[32m[Nest] 23528  - [39m23/03/2026 21:58:36 [32m    LOG[39m [38;5;3m[NestApplication] [39m[32mNest application successfully started[39m[38;5;3m +4ms[39m
🚀 API running on http://localhost:4790/api/docs
[2J[3J[H[[90m21:58:38[0m] File change detected. Starting incremental compilation...

[96msrc/audit/audit.controller.ts[0m:[93m31[0m:[93m45[0m - [91merror[0m[90m TS2345: [0mArgument of type 'string | undefined' is not assignable to parameter of type 'string'.
  Type 'undefined' is not assignable to type 'string'.

[7m31[0m     const pageNumber = Math.max(1, parseInt(page) || 1);
[7m  [0m [91m                                            ~~~~[0m

[96msrc/audit/audit.controller.ts[0m:[93m32[0m:[93m46[0m - [91merror[0m[90m TS2345: [0mArgument of type 'string | undefined' is not assignable to parameter of type 'string'.
  Type 'undefined' is not assignable to type 'string'.

[7m32[0m     const limitNumber = Math.max(1, parseInt(limit) || 10);
[7m  [0m [91m                                             ~~~~~[0m

[[90m21:58:42[0m] Found 2 errors. Watching for file changes.

[2J[3J[H[[90m21:59:25[0m] File change detected. Starting incremental compilation...

[96msrc/audit/audit.controller.ts[0m:[93m31[0m:[93m45[0m - [91merror[0m[90m TS2345: [0mArgument of type 'string | undefined' is not assignable to parameter of type 'string'.
  Type 'undefined' is not assignable to type 'string'.

[7m31[0m     const pageNumber = Math.max(1, parseInt(page) || 1);
[7m  [0m [91m                                            ~~~~[0m

[96msrc/audit/audit.controller.ts[0m:[93m32[0m:[93m46[0m - [91merror[0m[90m TS2345: [0mArgument of type 'string | undefined' is not assignable to parameter of type 'string'.
  Type 'undefined' is not assignable to type 'string'.

[7m32[0m     const limitNumber = Math.max(1, parseInt(limit) || 10);
[7m  [0m [91m                                             ~~~~~[0m

[[90m21:59:25[0m] Found 2 errors. Watching for file changes.

[2J[3J[H[[90m21:59:32[0m] File change detected. Starting incremental compilation...

[96msrc/audit/audit.controller.ts[0m:[93m31[0m:[93m45[0m - [91merror[0m[90m TS2345: [0mArgument of type 'string | undefined' is not assignable to parameter of type 'string'.
  Type 'undefined' is not assignable to type 'string'.

[7m31[0m     const pageNumber = Math.max(1, parseInt(page) || 1);
[7m  [0m [91m                                            ~~~~[0m

[96msrc/audit/audit.controller.ts[0m:[93m32[0m:[93m46[0m - [91merror[0m[90m TS2345: [0mArgument of type 'string | undefined' is not assignable to parameter of type 'string'.
  Type 'undefined' is not assignable to type 'string'.

[7m32[0m     const limitNumber = Math.max(1, parseInt(limit) || 10);
[7m  [0m [91m                                             ~~~~~[0m

[[90m21:59:32[0m] Found 2 errors. Watching for file changes.

[2J[3J[H[[90m22:00:21[0m] File change detected. Starting incremental compilation...

[[90m22:00:21[0m] Found 0 errors. Watching for file changes.

[32m[Nest] 1960  - [39m23/03/2026 22:00:26 [32m    LOG[39m [38;5;3m[NestFactory] [39m[32mStarting Nest application...[39m
[32m[Nest] 1960  - [39m23/03/2026 22:00:26 [32m    LOG[39m [38;5;3m[InstanceLoader] [39m[32mAppModule dependencies initialized[39m[38;5;3m +34ms[39m
[32m[Nest] 1960  - [39m23/03/2026 22:00:26 [32m    LOG[39m [38;5;3m[InstanceLoader] [39m[32mMongooseModule dependencies initialized[39m[38;5;3m +1ms[39m
[32m[Nest] 1960  - [39m23/03/2026 22:00:26 [32m    LOG[39m [38;5;3m[InstanceLoader] [39m[32mPassportModule dependencies initialized[39m[38;5;3m +0ms[39m
[32m[Nest] 1960  - [39m23/03/2026 22:00:26 [32m    LOG[39m [38;5;3m[InstanceLoader] [39m[32mConfigHostModule dependencies initialized[39m[38;5;3m +0ms[39m
[32m[Nest] 1960  - [39m23/03/2026 22:00:26 [32m    LOG[39m [38;5;3m[EmailService] [39m[32mEmail transporter initialized with Gmail SMTP[39m
[32m[Nest] 1960  - [39m23/03/2026 22:00:26 [32m    LOG[39m [38;5;3m[InstanceLoader] [39m[32mConfigModule dependencies initialized[39m[38;5;3m +1ms[39m
[32m[Nest] 1960  - [39m23/03/2026 22:00:26 [32m    LOG[39m [38;5;3m[InstanceLoader] [39m[32mConfigModule dependencies initialized[39m[38;5;3m +1ms[39m
[32m[Nest] 1960  - [39m23/03/2026 22:00:26 [32m    LOG[39m [38;5;3m[InstanceLoader] [39m[32mJwtModule dependencies initialized[39m[38;5;3m +23ms[39m
[32m[Nest] 1960  - [39m23/03/2026 22:00:26 [32m    LOG[39m [38;5;3m[InstanceLoader] [39m[32mEmailModule dependencies initialized[39m[38;5;3m +1ms[39m
[32m[Nest] 1960  - [39m23/03/2026 22:00:27 [32m    LOG[39m [38;5;3m[InstanceLoader] [39m[32mMongooseCoreModule dependencies initialized[39m[38;5;3m +867ms[39m
[32m[Nest] 1960  - [39m23/03/2026 22:00:27 [32m    LOG[39m [38;5;3m[InstanceLoader] [39m[32mMongooseModule dependencies initialized[39m[38;5;3m +20ms[39m
[32m[Nest] 1960  - [39m23/03/2026 22:00:27 [32m    LOG[39m [38;5;3m[InstanceLoader] [39m[32mMongooseModule dependencies initialized[39m[38;5;3m +0ms[39m
[32m[Nest] 1960  - [39m23/03/2026 22:00:27 [32m    LOG[39m [38;5;3m[InstanceLoader] [39m[32mMongooseModule dependencies initialized[39m[38;5;3m +0ms[39m
[32m[Nest] 1960  - [39m23/03/2026 22:00:27 [32m    LOG[39m [38;5;3m[InstanceLoader] [39m[32mAuditModule dependencies initialized[39m[38;5;3m +5ms[39m
[32m[Nest] 1960  - [39m23/03/2026 22:00:27 [32m    LOG[39m [38;5;3m[InstanceLoader] [39m[32mBusinessModule dependencies initialized[39m[38;5;3m +0ms[39m
[32m[Nest] 1960  - [39m23/03/2026 22:00:27 [32m    LOG[39m [38;5;3m[InstanceLoader] [39m[32mAuthModule dependencies initialized[39m[38;5;3m +0ms[39m
[32m[Nest] 1960  - [39m23/03/2026 22:00:27 [32m    LOG[39m [38;5;3m[RoutesResolver] [39m[32mAuthController {/api/auth}:[39m[38;5;3m +95ms[39m
[32m[Nest] 1960  - [39m23/03/2026 22:00:27 [32m    LOG[39m [38;5;3m[RouterExplorer] [39m[32mMapped {/api/auth/google, GET} route[39m[38;5;3m +5ms[39m
[32m[Nest] 1960  - [39m23/03/2026 22:00:27 [32m    LOG[39m [38;5;3m[RouterExplorer] [39m[32mMapped {/api/auth/google/callback, GET} route[39m[38;5;3m +1ms[39m
[32m[Nest] 1960  - [39m23/03/2026 22:00:27 [32m    LOG[39m [38;5;3m[RouterExplorer] [39m[32mMapped {/api/auth/google/exchange, POST} route[39m[38;5;3m +1ms[39m
[32m[Nest] 1960  - [39m23/03/2026 22:00:27 [32m    LOG[39m [38;5;3m[RouterExplorer] [39m[32mMapped {/api/auth/register, POST} route[39m[38;5;3m +1ms[39m
[32m[Nest] 1960  - [39m23/03/2026 22:00:27 [32m    LOG[39m [38;5;3m[RouterExplorer] [39m[32mMapped {/api/auth/login, POST} route[39m[38;5;3m +1ms[39m
[32m[Nest] 1960  - [39m23/03/2026 22:00:27 [32m    LOG[39m [38;5;3m[RouterExplorer] [39m[32mMapped {/api/auth/2fa/setup, POST} route[39m[38;5;3m +1ms[39m
[32m[Nest] 1960  - [39m23/03/2026 22:00:27 [32m    LOG[39m [38;5;3m[RouterExplorer] [39m[32mMapped {/api/auth/2fa/verify, POST} route[39m[38;5;3m +1ms[39m
[32m[Nest] 1960  - [39m23/03/2026 22:00:27 [32m    LOG[39m [38;5;3m[RouterExplorer] [39m[32mMapped {/api/auth/2fa/disable, POST} route[39m[38;5;3m +2ms[39m
[32m[Nest] 1960  - [39m23/03/2026 22:00:27 [32m    LOG[39m [38;5;3m[RouterExplorer] [39m[32mMapped {/api/auth/2fa/login, POST} route[39m[38;5;3m +1ms[39m
[32m[Nest] 1960  - [39m23/03/2026 22:00:27 [32m    LOG[39m [38;5;3m[RouterExplorer] [39m[32mMapped {/api/auth/logout, POST} route[39m[38;5;3m +1ms[39m
[32m[Nest] 1960  - [39m23/03/2026 22:00:27 [32m    LOG[39m [38;5;3m[RouterExplorer] [39m[32mMapped {/api/auth/refresh, POST} route[39m[38;5;3m +1ms[39m
[32m[Nest] 1960  - [39m23/03/2026 22:00:27 [32m    LOG[39m [38;5;3m[RouterExplorer] [39m[32mMapped {/api/auth/forgot-password, POST} route[39m[38;5;3m +0ms[39m
[32m[Nest] 1960  - [39m23/03/2026 22:00:27 [32m    LOG[39m [38;5;3m[RouterExplorer] [39m[32mMapped {/api/auth/reset-password, POST} route[39m[38;5;3m +0ms[39m
[32m[Nest] 1960  - [39m23/03/2026 22:00:27 [32m    LOG[39m [38;5;3m[RouterExplorer] [39m[32mMapped {/api/auth/confirm-email/:token, GET} route[39m[38;5;3m +1ms[39m
[32m[Nest] 1960  - [39m23/03/2026 22:00:27 [32m    LOG[39m [38;5;3m[RouterExplorer] [39m[32mMapped {/api/auth/fetchuser, GET} route[39m[38;5;3m +0ms[39m
[32m[Nest] 1960  - [39m23/03/2026 22:00:27 [32m    LOG[39m [38;5;3m[RouterExplorer] [39m[32mMapped {/api/auth/fetchuserbyid, POST} route[39m[38;5;3m +1ms[39m
[32m[Nest] 1960  - [39m23/03/2026 22:00:27 [32m    LOG[39m [38;5;3m[RouterExplorer] [39m[32mMapped {/api/auth/update, PUT} route[39m[38;5;3m +0ms[39m
[32m[Nest] 1960  - [39m23/03/2026 22:00:27 [32m    LOG[39m [38;5;3m[RouterExplorer] [39m[32mMapped {/api/auth/update, PATCH} route[39m[38;5;3m +2ms[39m
[32m[Nest] 1960  - [39m23/03/2026 22:00:27 [32m    LOG[39m [38;5;3m[RouterExplorer] [39m[32mMapped {/api/auth/delete, DELETE} route[39m[38;5;3m +2ms[39m
[32m[Nest] 1960  - [39m23/03/2026 22:00:27 [32m    LOG[39m [38;5;3m[RouterExplorer] [39m[32mMapped {/api/auth/users/:id, DELETE} route[39m[38;5;3m +1ms[39m
[32m[Nest] 1960  - [39m23/03/2026 22:00:27 [32m    LOG[39m [38;5;3m[RouterExplorer] [39m[32mMapped {/api/auth/users, GET} route[39m[38;5;3m +0ms[39m
[32m[Nest] 1960  - [39m23/03/2026 22:00:27 [32m    LOG[39m [38;5;3m[RouterExplorer] [39m[32mMapped {/api/auth/resend-confirmation-email, POST} route[39m[38;5;3m +0ms[39m
[32m[Nest] 1960  - [39m23/03/2026 22:00:27 [32m    LOG[39m [38;5;3m[RouterExplorer] [39m[32mMapped {/api/auth/change-role, PATCH} route[39m[38;5;3m +0ms[39m
[32m[Nest] 1960  - [39m23/03/2026 22:00:27 [32m    LOG[39m [38;5;3m[RouterExplorer] [39m[32mMapped {/api/auth/users/:id/ban, PATCH} route[39m[38;5;3m +1ms[39m
[32m[Nest] 1960  - [39m23/03/2026 22:00:27 [32m    LOG[39m [38;5;3m[RouterExplorer] [39m[32mMapped {/api/auth/users/:id/unban, PATCH} route[39m[38;5;3m +0ms[39m
[32m[Nest] 1960  - [39m23/03/2026 22:00:27 [32m    LOG[39m [38;5;3m[RoutesResolver] [39m[32mBusinessController {/api/business}:[39m[38;5;3m +1ms[39m
[32m[Nest] 1960  - [39m23/03/2026 22:00:27 [32m    LOG[39m [38;5;3m[RouterExplorer] [39m[32mMapped {/api/business/apply, POST} route[39m[38;5;3m +1ms[39m
[32m[Nest] 1960  - [39m23/03/2026 22:00:27 [32m    LOG[39m [38;5;3m[RouterExplorer] [39m[32mMapped {/api/business/applications, GET} route[39m[38;5;3m +1ms[39m
[32m[Nest] 1960  - [39m23/03/2026 22:00:27 [32m    LOG[39m [38;5;3m[RouterExplorer] [39m[32mMapped {/api/business/applications/:id/review, POST} route[39m[38;5;3m +0ms[39m
[32m[Nest] 1960  - [39m23/03/2026 22:00:27 [32m    LOG[39m [38;5;3m[RouterExplorer] [39m[32mMapped {/api/business/my, GET} route[39m[38;5;3m +0ms[39m
[32m[Nest] 1960  - [39m23/03/2026 22:00:27 [32m    LOG[39m [38;5;3m[RouterExplorer] [39m[32mMapped {/api/business/all, GET} route[39m[38;5;3m +1ms[39m
[32m[Nest] 1960  - [39m23/03/2026 22:00:27 [32m    LOG[39m [38;5;3m[RouterExplorer] [39m[32mMapped {/api/business/:id/tenant/metadata, GET} route[39m[38;5;3m +0ms[39m
[32m[Nest] 1960  - [39m23/03/2026 22:00:27 [32m    LOG[39m [38;5;3m[RouterExplorer] [39m[32mMapped {/api/business/:id, GET} route[39m[38;5;3m +0ms[39m
[32m[Nest] 1960  - [39m23/03/2026 22:00:27 [32m    LOG[39m [38;5;3m[RouterExplorer] [39m[32mMapped {/api/business/:id, PUT} route[39m[38;5;3m +1ms[39m
[32m[Nest] 1960  - [39m23/03/2026 22:00:27 [32m    LOG[39m [38;5;3m[RouterExplorer] [39m[32mMapped {/api/business/:id, DELETE} route[39m[38;5;3m +0ms[39m
[32m[Nest] 1960  - [39m23/03/2026 22:00:27 [32m    LOG[39m [38;5;3m[RouterExplorer] [39m[32mMapped {/api/business/:id/users, POST} route[39m[38;5;3m +0ms[39m
[32m[Nest] 1960  - [39m23/03/2026 22:00:27 [32m    LOG[39m [38;5;3m[RouterExplorer] [39m[32mMapped {/api/business/:id/users/:userId, DELETE} route[39m[38;5;3m +1ms[39m
[32m[Nest] 1960  - [39m23/03/2026 22:00:27 [32m    LOG[39m [38;5;3m[RoutesResolver] [39m[32mEmailController {/api/email}:[39m[38;5;3m +0ms[39m
[32m[Nest] 1960  - [39m23/03/2026 22:00:27 [32m    LOG[39m [38;5;3m[RouterExplorer] [39m[32mMapped {/api/email/send, POST} route[39m[38;5;3m +0ms[39m
[32m[Nest] 1960  - [39m23/03/2026 22:00:27 [32m    LOG[39m [38;5;3m[RouterExplorer] [39m[32mMapped {/api/email/test, POST} route[39m[38;5;3m +1ms[39m
[32m[Nest] 1960  - [39m23/03/2026 22:00:27 [32m    LOG[39m [38;5;3m[RoutesResolver] [39m[32mAuditController {/api/audit}:[39m[38;5;3m +0ms[39m
[32m[Nest] 1960  - [39m23/03/2026 22:00:27 [32m    LOG[39m [38;5;3m[RouterExplorer] [39m[32mMapped {/api/audit, GET} route[39m[38;5;3m +0ms[39m
[32m[Nest] 1960  - [39m23/03/2026 22:00:27 [32m    LOG[39m [38;5;3m[NestApplication] [39m[32mNest application successfully started[39m[38;5;3m +6ms[39m
🚀 API running on http://localhost:4790/api/docs
[2J[3J[H[[90m22:02:17[0m] File change detected. Starting incremental compilation...

[96msrc/auth/auth.service.ts[0m:[93m114[0m:[93m27[0m - [91merror[0m[90m TS2552: [0mCannot find name 'AuditService'. Did you mean 'AuthService'?

[7m114[0m     private auditService: AuditService
[7m   [0m [91m                          ~~~~~~~~~~~~[0m

  [96msrc/auth/auth.service.ts[0m:[93m92[0m:[93m14[0m
    [7m92[0m export class AuthService {
    [7m  [0m [96m             ~~~~~~~~~~~[0m
    'AuthService' is declared here.

[[90m22:02:24[0m] Found 1 error. Watching for file changes.

[2J[3J[H[[90m22:03:11[0m] File change detected. Starting incremental compilation...

[[90m22:03:19[0m] Found 0 errors. Watching for file changes.

[32m[Nest] 21240  - [39m23/03/2026 22:03:22 [32m    LOG[39m [38;5;3m[NestFactory] [39m[32mStarting Nest application...[39m
[32m[Nest] 21240  - [39m23/03/2026 22:03:22 [32m    LOG[39m [38;5;3m[InstanceLoader] [39m[32mAppModule dependencies initialized[39m[38;5;3m +22ms[39m
[32m[Nest] 21240  - [39m23/03/2026 22:03:22 [32m    LOG[39m [38;5;3m[InstanceLoader] [39m[32mMongooseModule dependencies initialized[39m[38;5;3m +0ms[39m
[32m[Nest] 21240  - [39m23/03/2026 22:03:22 [32m    LOG[39m [38;5;3m[InstanceLoader] [39m[32mPassportModule dependencies initialized[39m[38;5;3m +0ms[39m
[32m[Nest] 21240  - [39m23/03/2026 22:03:22 [32m    LOG[39m [38;5;3m[InstanceLoader] [39m[32mConfigHostModule dependencies initialized[39m[38;5;3m +1ms[39m
[32m[Nest] 21240  - [39m23/03/2026 22:03:22 [32m    LOG[39m [38;5;3m[EmailService] [39m[32mEmail transporter initialized with Gmail SMTP[39m
[32m[Nest] 21240  - [39m23/03/2026 22:03:22 [32m    LOG[39m [38;5;3m[InstanceLoader] [39m[32mConfigModule dependencies initialized[39m[38;5;3m +1ms[39m
[32m[Nest] 21240  - [39m23/03/2026 22:03:22 [32m    LOG[39m [38;5;3m[InstanceLoader] [39m[32mConfigModule dependencies initialized[39m[38;5;3m +1ms[39m
[32m[Nest] 21240  - [39m23/03/2026 22:03:22 [32m    LOG[39m [38;5;3m[InstanceLoader] [39m[32mJwtModule dependencies initialized[39m[38;5;3m +18ms[39m
[32m[Nest] 21240  - [39m23/03/2026 22:03:22 [32m    LOG[39m [38;5;3m[InstanceLoader] [39m[32mEmailModule dependencies initialized[39m[38;5;3m +1ms[39m
[32m[Nest] 21240  - [39m23/03/2026 22:03:25 [32m    LOG[39m [38;5;3m[InstanceLoader] [39m[32mMongooseCoreModule dependencies initialized[39m[38;5;3m +2837ms[39m
[32m[Nest] 21240  - [39m23/03/2026 22:03:25 [32m    LOG[39m [38;5;3m[InstanceLoader] [39m[32mMongooseModule dependencies initialized[39m[38;5;3m +5ms[39m
[32m[Nest] 21240  - [39m23/03/2026 22:03:25 [32m    LOG[39m [38;5;3m[InstanceLoader] [39m[32mMongooseModule dependencies initialized[39m[38;5;3m +1ms[39m
[32m[Nest] 21240  - [39m23/03/2026 22:03:25 [32m    LOG[39m [38;5;3m[InstanceLoader] [39m[32mMongooseModule dependencies initialized[39m[38;5;3m +0ms[39m
[32m[Nest] 21240  - [39m23/03/2026 22:03:25 [32m    LOG[39m [38;5;3m[InstanceLoader] [39m[32mAuditModule dependencies initialized[39m[38;5;3m +1ms[39m
[32m[Nest] 21240  - [39m23/03/2026 22:03:25 [32m    LOG[39m [38;5;3m[InstanceLoader] [39m[32mBusinessModule dependencies initialized[39m[38;5;3m +1ms[39m
[32m[Nest] 21240  - [39m23/03/2026 22:03:25 [32m    LOG[39m [38;5;3m[InstanceLoader] [39m[32mAuthModule dependencies initialized[39m[38;5;3m +0ms[39m
[32m[Nest] 21240  - [39m23/03/2026 22:03:25 [32m    LOG[39m [38;5;3m[RoutesResolver] [39m[32mAuthController {/api/auth}:[39m[38;5;3m +40ms[39m
[32m[Nest] 21240  - [39m23/03/2026 22:03:25 [32m    LOG[39m [38;5;3m[RouterExplorer] [39m[32mMapped {/api/auth/google, GET} route[39m[38;5;3m +3ms[39m
[32m[Nest] 21240  - [39m23/03/2026 22:03:25 [32m    LOG[39m [38;5;3m[RouterExplorer] [39m[32mMapped {/api/auth/google/callback, GET} route[39m[38;5;3m +0ms[39m
[32m[Nest] 21240  - [39m23/03/2026 22:03:25 [32m    LOG[39m [38;5;3m[RouterExplorer] [39m[32mMapped {/api/auth/google/exchange, POST} route[39m[38;5;3m +1ms[39m
[32m[Nest] 21240  - [39m23/03/2026 22:03:25 [32m    LOG[39m [38;5;3m[RouterExplorer] [39m[32mMapped {/api/auth/register, POST} route[39m[38;5;3m +0ms[39m
[32m[Nest] 21240  - [39m23/03/2026 22:03:25 [32m    LOG[39m [38;5;3m[RouterExplorer] [39m[32mMapped {/api/auth/login, POST} route[39m[38;5;3m +0ms[39m
[32m[Nest] 21240  - [39m23/03/2026 22:03:25 [32m    LOG[39m [38;5;3m[RouterExplorer] [39m[32mMapped {/api/auth/2fa/setup, POST} route[39m[38;5;3m +0ms[39m
[32m[Nest] 21240  - [39m23/03/2026 22:03:25 [32m    LOG[39m [38;5;3m[RouterExplorer] [39m[32mMapped {/api/auth/2fa/verify, POST} route[39m[38;5;3m +1ms[39m
[32m[Nest] 21240  - [39m23/03/2026 22:03:25 [32m    LOG[39m [38;5;3m[RouterExplorer] [39m[32mMapped {/api/auth/2fa/disable, POST} route[39m[38;5;3m +0ms[39m
[32m[Nest] 21240  - [39m23/03/2026 22:03:25 [32m    LOG[39m [38;5;3m[RouterExplorer] [39m[32mMapped {/api/auth/2fa/login, POST} route[39m[38;5;3m +0ms[39m
[32m[Nest] 21240  - [39m23/03/2026 22:03:25 [32m    LOG[39m [38;5;3m[RouterExplorer] [39m[32mMapped {/api/auth/logout, POST} route[39m[38;5;3m +0ms[39m
[32m[Nest] 21240  - [39m23/03/2026 22:03:25 [32m    LOG[39m [38;5;3m[RouterExplorer] [39m[32mMapped {/api/auth/refresh, POST} route[39m[38;5;3m +1ms[39m
[32m[Nest] 21240  - [39m23/03/2026 22:03:25 [32m    LOG[39m [38;5;3m[RouterExplorer] [39m[32mMapped {/api/auth/forgot-password, POST} route[39m[38;5;3m +0ms[39m
[32m[Nest] 21240  - [39m23/03/2026 22:03:25 [32m    LOG[39m [38;5;3m[RouterExplorer] [39m[32mMapped {/api/auth/reset-password, POST} route[39m[38;5;3m +0ms[39m
[32m[Nest] 21240  - [39m23/03/2026 22:03:25 [32m    LOG[39m [38;5;3m[RouterExplorer] [39m[32mMapped {/api/auth/confirm-email/:token, GET} route[39m[38;5;3m +0ms[39m
[32m[Nest] 21240  - [39m23/03/2026 22:03:25 [32m    LOG[39m [38;5;3m[RouterExplorer] [39m[32mMapped {/api/auth/fetchuser, GET} route[39m[38;5;3m +0ms[39m
[32m[Nest] 21240  - [39m23/03/2026 22:03:25 [32m    LOG[39m [38;5;3m[RouterExplorer] [39m[32mMapped {/api/auth/fetchuserbyid, POST} route[39m[38;5;3m +1ms[39m
[32m[Nest] 21240  - [39m23/03/2026 22:03:25 [32m    LOG[39m [38;5;3m[RouterExplorer] [39m[32mMapped {/api/auth/update, PUT} route[39m[38;5;3m +0ms[39m
[32m[Nest] 21240  - [39m23/03/2026 22:03:25 [32m    LOG[39m [38;5;3m[RouterExplorer] [39m[32mMapped {/api/auth/update, PATCH} route[39m[38;5;3m +0ms[39m
[32m[Nest] 21240  - [39m23/03/2026 22:03:25 [32m    LOG[39m [38;5;3m[RouterExplorer] [39m[32mMapped {/api/auth/delete, DELETE} route[39m[38;5;3m +0ms[39m
[32m[Nest] 21240  - [39m23/03/2026 22:03:25 [32m    LOG[39m [38;5;3m[RouterExplorer] [39m[32mMapped {/api/auth/users/:id, DELETE} route[39m[38;5;3m +1ms[39m
[32m[Nest] 21240  - [39m23/03/2026 22:03:25 [32m    LOG[39m [38;5;3m[RouterExplorer] [39m[32mMapped {/api/auth/users, GET} route[39m[38;5;3m +0ms[39m
[32m[Nest] 21240  - [39m23/03/2026 22:03:25 [32m    LOG[39m [38;5;3m[RouterExplorer] [39m[32mMapped {/api/auth/resend-confirmation-email, POST} route[39m[38;5;3m +0ms[39m
[32m[Nest] 21240  - [39m23/03/2026 22:03:25 [32m    LOG[39m [38;5;3m[RouterExplorer] [39m[32mMapped {/api/auth/change-role, PATCH} route[39m[38;5;3m +0ms[39m
[32m[Nest] 21240  - [39m23/03/2026 22:03:25 [32m    LOG[39m [38;5;3m[RouterExplorer] [39m[32mMapped {/api/auth/users/:id/ban, PATCH} route[39m[38;5;3m +0ms[39m
[32m[Nest] 21240  - [39m23/03/2026 22:03:25 [32m    LOG[39m [38;5;3m[RouterExplorer] [39m[32mMapped {/api/auth/users/:id/unban, PATCH} route[39m[38;5;3m +0ms[39m
[32m[Nest] 21240  - [39m23/03/2026 22:03:25 [32m    LOG[39m [38;5;3m[RoutesResolver] [39m[32mBusinessController {/api/business}:[39m[38;5;3m +0ms[39m
[32m[Nest] 21240  - [39m23/03/2026 22:03:25 [32m    LOG[39m [38;5;3m[RouterExplorer] [39m[32mMapped {/api/business/apply, POST} route[39m[38;5;3m +1ms[39m
[32m[Nest] 21240  - [39m23/03/2026 22:03:25 [32m    LOG[39m [38;5;3m[RouterExplorer] [39m[32mMapped {/api/business/applications, GET} route[39m[38;5;3m +0ms[39m
[32m[Nest] 21240  - [39m23/03/2026 22:03:25 [32m    LOG[39m [38;5;3m[RouterExplorer] [39m[32mMapped {/api/business/applications/:id/review, POST} route[39m[38;5;3m +0ms[39m
[32m[Nest] 21240  - [39m23/03/2026 22:03:25 [32m    LOG[39m [38;5;3m[RouterExplorer] [39m[32mMapped {/api/business/my, GET} route[39m[38;5;3m +0ms[39m
[32m[Nest] 21240  - [39m23/03/2026 22:03:25 [32m    LOG[39m [38;5;3m[RouterExplorer] [39m[32mMapped {/api/business/all, GET} route[39m[38;5;3m +0ms[39m
[32m[Nest] 21240  - [39m23/03/2026 22:03:25 [32m    LOG[39m [38;5;3m[RouterExplorer] [39m[32mMapped {/api/business/:id/tenant/metadata, GET} route[39m[38;5;3m +0ms[39m
[32m[Nest] 21240  - [39m23/03/2026 22:03:25 [32m    LOG[39m [38;5;3m[RouterExplorer] [39m[32mMapped {/api/business/:id, GET} route[39m[38;5;3m +0ms[39m
[32m[Nest] 21240  - [39m23/03/2026 22:03:25 [32m    LOG[39m [38;5;3m[RouterExplorer] [39m[32mMapped {/api/business/:id, PUT} route[39m[38;5;3m +1ms[39m
[32m[Nest] 21240  - [39m23/03/2026 22:03:25 [32m    LOG[39m [38;5;3m[RouterExplorer] [39m[32mMapped {/api/business/:id, DELETE} route[39m[38;5;3m +0ms[39m
[32m[Nest] 21240  - [39m23/03/2026 22:03:25 [32m    LOG[39m [38;5;3m[RouterExplorer] [39m[32mMapped {/api/business/:id/users, POST} route[39m[38;5;3m +0ms[39m
[32m[Nest] 21240  - [39m23/03/2026 22:03:25 [32m    LOG[39m [38;5;3m[RouterExplorer] [39m[32mMapped {/api/business/:id/users/:userId, DELETE} route[39m[38;5;3m +0ms[39m
[32m[Nest] 21240  - [39m23/03/2026 22:03:25 [32m    LOG[39m [38;5;3m[RoutesResolver] [39m[32mEmailController {/api/email}:[39m[38;5;3m +0ms[39m
[32m[Nest] 21240  - [39m23/03/2026 22:03:25 [32m    LOG[39m [38;5;3m[RouterExplorer] [39m[32mMapped {/api/email/send, POST} route[39m[38;5;3m +0ms[39m
[32m[Nest] 21240  - [39m23/03/2026 22:03:25 [32m    LOG[39m [38;5;3m[RouterExplorer] [39m[32mMapped {/api/email/test, POST} route[39m[38;5;3m +0ms[39m
[32m[Nest] 21240  - [39m23/03/2026 22:03:25 [32m    LOG[39m [38;5;3m[RoutesResolver] [39m[32mAuditController {/api/audit}:[39m[38;5;3m +0ms[39m
[32m[Nest] 21240  - [39m23/03/2026 22:03:25 [32m    LOG[39m [38;5;3m[RouterExplorer] [39m[32mMapped {/api/audit, GET} route[39m[38;5;3m +0ms[39m
[32m[Nest] 21240  - [39m23/03/2026 22:03:25 [32m    LOG[39m [38;5;3m[NestApplication] [39m[32mNest application successfully started[39m[38;5;3m +3ms[39m
🚀 API running on http://localhost:4790/api/docs
[2J[3J[H[[90m22:03:57[0m] File change detected. Starting incremental compilation...

[[90m22:03:58[0m] Found 0 errors. Watching for file changes.

[2J[3J[H[[90m22:03:59[0m] File change detected. Starting incremental compilation...

[32m[Nest] 6076  - [39m23/03/2026 22:04:09 [32m    LOG[39m [38;5;3m[NestFactory] [39m[32mStarting Nest application...[39m
[32m[Nest] 6076  - [39m23/03/2026 22:04:10 [32m    LOG[39m [38;5;3m[InstanceLoader] [39m[32mAppModule dependencies initialized[39m[38;5;3m +113ms[39m
[32m[Nest] 6076  - [39m23/03/2026 22:04:10 [32m    LOG[39m [38;5;3m[InstanceLoader] [39m[32mMongooseModule dependencies initialized[39m[38;5;3m +0ms[39m
[32m[Nest] 6076  - [39m23/03/2026 22:04:10 [32m    LOG[39m [38;5;3m[InstanceLoader] [39m[32mPassportModule dependencies initialized[39m[38;5;3m +0ms[39m
[32m[Nest] 6076  - [39m23/03/2026 22:04:10 [32m    LOG[39m [38;5;3m[InstanceLoader] [39m[32mConfigHostModule dependencies initialized[39m[38;5;3m +1ms[39m
[32m[Nest] 6076  - [39m23/03/2026 22:04:10 [32m    LOG[39m [38;5;3m[EmailService] [39m[32mEmail transporter initialized with Gmail SMTP[39m
[32m[Nest] 6076  - [39m23/03/2026 22:04:10 [32m    LOG[39m [38;5;3m[InstanceLoader] [39m[32mConfigModule dependencies initialized[39m[38;5;3m +13ms[39m
[32m[Nest] 6076  - [39m23/03/2026 22:04:10 [32m    LOG[39m [38;5;3m[InstanceLoader] [39m[32mConfigModule dependencies initialized[39m[38;5;3m +0ms[39m
[32m[Nest] 6076  - [39m23/03/2026 22:04:10 [32m    LOG[39m [38;5;3m[InstanceLoader] [39m[32mJwtModule dependencies initialized[39m[38;5;3m +128ms[39m
[32m[Nest] 6076  - [39m23/03/2026 22:04:10 [32m    LOG[39m [38;5;3m[InstanceLoader] [39m[32mEmailModule dependencies initialized[39m[38;5;3m +23ms[39m
[32m[Nest] 6076  - [39m23/03/2026 22:04:11 [32m    LOG[39m [38;5;3m[InstanceLoader] [39m[32mMongooseCoreModule dependencies initialized[39m[38;5;3m +1359ms[39m
[32m[Nest] 6076  - [39m23/03/2026 22:04:11 [32m    LOG[39m [38;5;3m[InstanceLoader] [39m[32mMongooseModule dependencies initialized[39m[38;5;3m +19ms[39m
[32m[Nest] 6076  - [39m23/03/2026 22:04:11 [32m    LOG[39m [38;5;3m[InstanceLoader] [39m[32mMongooseModule dependencies initialized[39m[38;5;3m +0ms[39m
[32m[Nest] 6076  - [39m23/03/2026 22:04:11 [32m    LOG[39m [38;5;3m[InstanceLoader] [39m[32mMongooseModule dependencies initialized[39m[38;5;3m +1ms[39m
[32m[Nest] 6076  - [39m23/03/2026 22:04:11 [32m    LOG[39m [38;5;3m[InstanceLoader] [39m[32mAuditModule dependencies initialized[39m[38;5;3m +5ms[39m
[32m[Nest] 6076  - [39m23/03/2026 22:04:11 [32m    LOG[39m [38;5;3m[InstanceLoader] [39m[32mBusinessModule dependencies initialized[39m[38;5;3m +0ms[39m
[32m[Nest] 6076  - [39m23/03/2026 22:04:11 [32m    LOG[39m [38;5;3m[InstanceLoader] [39m[32mAuthModule dependencies initialized[39m[38;5;3m +0ms[39m
[32m[Nest] 6076  - [39m23/03/2026 22:04:11 [32m    LOG[39m [38;5;3m[RoutesResolver] [39m[32mAuthController {/api/auth}:[39m[38;5;3m +111ms[39m
[32m[Nest] 6076  - [39m23/03/2026 22:04:11 [32m    LOG[39m [38;5;3m[RouterExplorer] [39m[32mMapped {/api/auth/google, GET} route[39m[38;5;3m +11ms[39m
[32m[Nest] 6076  - [39m23/03/2026 22:04:11 [32m    LOG[39m [38;5;3m[RouterExplorer] [39m[32mMapped {/api/auth/google/callback, GET} route[39m[38;5;3m +3ms[39m
[32m[Nest] 6076  - [39m23/03/2026 22:04:11 [32m    LOG[39m [38;5;3m[RouterExplorer] [39m[32mMapped {/api/auth/google/exchange, POST} route[39m[38;5;3m +1ms[39m
[32m[Nest] 6076  - [39m23/03/2026 22:04:11 [32m    LOG[39m [38;5;3m[RouterExplorer] [39m[32mMapped {/api/auth/register, POST} route[39m[38;5;3m +1ms[39m
[32m[Nest] 6076  - [39m23/03/2026 22:04:11 [32m    LOG[39m [38;5;3m[RouterExplorer] [39m[32mMapped {/api/auth/login, POST} route[39m[38;5;3m +1ms[39m
[32m[Nest] 6076  - [39m23/03/2026 22:04:11 [32m    LOG[39m [38;5;3m[RouterExplorer] [39m[32mMapped {/api/auth/2fa/setup, POST} route[39m[38;5;3m +0ms[39m
[32m[Nest] 6076  - [39m23/03/2026 22:04:11 [32m    LOG[39m [38;5;3m[RouterExplorer] [39m[32mMapped {/api/auth/2fa/verify, POST} route[39m[38;5;3m +1ms[39m
[32m[Nest] 6076  - [39m23/03/2026 22:04:11 [32m    LOG[39m [38;5;3m[RouterExplorer] [39m[32mMapped {/api/auth/2fa/disable, POST} route[39m[38;5;3m +0ms[39m
[32m[Nest] 6076  - [39m23/03/2026 22:04:11 [32m    LOG[39m [38;5;3m[RouterExplorer] [39m[32mMapped {/api/auth/2fa/login, POST} route[39m[38;5;3m +1ms[39m
[32m[Nest] 6076  - [39m23/03/2026 22:04:11 [32m    LOG[39m [38;5;3m[RouterExplorer] [39m[32mMapped {/api/auth/logout, POST} route[39m[38;5;3m +1ms[39m
[32m[Nest] 6076  - [39m23/03/2026 22:04:11 [32m    LOG[39m [38;5;3m[RouterExplorer] [39m[32mMapped {/api/auth/refresh, POST} route[39m[38;5;3m +0ms[39m
[32m[Nest] 6076  - [39m23/03/2026 22:04:11 [32m    LOG[39m [38;5;3m[RouterExplorer] [39m[32mMapped {/api/auth/forgot-password, POST} route[39m[38;5;3m +1ms[39m
[32m[Nest] 6076  - [39m23/03/2026 22:04:11 [32m    LOG[39m [38;5;3m[RouterExplorer] [39m[32mMapped {/api/auth/reset-password, POST} route[39m[38;5;3m +0ms[39m
[32m[Nest] 6076  - [39m23/03/2026 22:04:11 [32m    LOG[39m [38;5;3m[RouterExplorer] [39m[32mMapped {/api/auth/confirm-email/:token, GET} route[39m[38;5;3m +0ms[39m
[32m[Nest] 6076  - [39m23/03/2026 22:04:11 [32m    LOG[39m [38;5;3m[RouterExplorer] [39m[32mMapped {/api/auth/fetchuser, GET} route[39m[38;5;3m +1ms[39m
[32m[Nest] 6076  - [39m23/03/2026 22:04:11 [32m    LOG[39m [38;5;3m[RouterExplorer] [39m[32mMapped {/api/auth/fetchuserbyid, POST} route[39m[38;5;3m +0ms[39m
[32m[Nest] 6076  - [39m23/03/2026 22:04:11 [32m    LOG[39m [38;5;3m[RouterExplorer] [39m[32mMapped {/api/auth/update, PUT} route[39m[38;5;3m +1ms[39m
[32m[Nest] 6076  - [39m23/03/2026 22:04:11 [32m    LOG[39m [38;5;3m[RouterExplorer] [39m[32mMapped {/api/auth/update, PATCH} route[39m[38;5;3m +0ms[39m
[32m[Nest] 6076  - [39m23/03/2026 22:04:11 [32m    LOG[39m [38;5;3m[RouterExplorer] [39m[32mMapped {/api/auth/delete, DELETE} route[39m[38;5;3m +0ms[39m
[32m[Nest] 6076  - [39m23/03/2026 22:04:11 [32m    LOG[39m [38;5;3m[RouterExplorer] [39m[32mMapped {/api/auth/users/:id, DELETE} route[39m[38;5;3m +2ms[39m
[32m[Nest] 6076  - [39m23/03/2026 22:04:11 [32m    LOG[39m [38;5;3m[RouterExplorer] [39m[32mMapped {/api/auth/users, GET} route[39m[38;5;3m +0ms[39m
[32m[Nest] 6076  - [39m23/03/2026 22:04:11 [32m    LOG[39m [38;5;3m[RouterExplorer] [39m[32mMapped {/api/auth/resend-confirmation-email, POST} route[39m[38;5;3m +1ms[39m
[32m[Nest] 6076  - [39m23/03/2026 22:04:11 [32m    LOG[39m [38;5;3m[RouterExplorer] [39m[32mMapped {/api/auth/change-role, PATCH} route[39m[38;5;3m +0ms[39m
[32m[Nest] 6076  - [39m23/03/2026 22:04:11 [32m    LOG[39m [38;5;3m[RouterExplorer] [39m[32mMapped {/api/auth/users/:id/ban, PATCH} route[39m[38;5;3m +1ms[39m
[32m[Nest] 6076  - [39m23/03/2026 22:04:11 [32m    LOG[39m [38;5;3m[RouterExplorer] [39m[32mMapped {/api/auth/users/:id/unban, PATCH} route[39m[38;5;3m +1ms[39m
[32m[Nest] 6076  - [39m23/03/2026 22:04:11 [32m    LOG[39m [38;5;3m[RoutesResolver] [39m[32mBusinessController {/api/business}:[39m[38;5;3m +0ms[39m
[32m[Nest] 6076  - [39m23/03/2026 22:04:11 [32m    LOG[39m [38;5;3m[RouterExplorer] [39m[32mMapped {/api/business/apply, POST} route[39m[38;5;3m +1ms[39m
[32m[Nest] 6076  - [39m23/03/2026 22:04:11 [32m    LOG[39m [38;5;3m[RouterExplorer] [39m[32mMapped {/api/business/applications, GET} route[39m[38;5;3m +0ms[39m
[32m[Nest] 6076  - [39m23/03/2026 22:04:11 [32m    LOG[39m [38;5;3m[RouterExplorer] [39m[32mMapped {/api/business/applications/:id/review, POST} route[39m[38;5;3m +1ms[39m
[32m[Nest] 6076  - [39m23/03/2026 22:04:11 [32m    LOG[39m [38;5;3m[RouterExplorer] [39m[32mMapped {/api/business/my, GET} route[39m[38;5;3m +0ms[39m
[32m[Nest] 6076  - [39m23/03/2026 22:04:11 [32m    LOG[39m [38;5;3m[RouterExplorer] [39m[32mMapped {/api/business/all, GET} route[39m[38;5;3m +0ms[39m
[32m[Nest] 6076  - [39m23/03/2026 22:04:11 [32m    LOG[39m [38;5;3m[RouterExplorer] [39m[32mMapped {/api/business/:id/tenant/metadata, GET} route[39m[38;5;3m +0ms[39m
[32m[Nest] 6076  - [39m23/03/2026 22:04:11 [32m    LOG[39m [38;5;3m[RouterExplorer] [39m[32mMapped {/api/business/:id, GET} route[39m[38;5;3m +1ms[39m
[32m[Nest] 6076  - [39m23/03/2026 22:04:11 [32m    LOG[39m [38;5;3m[RouterExplorer] [39m[32mMapped {/api/business/:id, PUT} route[39m[38;5;3m +0ms[39m
[32m[Nest] 6076  - [39m23/03/2026 22:04:11 [32m    LOG[39m [38;5;3m[RouterExplorer] [39m[32mMapped {/api/business/:id, DELETE} route[39m[38;5;3m +1ms[39m
[32m[Nest] 6076  - [39m23/03/2026 22:04:11 [32m    LOG[39m [38;5;3m[RouterExplorer] [39m[32mMapped {/api/business/:id/users, POST} route[39m[38;5;3m +0ms[39m
[32m[Nest] 6076  - [39m23/03/2026 22:04:11 [32m    LOG[39m [38;5;3m[RouterExplorer] [39m[32mMapped {/api/business/:id/users/:userId, DELETE} route[39m[38;5;3m +1ms[39m
[32m[Nest] 6076  - [39m23/03/2026 22:04:11 [32m    LOG[39m [38;5;3m[RoutesResolver] [39m[32mEmailController {/api/email}:[39m[38;5;3m +0ms[39m
[32m[Nest] 6076  - [39m23/03/2026 22:04:11 [32m    LOG[39m [38;5;3m[RouterExplorer] [39m[32mMapped {/api/email/send, POST} route[39m[38;5;3m +0ms[39m
[32m[Nest] 6076  - [39m23/03/2026 22:04:11 [32m    LOG[39m [38;5;3m[RouterExplorer] [39m[32mMapped {/api/email/test, POST} route[39m[38;5;3m +0ms[39m
[32m[Nest] 6076  - [39m23/03/2026 22:04:11 [32m    LOG[39m [38;5;3m[RoutesResolver] [39m[32mAuditController {/api/audit}:[39m[38;5;3m +0ms[39m
[32m[Nest] 6076  - [39m23/03/2026 22:04:11 [32m    LOG[39m [38;5;3m[RouterExplorer] [39m[32mMapped {/api/audit, GET} route[39m[38;5;3m +0ms[39m
[32m[Nest] 6076  - [39m23/03/2026 22:04:11 [32m    LOG[39m [38;5;3m[NestApplication] [39m[32mNest application successfully started[39m[38;5;3m +6ms[39m
🚀 API running on http://localhost:4790/api/docs
[[90m22:04:12[0m] Found 0 errors. Watching for file changes.

[2J[3J[H[[90m22:04:14[0m] File change detected. Starting incremental compilation...

[32m[Nest] 12308  - [39m23/03/2026 22:04:22 [32m    LOG[39m [38;5;3m[NestFactory] [39m[32mStarting Nest application...[39m
[32m[Nest] 12308  - [39m23/03/2026 22:04:22 [32m    LOG[39m [38;5;3m[InstanceLoader] [39m[32mAppModule dependencies initialized[39m[38;5;3m +56ms[39m
[32m[Nest] 12308  - [39m23/03/2026 22:04:22 [32m    LOG[39m [38;5;3m[InstanceLoader] [39m[32mMongooseModule dependencies initialized[39m[38;5;3m +0ms[39m
[32m[Nest] 12308  - [39m23/03/2026 22:04:22 [32m    LOG[39m [38;5;3m[InstanceLoader] [39m[32mPassportModule dependencies initialized[39m[38;5;3m +1ms[39m
[32m[Nest] 12308  - [39m23/03/2026 22:04:22 [32m    LOG[39m [38;5;3m[InstanceLoader] [39m[32mConfigHostModule dependencies initialized[39m[38;5;3m +1ms[39m
[32m[Nest] 12308  - [39m23/03/2026 22:04:22 [32m    LOG[39m [38;5;3m[EmailService] [39m[32mEmail transporter initialized with Gmail SMTP[39m
[32m[Nest] 12308  - [39m23/03/2026 22:04:22 [32m    LOG[39m [38;5;3m[InstanceLoader] [39m[32mConfigModule dependencies initialized[39m[38;5;3m +2ms[39m
[32m[Nest] 12308  - [39m23/03/2026 22:04:22 [32m    LOG[39m [38;5;3m[InstanceLoader] [39m[32mConfigModule dependencies initialized[39m[38;5;3m +0ms[39m
[32m[Nest] 12308  - [39m23/03/2026 22:04:22 [32m    LOG[39m [38;5;3m[InstanceLoader] [39m[32mJwtModule dependencies initialized[39m[38;5;3m +33ms[39m
[32m[Nest] 12308  - [39m23/03/2026 22:04:22 [32m    LOG[39m [38;5;3m[InstanceLoader] [39m[32mEmailModule dependencies initialized[39m[38;5;3m +1ms[39m
[32m[Nest] 12308  - [39m23/03/2026 22:04:23 [32m    LOG[39m [38;5;3m[InstanceLoader] [39m[32mMongooseCoreModule dependencies initialized[39m[38;5;3m +878ms[39m
[32m[Nest] 12308  - [39m23/03/2026 22:04:23 [32m    LOG[39m [38;5;3m[InstanceLoader] [39m[32mMongooseModule dependencies initialized[39m[38;5;3m +15ms[39m
[32m[Nest] 12308  - [39m23/03/2026 22:04:23 [32m    LOG[39m [38;5;3m[InstanceLoader] [39m[32mMongooseModule dependencies initialized[39m[38;5;3m +0ms[39m
[32m[Nest] 12308  - [39m23/03/2026 22:04:23 [32m    LOG[39m [38;5;3m[InstanceLoader] [39m[32mMongooseModule dependencies initialized[39m[38;5;3m +0ms[39m
[32m[Nest] 12308  - [39m23/03/2026 22:04:23 [32m    LOG[39m [38;5;3m[InstanceLoader] [39m[32mAuditModule dependencies initialized[39m[38;5;3m +3ms[39m
[32m[Nest] 12308  - [39m23/03/2026 22:04:23 [32m    LOG[39m [38;5;3m[InstanceLoader] [39m[32mBusinessModule dependencies initialized[39m[38;5;3m +1ms[39m
[32m[Nest] 12308  - [39m23/03/2026 22:04:23 [32m    LOG[39m [38;5;3m[InstanceLoader] [39m[32mAuthModule dependencies initialized[39m[38;5;3m +1ms[39m
[32m[Nest] 12308  - [39m23/03/2026 22:04:24 [32m    LOG[39m [38;5;3m[RoutesResolver] [39m[32mAuthController {/api/auth}:[39m[38;5;3m +293ms[39m
[32m[Nest] 12308  - [39m23/03/2026 22:04:24 [32m    LOG[39m [38;5;3m[RouterExplorer] [39m[32mMapped {/api/auth/google, GET} route[39m[38;5;3m +6ms[39m
[32m[Nest] 12308  - [39m23/03/2026 22:04:24 [32m    LOG[39m [38;5;3m[RouterExplorer] [39m[32mMapped {/api/auth/google/callback, GET} route[39m[38;5;3m +1ms[39m
[32m[Nest] 12308  - [39m23/03/2026 22:04:24 [32m    LOG[39m [38;5;3m[RouterExplorer] [39m[32mMapped {/api/auth/google/exchange, POST} route[39m[38;5;3m +1ms[39m
[32m[Nest] 12308  - [39m23/03/2026 22:04:24 [32m    LOG[39m [38;5;3m[RouterExplorer] [39m[32mMapped {/api/auth/register, POST} route[39m[38;5;3m +1ms[39m
[32m[Nest] 12308  - [39m23/03/2026 22:04:24 [32m    LOG[39m [38;5;3m[RouterExplorer] [39m[32mMapped {/api/auth/login, POST} route[39m[38;5;3m +0ms[39m
[32m[Nest] 12308  - [39m23/03/2026 22:04:24 [32m    LOG[39m [38;5;3m[RouterExplorer] [39m[32mMapped {/api/auth/2fa/setup, POST} route[39m[38;5;3m +1ms[39m
[32m[Nest] 12308  - [39m23/03/2026 22:04:24 [32m    LOG[39m [38;5;3m[RouterExplorer] [39m[32mMapped {/api/auth/2fa/verify, POST} route[39m[38;5;3m +1ms[39m
[32m[Nest] 12308  - [39m23/03/2026 22:04:24 [32m    LOG[39m [38;5;3m[RouterExplorer] [39m[32mMapped {/api/auth/2fa/disable, POST} route[39m[38;5;3m +1ms[39m
[32m[Nest] 12308  - [39m23/03/2026 22:04:24 [32m    LOG[39m [38;5;3m[RouterExplorer] [39m[32mMapped {/api/auth/2fa/login, POST} route[39m[38;5;3m +5ms[39m
[32m[Nest] 12308  - [39m23/03/2026 22:04:24 [32m    LOG[39m [38;5;3m[RouterExplorer] [39m[32mMapped {/api/auth/logout, POST} route[39m[38;5;3m +1ms[39m
[32m[Nest] 12308  - [39m23/03/2026 22:04:24 [32m    LOG[39m [38;5;3m[RouterExplorer] [39m[32mMapped {/api/auth/refresh, POST} route[39m[38;5;3m +2ms[39m
[32m[Nest] 12308  - [39m23/03/2026 22:04:24 [32m    LOG[39m [38;5;3m[RouterExplorer] [39m[32mMapped {/api/auth/forgot-password, POST} route[39m[38;5;3m +0ms[39m
[32m[Nest] 12308  - [39m23/03/2026 22:04:24 [32m    LOG[39m [38;5;3m[RouterExplorer] [39m[32mMapped {/api/auth/reset-password, POST} route[39m[38;5;3m +1ms[39m
[32m[Nest] 12308  - [39m23/03/2026 22:04:24 [32m    LOG[39m [38;5;3m[RouterExplorer] [39m[32mMapped {/api/auth/confirm-email/:token, GET} route[39m[38;5;3m +0ms[39m
[32m[Nest] 12308  - [39m23/03/2026 22:04:24 [32m    LOG[39m [38;5;3m[RouterExplorer] [39m[32mMapped {/api/auth/fetchuser, GET} route[39m[38;5;3m +1ms[39m
[32m[Nest] 12308  - [39m23/03/2026 22:04:24 [32m    LOG[39m [38;5;3m[RouterExplorer] [39m[32mMapped {/api/auth/fetchuserbyid, POST} route[39m[38;5;3m +1ms[39m
[32m[Nest] 12308  - [39m23/03/2026 22:04:24 [32m    LOG[39m [38;5;3m[RouterExplorer] [39m[32mMapped {/api/auth/update, PUT} route[39m[38;5;3m +1ms[39m
[32m[Nest] 12308  - [39m23/03/2026 22:04:24 [32m    LOG[39m [38;5;3m[RouterExplorer] [39m[32mMapped {/api/auth/update, PATCH} route[39m[38;5;3m +1ms[39m
[32m[Nest] 12308  - [39m23/03/2026 22:04:24 [32m    LOG[39m [38;5;3m[RouterExplorer] [39m[32mMapped {/api/auth/delete, DELETE} route[39m[38;5;3m +0ms[39m
[32m[Nest] 12308  - [39m23/03/2026 22:04:24 [32m    LOG[39m [38;5;3m[RouterExplorer] [39m[32mMapped {/api/auth/users/:id, DELETE} route[39m[38;5;3m +1ms[39m
[32m[Nest] 12308  - [39m23/03/2026 22:04:24 [32m    LOG[39m [38;5;3m[RouterExplorer] [39m[32mMapped {/api/auth/users, GET} route[39m[38;5;3m +0ms[39m
[32m[Nest] 12308  - [39m23/03/2026 22:04:24 [32m    LOG[39m [38;5;3m[RouterExplorer] [39m[32mMapped {/api/auth/resend-confirmation-email, POST} route[39m[38;5;3m +0ms[39m
[32m[Nest] 12308  - [39m23/03/2026 22:04:24 [32m    LOG[39m [38;5;3m[RouterExplorer] [39m[32mMapped {/api/auth/change-role, PATCH} route[39m[38;5;3m +1ms[39m
[32m[Nest] 12308  - [39m23/03/2026 22:04:24 [32m    LOG[39m [38;5;3m[RouterExplorer] [39m[32mMapped {/api/auth/users/:id/ban, PATCH} route[39m[38;5;3m +0ms[39m
[32m[Nest] 12308  - [39m23/03/2026 22:04:24 [32m    LOG[39m [38;5;3m[RouterExplorer] [39m[32mMapped {/api/auth/users/:id/unban, PATCH} route[39m[38;5;3m +0ms[39m
[32m[Nest] 12308  - [39m23/03/2026 22:04:24 [32m    LOG[39m [38;5;3m[RoutesResolver] [39m[32mBusinessController {/api/business}:[39m[38;5;3m +0ms[39m
[32m[Nest] 12308  - [39m23/03/2026 22:04:24 [32m    LOG[39m [38;5;3m[RouterExplorer] [39m[32mMapped {/api/business/apply, POST} route[39m[38;5;3m +1ms[39m
[32m[Nest] 12308  - [39m23/03/2026 22:04:24 [32m    LOG[39m [38;5;3m[RouterExplorer] [39m[32mMapped {/api/business/applications, GET} route[39m[38;5;3m +0ms[39m
[32m[Nest] 12308  - [39m23/03/2026 22:04:24 [32m    LOG[39m [38;5;3m[RouterExplorer] [39m[32mMapped {/api/business/applications/:id/review, POST} route[39m[38;5;3m +1ms[39m
[32m[Nest] 12308  - [39m23/03/2026 22:04:24 [32m    LOG[39m [38;5;3m[RouterExplorer] [39m[32mMapped {/api/business/my, GET} route[39m[38;5;3m +0ms[39m
[32m[Nest] 12308  - [39m23/03/2026 22:04:24 [32m    LOG[39m [38;5;3m[RouterExplorer] [39m[32mMapped {/api/business/all, GET} route[39m[38;5;3m +0ms[39m
[32m[Nest] 12308  - [39m23/03/2026 22:04:24 [32m    LOG[39m [38;5;3m[RouterExplorer] [39m[32mMapped {/api/business/:id/tenant/metadata, GET} route[39m[38;5;3m +1ms[39m
[32m[Nest] 12308  - [39m23/03/2026 22:04:24 [32m    LOG[39m [38;5;3m[RouterExplorer] [39m[32mMapped {/api/business/:id, GET} route[39m[38;5;3m +0ms[39m
[32m[Nest] 12308  - [39m23/03/2026 22:04:24 [32m    LOG[39m [38;5;3m[RouterExplorer] [39m[32mMapped {/api/business/:id, PUT} route[39m[38;5;3m +0ms[39m
[32m[Nest] 12308  - [39m23/03/2026 22:04:24 [32m    LOG[39m [38;5;3m[RouterExplorer] [39m[32mMapped {/api/business/:id, DELETE} route[39m[38;5;3m +1ms[39m
[32m[Nest] 12308  - [39m23/03/2026 22:04:24 [32m    LOG[39m [38;5;3m[RouterExplorer] [39m[32mMapped {/api/business/:id/users, POST} route[39m[38;5;3m +1ms[39m
[32m[Nest] 12308  - [39m23/03/2026 22:04:24 [32m    LOG[39m [38;5;3m[RouterExplorer] [39m[32mMapped {/api/business/:id/users/:userId, DELETE} route[39m[38;5;3m +0ms[39m
[32m[Nest] 12308  - [39m23/03/2026 22:04:24 [32m    LOG[39m [38;5;3m[RoutesResolver] [39m[32mEmailController {/api/email}:[39m[38;5;3m +0ms[39m
[32m[Nest] 12308  - [39m23/03/2026 22:04:24 [32m    LOG[39m [38;5;3m[RouterExplorer] [39m[32mMapped {/api/email/send, POST} route[39m[38;5;3m +0ms[39m
[32m[Nest] 12308  - [39m23/03/2026 22:04:24 [32m    LOG[39m [38;5;3m[RouterExplorer] [39m[32mMapped {/api/email/test, POST} route[39m[38;5;3m +1ms[39m
[32m[Nest] 12308  - [39m23/03/2026 22:04:24 [32m    LOG[39m [38;5;3m[RoutesResolver] [39m[32mAuditController {/api/audit}:[39m[38;5;3m +0ms[39m
[32m[Nest] 12308  - [39m23/03/2026 22:04:24 [32m    LOG[39m [38;5;3m[RouterExplorer] [39m[32mMapped {/api/audit, GET} route[39m[38;5;3m +0ms[39m
[32m[Nest] 12308  - [39m23/03/2026 22:04:24 [32m    LOG[39m [38;5;3m[NestApplication] [39m[32mNest application successfully started[39m[38;5;3m +4ms[39m
🚀 API running on http://localhost:4790/api/docs
[[90m22:04:29[0m] Found 0 errors. Watching for file changes.

[2J[3J[H[[90m22:04:29[0m] File change detected. Starting incremental compilation...

[32m[Nest] 31044  - [39m23/03/2026 22:04:33 [32m    LOG[39m [38;5;3m[NestFactory] [39m[32mStarting Nest application...[39m
[32m[Nest] 31044  - [39m23/03/2026 22:04:33 [32m    LOG[39m [38;5;3m[InstanceLoader] [39m[32mAppModule dependencies initialized[39m[38;5;3m +54ms[39m
[32m[Nest] 31044  - [39m23/03/2026 22:04:33 [32m    LOG[39m [38;5;3m[InstanceLoader] [39m[32mMongooseModule dependencies initialized[39m[38;5;3m +0ms[39m
[32m[Nest] 31044  - [39m23/03/2026 22:04:33 [32m    LOG[39m [38;5;3m[InstanceLoader] [39m[32mPassportModule dependencies initialized[39m[38;5;3m +1ms[39m
[32m[Nest] 31044  - [39m23/03/2026 22:04:33 [32m    LOG[39m [38;5;3m[InstanceLoader] [39m[32mConfigHostModule dependencies initialized[39m[38;5;3m +0ms[39m
[32m[Nest] 31044  - [39m23/03/2026 22:04:33 [32m    LOG[39m [38;5;3m[EmailService] [39m[32mEmail transporter initialized with Gmail SMTP[39m
[32m[Nest] 31044  - [39m23/03/2026 22:04:33 [32m    LOG[39m [38;5;3m[InstanceLoader] [39m[32mConfigModule dependencies initialized[39m[38;5;3m +1ms[39m
[32m[Nest] 31044  - [39m23/03/2026 22:04:33 [32m    LOG[39m [38;5;3m[InstanceLoader] [39m[32mConfigModule dependencies initialized[39m[38;5;3m +0ms[39m
[32m[Nest] 31044  - [39m23/03/2026 22:04:33 [32m    LOG[39m [38;5;3m[InstanceLoader] [39m[32mJwtModule dependencies initialized[39m[38;5;3m +58ms[39m
[32m[Nest] 31044  - [39m23/03/2026 22:04:33 [32m    LOG[39m [38;5;3m[InstanceLoader] [39m[32mEmailModule dependencies initialized[39m[38;5;3m +6ms[39m
[32m[Nest] 31044  - [39m23/03/2026 22:04:34 [32m    LOG[39m [38;5;3m[InstanceLoader] [39m[32mMongooseCoreModule dependencies initialized[39m[38;5;3m +800ms[39m
[32m[Nest] 31044  - [39m23/03/2026 22:04:34 [32m    LOG[39m [38;5;3m[InstanceLoader] [39m[32mMongooseModule dependencies initialized[39m[38;5;3m +16ms[39m
[32m[Nest] 31044  - [39m23/03/2026 22:04:34 [32m    LOG[39m [38;5;3m[InstanceLoader] [39m[32mMongooseModule dependencies initialized[39m[38;5;3m +0ms[39m
[32m[Nest] 31044  - [39m23/03/2026 22:04:34 [32m    LOG[39m [38;5;3m[InstanceLoader] [39m[32mMongooseModule dependencies initialized[39m[38;5;3m +1ms[39m
[32m[Nest] 31044  - [39m23/03/2026 22:04:34 [32m    LOG[39m [38;5;3m[InstanceLoader] [39m[32mAuditModule dependencies initialized[39m[38;5;3m +4ms[39m
[32m[Nest] 31044  - [39m23/03/2026 22:04:34 [32m    LOG[39m [38;5;3m[InstanceLoader] [39m[32mBusinessModule dependencies initialized[39m[38;5;3m +5ms[39m
[32m[Nest] 31044  - [39m23/03/2026 22:04:34 [32m    LOG[39m [38;5;3m[InstanceLoader] [39m[32mAuthModule dependencies initialized[39m[38;5;3m +1ms[39m
[32m[Nest] 31044  - [39m23/03/2026 22:04:34 [32m    LOG[39m [38;5;3m[RoutesResolver] [39m[32mAuthController {/api/auth}:[39m[38;5;3m +222ms[39m
[32m[Nest] 31044  - [39m23/03/2026 22:04:34 [32m    LOG[39m [38;5;3m[RouterExplorer] [39m[32mMapped {/api/auth/google, GET} route[39m[38;5;3m +35ms[39m
[32m[Nest] 31044  - [39m23/03/2026 22:04:34 [32m    LOG[39m [38;5;3m[RouterExplorer] [39m[32mMapped {/api/auth/google/callback, GET} route[39m[38;5;3m +5ms[39m
[32m[Nest] 31044  - [39m23/03/2026 22:04:34 [32m    LOG[39m [38;5;3m[RouterExplorer] [39m[32mMapped {/api/auth/google/exchange, POST} route[39m[38;5;3m +9ms[39m
[32m[Nest] 31044  - [39m23/03/2026 22:04:34 [32m    LOG[39m [38;5;3m[RouterExplorer] [39m[32mMapped {/api/auth/register, POST} route[39m[38;5;3m +1ms[39m
[32m[Nest] 31044  - [39m23/03/2026 22:04:34 [32m    LOG[39m [38;5;3m[RouterExplorer] [39m[32mMapped {/api/auth/login, POST} route[39m[38;5;3m +7ms[39m
[32m[Nest] 31044  - [39m23/03/2026 22:04:34 [32m    LOG[39m [38;5;3m[RouterExplorer] [39m[32mMapped {/api/auth/2fa/setup, POST} route[39m[38;5;3m +1ms[39m
[32m[Nest] 31044  - [39m23/03/2026 22:04:34 [32m    LOG[39m [38;5;3m[RouterExplorer] [39m[32mMapped {/api/auth/2fa/verify, POST} route[39m[38;5;3m +3ms[39m
[32m[Nest] 31044  - [39m23/03/2026 22:04:34 [32m    LOG[39m [38;5;3m[RouterExplorer] [39m[32mMapped {/api/auth/2fa/disable, POST} route[39m[38;5;3m +1ms[39m
[32m[Nest] 31044  - [39m23/03/2026 22:04:34 [32m    LOG[39m [38;5;3m[RouterExplorer] [39m[32mMapped {/api/auth/2fa/login, POST} route[39m[38;5;3m +0ms[39m
[32m[Nest] 31044  - [39m23/03/2026 22:04:34 [32m    LOG[39m [38;5;3m[RouterExplorer] [39m[32mMapped {/api/auth/logout, POST} route[39m[38;5;3m +1ms[39m
[32m[Nest] 31044  - [39m23/03/2026 22:04:34 [32m    LOG[39m [38;5;3m[RouterExplorer] [39m[32mMapped {/api/auth/refresh, POST} route[39m[38;5;3m +1ms[39m
[32m[Nest] 31044  - [39m23/03/2026 22:04:34 [32m    LOG[39m [38;5;3m[RouterExplorer] [39m[32mMapped {/api/auth/forgot-password, POST} route[39m[38;5;3m +0ms[39m
[32m[Nest] 31044  - [39m23/03/2026 22:04:34 [32m    LOG[39m [38;5;3m[RouterExplorer] [39m[32mMapped {/api/auth/reset-password, POST} route[39m[38;5;3m +1ms[39m
[32m[Nest] 31044  - [39m23/03/2026 22:04:34 [32m    LOG[39m [38;5;3m[RouterExplorer] [39m[32mMapped {/api/auth/confirm-email/:token, GET} route[39m[38;5;3m +4ms[39m
[32m[Nest] 31044  - [39m23/03/2026 22:04:34 [32m    LOG[39m [38;5;3m[RouterExplorer] [39m[32mMapped {/api/auth/fetchuser, GET} route[39m[38;5;3m +0ms[39m
[32m[Nest] 31044  - [39m23/03/2026 22:04:34 [32m    LOG[39m [38;5;3m[RouterExplorer] [39m[32mMapped {/api/auth/fetchuserbyid, POST} route[39m[38;5;3m +1ms[39m
[32m[Nest] 31044  - [39m23/03/2026 22:04:34 [32m    LOG[39m [38;5;3m[RouterExplorer] [39m[32mMapped {/api/auth/update, PUT} route[39m[38;5;3m +0ms[39m
[32m[Nest] 31044  - [39m23/03/2026 22:04:34 [32m    LOG[39m [38;5;3m[RouterExplorer] [39m[32mMapped {/api/auth/update, PATCH} route[39m[38;5;3m +10ms[39m
[32m[Nest] 31044  - [39m23/03/2026 22:04:34 [32m    LOG[39m [38;5;3m[RouterExplorer] [39m[32mMapped {/api/auth/delete, DELETE} route[39m[38;5;3m +10ms[39m
[32m[Nest] 31044  - [39m23/03/2026 22:04:34 [32m    LOG[39m [38;5;3m[RouterExplorer] [39m[32mMapped {/api/auth/users/:id, DELETE} route[39m[38;5;3m +8ms[39m
[32m[Nest] 31044  - [39m23/03/2026 22:04:34 [32m    LOG[39m [38;5;3m[RouterExplorer] [39m[32mMapped {/api/auth/users, GET} route[39m[38;5;3m +2ms[39m
[32m[Nest] 31044  - [39m23/03/2026 22:04:34 [32m    LOG[39m [38;5;3m[RouterExplorer] [39m[32mMapped {/api/auth/resend-confirmation-email, POST} route[39m[38;5;3m +5ms[39m
[32m[Nest] 31044  - [39m23/03/2026 22:04:34 [32m    LOG[39m [38;5;3m[RouterExplorer] [39m[32mMapped {/api/auth/change-role, PATCH} route[39m[38;5;3m +1ms[39m
[32m[Nest] 31044  - [39m23/03/2026 22:04:34 [32m    LOG[39m [38;5;3m[RouterExplorer] [39m[32mMapped {/api/auth/users/:id/ban, PATCH} route[39m[38;5;3m +1ms[39m
[32m[Nest] 31044  - [39m23/03/2026 22:04:34 [32m    LOG[39m [38;5;3m[RouterExplorer] [39m[32mMapped {/api/auth/users/:id/unban, PATCH} route[39m[38;5;3m +0ms[39m
[32m[Nest] 31044  - [39m23/03/2026 22:04:34 [32m    LOG[39m [38;5;3m[RoutesResolver] [39m[32mBusinessController {/api/business}:[39m[38;5;3m +0ms[39m
[32m[Nest] 31044  - [39m23/03/2026 22:04:34 [32m    LOG[39m [38;5;3m[RouterExplorer] [39m[32mMapped {/api/business/apply, POST} route[39m[38;5;3m +3ms[39m
[32m[Nest] 31044  - [39m23/03/2026 22:04:34 [32m    LOG[39m [38;5;3m[RouterExplorer] [39m[32mMapped {/api/business/applications, GET} route[39m[38;5;3m +1ms[39m
[32m[Nest] 31044  - [39m23/03/2026 22:04:34 [32m    LOG[39m [38;5;3m[RouterExplorer] [39m[32mMapped {/api/business/applications/:id/review, POST} route[39m[38;5;3m +1ms[39m
[32m[Nest] 31044  - [39m23/03/2026 22:04:34 [32m    LOG[39m [38;5;3m[RouterExplorer] [39m[32mMapped {/api/business/my, GET} route[39m[38;5;3m +6ms[39m
[32m[Nest] 31044  - [39m23/03/2026 22:04:34 [32m    LOG[39m [38;5;3m[RouterExplorer] [39m[32mMapped {/api/business/all, GET} route[39m[38;5;3m +1ms[39m
[32m[Nest] 31044  - [39m23/03/2026 22:04:34 [32m    LOG[39m [38;5;3m[RouterExplorer] [39m[32mMapped {/api/business/:id/tenant/metadata, GET} route[39m[38;5;3m +0ms[39m
[32m[Nest] 31044  - [39m23/03/2026 22:04:34 [32m    LOG[39m [38;5;3m[RouterExplorer] [39m[32mMapped {/api/business/:id, GET} route[39m[38;5;3m +0ms[39m
[32m[Nest] 31044  - [39m23/03/2026 22:04:34 [32m    LOG[39m [38;5;3m[RouterExplorer] [39m[32mMapped {/api/business/:id, PUT} route[39m[38;5;3m +8ms[39m
[32m[Nest] 31044  - [39m23/03/2026 22:04:34 [32m    LOG[39m [38;5;3m[RouterExplorer] [39m[32mMapped {/api/business/:id, DELETE} route[39m[38;5;3m +1ms[39m
[32m[Nest] 31044  - [39m23/03/2026 22:04:34 [32m    LOG[39m [38;5;3m[RouterExplorer] [39m[32mMapped {/api/business/:id/users, POST} route[39m[38;5;3m +2ms[39m
[32m[Nest] 31044  - [39m23/03/2026 22:04:34 [32m    LOG[39m [38;5;3m[RouterExplorer] [39m[32mMapped {/api/business/:id/users/:userId, DELETE} route[39m[38;5;3m +1ms[39m
[32m[Nest] 31044  - [39m23/03/2026 22:04:34 [32m    LOG[39m [38;5;3m[RoutesResolver] [39m[32mEmailController {/api/email}:[39m[38;5;3m +1ms[39m
[32m[Nest] 31044  - [39m23/03/2026 22:04:34 [32m    LOG[39m [38;5;3m[RouterExplorer] [39m[32mMapped {/api/email/send, POST} route[39m[38;5;3m +3ms[39m
[32m[Nest] 31044  - [39m23/03/2026 22:04:34 [32m    LOG[39m [38;5;3m[RouterExplorer] [39m[32mMapped {/api/email/test, POST} route[39m[38;5;3m +1ms[39m
[32m[Nest] 31044  - [39m23/03/2026 22:04:34 [32m    LOG[39m [38;5;3m[RoutesResolver] [39m[32mAuditController {/api/audit}:[39m[38;5;3m +0ms[39m
[32m[Nest] 31044  - [39m23/03/2026 22:04:34 [32m    LOG[39m [38;5;3m[RouterExplorer] [39m[32mMapped {/api/audit, GET} route[39m[38;5;3m +2ms[39m
[32m[Nest] 31044  - [39m23/03/2026 22:04:34 [32m    LOG[39m [38;5;3m[NestApplication] [39m[32mNest application successfully started[39m[38;5;3m +11ms[39m
🚀 API running on http://localhost:4790/api/docs
[[90m22:04:36[0m] Found 0 errors. Watching for file changes.

[32m[Nest] 28468  - [39m23/03/2026 22:04:39 [32m    LOG[39m [38;5;3m[NestFactory] [39m[32mStarting Nest application...[39m
[32m[Nest] 28468  - [39m23/03/2026 22:04:39 [32m    LOG[39m [38;5;3m[InstanceLoader] [39m[32mAppModule dependencies initialized[39m[38;5;3m +34ms[39m
[32m[Nest] 28468  - [39m23/03/2026 22:04:39 [32m    LOG[39m [38;5;3m[InstanceLoader] [39m[32mMongooseModule dependencies initialized[39m[38;5;3m +0ms[39m
[32m[Nest] 28468  - [39m23/03/2026 22:04:39 [32m    LOG[39m [38;5;3m[InstanceLoader] [39m[32mPassportModule dependencies initialized[39m[38;5;3m +1ms[39m
[32m[Nest] 28468  - [39m23/03/2026 22:04:39 [32m    LOG[39m [38;5;3m[InstanceLoader] [39m[32mConfigHostModule dependencies initialized[39m[38;5;3m +0ms[39m
[32m[Nest] 28468  - [39m23/03/2026 22:04:39 [32m    LOG[39m [38;5;3m[EmailService] [39m[32mEmail transporter initialized with Gmail SMTP[39m
[32m[Nest] 28468  - [39m23/03/2026 22:04:39 [32m    LOG[39m [38;5;3m[InstanceLoader] [39m[32mConfigModule dependencies initialized[39m[38;5;3m +1ms[39m
[32m[Nest] 28468  - [39m23/03/2026 22:04:39 [32m    LOG[39m [38;5;3m[InstanceLoader] [39m[32mConfigModule dependencies initialized[39m[38;5;3m +0ms[39m
[32m[Nest] 28468  - [39m23/03/2026 22:04:39 [32m    LOG[39m [38;5;3m[InstanceLoader] [39m[32mJwtModule dependencies initialized[39m[38;5;3m +15ms[39m
[32m[Nest] 28468  - [39m23/03/2026 22:04:39 [32m    LOG[39m [38;5;3m[InstanceLoader] [39m[32mEmailModule dependencies initialized[39m[38;5;3m +1ms[39m
[32m[Nest] 28468  - [39m23/03/2026 22:04:40 [32m    LOG[39m [38;5;3m[InstanceLoader] [39m[32mMongooseCoreModule dependencies initialized[39m[38;5;3m +648ms[39m
[32m[Nest] 28468  - [39m23/03/2026 22:04:40 [32m    LOG[39m [38;5;3m[InstanceLoader] [39m[32mMongooseModule dependencies initialized[39m[38;5;3m +8ms[39m
[32m[Nest] 28468  - [39m23/03/2026 22:04:40 [32m    LOG[39m [38;5;3m[InstanceLoader] [39m[32mMongooseModule dependencies initialized[39m[38;5;3m +0ms[39m
[32m[Nest] 28468  - [39m23/03/2026 22:04:40 [32m    LOG[39m [38;5;3m[InstanceLoader] [39m[32mMongooseModule dependencies initialized[39m[38;5;3m +0ms[39m
[32m[Nest] 28468  - [39m23/03/2026 22:04:40 [32m    LOG[39m [38;5;3m[InstanceLoader] [39m[32mAuditModule dependencies initialized[39m[38;5;3m +1ms[39m
[32m[Nest] 28468  - [39m23/03/2026 22:04:40 [32m    LOG[39m [38;5;3m[InstanceLoader] [39m[32mBusinessModule dependencies initialized[39m[38;5;3m +1ms[39m
[32m[Nest] 28468  - [39m23/03/2026 22:04:40 [32m    LOG[39m [38;5;3m[InstanceLoader] [39m[32mAuthModule dependencies initialized[39m[38;5;3m +0ms[39m
[32m[Nest] 28468  - [39m23/03/2026 22:04:40 [32m    LOG[39m [38;5;3m[RoutesResolver] [39m[32mAuthController {/api/auth}:[39m[38;5;3m +45ms[39m
[32m[Nest] 28468  - [39m23/03/2026 22:04:40 [32m    LOG[39m [38;5;3m[RouterExplorer] [39m[32mMapped {/api/auth/google, GET} route[39m[38;5;3m +3ms[39m
[32m[Nest] 28468  - [39m23/03/2026 22:04:40 [32m    LOG[39m [38;5;3m[RouterExplorer] [39m[32mMapped {/api/auth/google/callback, GET} route[39m[38;5;3m +1ms[39m
[32m[Nest] 28468  - [39m23/03/2026 22:04:40 [32m    LOG[39m [38;5;3m[RouterExplorer] [39m[32mMapped {/api/auth/google/exchange, POST} route[39m[38;5;3m +1ms[39m
[32m[Nest] 28468  - [39m23/03/2026 22:04:40 [32m    LOG[39m [38;5;3m[RouterExplorer] [39m[32mMapped {/api/auth/register, POST} route[39m[38;5;3m +0ms[39m
[32m[Nest] 28468  - [39m23/03/2026 22:04:40 [32m    LOG[39m [38;5;3m[RouterExplorer] [39m[32mMapped {/api/auth/login, POST} route[39m[38;5;3m +1ms[39m
[32m[Nest] 28468  - [39m23/03/2026 22:04:40 [32m    LOG[39m [38;5;3m[RouterExplorer] [39m[32mMapped {/api/auth/2fa/setup, POST} route[39m[38;5;3m +0ms[39m
[32m[Nest] 28468  - [39m23/03/2026 22:04:40 [32m    LOG[39m [38;5;3m[RouterExplorer] [39m[32mMapped {/api/auth/2fa/verify, POST} route[39m[38;5;3m +0ms[39m
[32m[Nest] 28468  - [39m23/03/2026 22:04:40 [32m    LOG[39m [38;5;3m[RouterExplorer] [39m[32mMapped {/api/auth/2fa/disable, POST} route[39m[38;5;3m +0ms[39m
[32m[Nest] 28468  - [39m23/03/2026 22:04:40 [32m    LOG[39m [38;5;3m[RouterExplorer] [39m[32mMapped {/api/auth/2fa/login, POST} route[39m[38;5;3m +1ms[39m
[32m[Nest] 28468  - [39m23/03/2026 22:04:40 [32m    LOG[39m [38;5;3m[RouterExplorer] [39m[32mMapped {/api/auth/logout, POST} route[39m[38;5;3m +0ms[39m
[32m[Nest] 28468  - [39m23/03/2026 22:04:40 [32m    LOG[39m [38;5;3m[RouterExplorer] [39m[32mMapped {/api/auth/refresh, POST} route[39m[38;5;3m +1ms[39m
[32m[Nest] 28468  - [39m23/03/2026 22:04:40 [32m    LOG[39m [38;5;3m[RouterExplorer] [39m[32mMapped {/api/auth/forgot-password, POST} route[39m[38;5;3m +0ms[39m
[32m[Nest] 28468  - [39m23/03/2026 22:04:40 [32m    LOG[39m [38;5;3m[RouterExplorer] [39m[32mMapped {/api/auth/reset-password, POST} route[39m[38;5;3m +0ms[39m
[32m[Nest] 28468  - [39m23/03/2026 22:04:40 [32m    LOG[39m [38;5;3m[RouterExplorer] [39m[32mMapped {/api/auth/confirm-email/:token, GET} route[39m[38;5;3m +0ms[39m
[32m[Nest] 28468  - [39m23/03/2026 22:04:40 [32m    LOG[39m [38;5;3m[RouterExplorer] [39m[32mMapped {/api/auth/fetchuser, GET} route[39m[38;5;3m +0ms[39m
[32m[Nest] 28468  - [39m23/03/2026 22:04:40 [32m    LOG[39m [38;5;3m[RouterExplorer] [39m[32mMapped {/api/auth/fetchuserbyid, POST} route[39m[38;5;3m +1ms[39m
[32m[Nest] 28468  - [39m23/03/2026 22:04:40 [32m    LOG[39m [38;5;3m[RouterExplorer] [39m[32mMapped {/api/auth/update, PUT} route[39m[38;5;3m +0ms[39m
[32m[Nest] 28468  - [39m23/03/2026 22:04:40 [32m    LOG[39m [38;5;3m[RouterExplorer] [39m[32mMapped {/api/auth/update, PATCH} route[39m[38;5;3m +0ms[39m
[32m[Nest] 28468  - [39m23/03/2026 22:04:40 [32m    LOG[39m [38;5;3m[RouterExplorer] [39m[32mMapped {/api/auth/delete, DELETE} route[39m[38;5;3m +0ms[39m
[32m[Nest] 28468  - [39m23/03/2026 22:04:40 [32m    LOG[39m [38;5;3m[RouterExplorer] [39m[32mMapped {/api/auth/users/:id, DELETE} route[39m[38;5;3m +0ms[39m
[32m[Nest] 28468  - [39m23/03/2026 22:04:40 [32m    LOG[39m [38;5;3m[RouterExplorer] [39m[32mMapped {/api/auth/users, GET} route[39m[38;5;3m +0ms[39m
[32m[Nest] 28468  - [39m23/03/2026 22:04:40 [32m    LOG[39m [38;5;3m[RouterExplorer] [39m[32mMapped {/api/auth/resend-confirmation-email, POST} route[39m[38;5;3m +0ms[39m
[32m[Nest] 28468  - [39m23/03/2026 22:04:40 [32m    LOG[39m [38;5;3m[RouterExplorer] [39m[32mMapped {/api/auth/change-role, PATCH} route[39m[38;5;3m +0ms[39m
[32m[Nest] 28468  - [39m23/03/2026 22:04:40 [32m    LOG[39m [38;5;3m[RouterExplorer] [39m[32mMapped {/api/auth/users/:id/ban, PATCH} route[39m[38;5;3m +0ms[39m
[32m[Nest] 28468  - [39m23/03/2026 22:04:40 [32m    LOG[39m [38;5;3m[RouterExplorer] [39m[32mMapped {/api/auth/users/:id/unban, PATCH} route[39m[38;5;3m +0ms[39m
[32m[Nest] 28468  - [39m23/03/2026 22:04:40 [32m    LOG[39m [38;5;3m[RoutesResolver] [39m[32mBusinessController {/api/business}:[39m[38;5;3m +0ms[39m
[32m[Nest] 28468  - [39m23/03/2026 22:04:40 [32m    LOG[39m [38;5;3m[RouterExplorer] [39m[32mMapped {/api/business/apply, POST} route[39m[38;5;3m +1ms[39m
[32m[Nest] 28468  - [39m23/03/2026 22:04:40 [32m    LOG[39m [38;5;3m[RouterExplorer] [39m[32mMapped {/api/business/applications, GET} route[39m[38;5;3m +0ms[39m
[32m[Nest] 28468  - [39m23/03/2026 22:04:40 [32m    LOG[39m [38;5;3m[RouterExplorer] [39m[32mMapped {/api/business/applications/:id/review, POST} route[39m[38;5;3m +0ms[39m
[32m[Nest] 28468  - [39m23/03/2026 22:04:40 [32m    LOG[39m [38;5;3m[RouterExplorer] [39m[32mMapped {/api/business/my, GET} route[39m[38;5;3m +0ms[39m
[32m[Nest] 28468  - [39m23/03/2026 22:04:40 [32m    LOG[39m [38;5;3m[RouterExplorer] [39m[32mMapped {/api/business/all, GET} route[39m[38;5;3m +0ms[39m
[32m[Nest] 28468  - [39m23/03/2026 22:04:40 [32m    LOG[39m [38;5;3m[RouterExplorer] [39m[32mMapped {/api/business/:id/tenant/metadata, GET} route[39m[38;5;3m +0ms[39m
[32m[Nest] 28468  - [39m23/03/2026 22:04:40 [32m    LOG[39m [38;5;3m[RouterExplorer] [39m[32mMapped {/api/business/:id, GET} route[39m[38;5;3m +0ms[39m
[32m[Nest] 28468  - [39m23/03/2026 22:04:40 [32m    LOG[39m [38;5;3m[RouterExplorer] [39m[32mMapped {/api/business/:id, PUT} route[39m[38;5;3m +1ms[39m
[32m[Nest] 28468  - [39m23/03/2026 22:04:40 [32m    LOG[39m [38;5;3m[RouterExplorer] [39m[32mMapped {/api/business/:id, DELETE} route[39m[38;5;3m +0ms[39m
[32m[Nest] 28468  - [39m23/03/2026 22:04:40 [32m    LOG[39m [38;5;3m[RouterExplorer] [39m[32mMapped {/api/business/:id/users, POST} route[39m[38;5;3m +0ms[39m
[32m[Nest] 28468  - [39m23/03/2026 22:04:40 [32m    LOG[39m [38;5;3m[RouterExplorer] [39m[32mMapped {/api/business/:id/users/:userId, DELETE} route[39m[38;5;3m +0ms[39m
[32m[Nest] 28468  - [39m23/03/2026 22:04:40 [32m    LOG[39m [38;5;3m[RoutesResolver] [39m[32mEmailController {/api/email}:[39m[38;5;3m +0ms[39m
[32m[Nest] 28468  - [39m23/03/2026 22:04:40 [32m    LOG[39m [38;5;3m[RouterExplorer] [39m[32mMapped {/api/email/send, POST} route[39m[38;5;3m +0ms[39m
[32m[Nest] 28468  - [39m23/03/2026 22:04:40 [32m    LOG[39m [38;5;3m[RouterExplorer] [39m[32mMapped {/api/email/test, POST} route[39m[38;5;3m +0ms[39m
[32m[Nest] 28468  - [39m23/03/2026 22:04:40 [32m    LOG[39m [38;5;3m[RoutesResolver] [39m[32mAuditController {/api/audit}:[39m[38;5;3m +0ms[39m
[32m[Nest] 28468  - [39m23/03/2026 22:04:40 [32m    LOG[39m [38;5;3m[RouterExplorer] [39m[32mMapped {/api/audit, GET} route[39m[38;5;3m +1ms[39m
[32m[Nest] 28468  - [39m23/03/2026 22:04:40 [32m    LOG[39m [38;5;3m[NestApplication] [39m[32mNest application successfully started[39m[38;5;3m +2ms[39m
🚀 API running on http://localhost:4790/api/docs
[2J[3J[H[[90m22:05:22[0m] File change detected. Starting incremental compilation...

[96msrc/auth/auth.service.ts[0m:[93m565[0m:[93m18[0m - [91merror[0m[90m TS1005: [0m',' expected.

[7m565[0m       if (payload.type !== 'refresh') {
[7m   [0m [91m                 ~[0m

[96msrc/auth/auth.service.ts[0m:[93m565[0m:[93m24[0m - [91merror[0m[90m TS1005: [0m',' expected.

[7m565[0m       if (payload.type !== 'refresh') {
[7m   [0m [91m                       ~~~[0m

[96msrc/auth/auth.service.ts[0m:[93m565[0m:[93m37[0m - [91merror[0m[90m TS1005: [0m';' expected.

[7m565[0m       if (payload.type !== 'refresh') {
[7m   [0m [91m                                    ~[0m

[96msrc/auth/auth.service.ts[0m:[93m597[0m:[93m5[0m - [91merror[0m[90m TS1128: [0mDeclaration or statement expected.

[7m597[0m     } catch (error: unknown) {
[7m   [0m [91m    ~[0m

[96msrc/auth/auth.service.ts[0m:[93m597[0m:[93m7[0m - [91merror[0m[90m TS1005: [0m'try' expected.

[7m597[0m     } catch (error: unknown) {
[7m   [0m [91m      ~~~~~[0m

[96msrc/auth/auth.service.ts[0m:[93m608[0m:[93m3[0m - [91merror[0m[90m TS1128: [0mDeclaration or statement expected.

[7m608[0m   }
[7m   [0m [91m  ~[0m

[96msrc/auth/auth.service.ts[0m:[93m610[0m:[93m3[0m - [91merror[0m[90m TS1434: [0mUnexpected keyword or identifier.

[7m610[0m   async forgotPassword(forgotPasswordDto: ForgotPasswordDto): Promise<void> {
[7m   [0m [91m  ~~~~~[0m

[96msrc/auth/auth.service.ts[0m:[93m610[0m:[93m41[0m - [91merror[0m[90m TS1005: [0m',' expected.

[7m610[0m   async forgotPassword(forgotPasswordDto: ForgotPasswordDto): Promise<void> {
[7m   [0m [91m                                        ~[0m

[96msrc/auth/auth.service.ts[0m:[93m610[0m:[93m61[0m - [91merror[0m[90m TS1005: [0m';' expected.

[7m610[0m   async forgotPassword(forgotPasswordDto: ForgotPasswordDto): Promise<void> {
[7m   [0m [91m                                                            ~[0m

[96msrc/auth/auth.service.ts[0m:[93m610[0m:[93m75[0m - [91merror[0m[90m TS1109: [0mExpression expected.

[7m610[0m   async forgotPassword(forgotPasswordDto: ForgotPasswordDto): Promise<void> {
[7m   [0m [91m                                                                          ~[0m

[96msrc/auth/auth.service.ts[0m:[93m611[0m:[93m11[0m - [91merror[0m[90m TS1005: [0m':' expected.

[7m611[0m     const { email } = forgotPasswordDto;
[7m   [0m [91m          ~[0m

[96msrc/auth/auth.service.ts[0m:[93m611[0m:[93m40[0m - [91merror[0m[90m TS1005: [0m',' expected.

[7m611[0m     const { email } = forgotPasswordDto;
[7m   [0m [91m                                       ~[0m

[96msrc/auth/auth.service.ts[0m:[93m613[0m:[93m11[0m - [91merror[0m[90m TS1005: [0m':' expected.

[7m613[0m     const user = await this.userModel.findOne({ email });
[7m   [0m [91m          ~~~~[0m

[96msrc/auth/auth.service.ts[0m:[93m613[0m:[93m57[0m - [91merror[0m[90m TS1005: [0m',' expected.

[7m613[0m     const user = await this.userModel.findOne({ email });
[7m   [0m [91m                                                        ~[0m

[96msrc/auth/auth.service.ts[0m:[93m614[0m:[93m9[0m - [91merror[0m[90m TS1003: [0mIdentifier expected.

[7m614[0m     if (!user) {
[7m   [0m [91m        ~[0m

[96msrc/auth/auth.service.ts[0m:[93m618[0m:[93m5[0m - [91merror[0m[90m TS1005: [0m',' expected.

[7m618[0m     const resetToken = this.generateEmailToken();
[7m   [0m [91m    ~~~~~[0m

[96msrc/auth/auth.service.ts[0m:[93m618[0m:[93m11[0m - [91merror[0m[90m TS1005: [0m':' expected.

[7m618[0m     const resetToken = this.generateEmailToken();
[7m   [0m [91m          ~~~~~~~~~~[0m

[96msrc/auth/auth.service.ts[0m:[93m618[0m:[93m49[0m - [91merror[0m[90m TS1005: [0m',' expected.

[7m618[0m     const resetToken = this.generateEmailToken();
[7m   [0m [91m                                                ~[0m

[96msrc/auth/auth.service.ts[0m:[93m620[0m:[93m9[0m - [91merror[0m[90m TS1005: [0m',' expected.

[7m620[0m     user.passwordResetToken = resetToken;
[7m   [0m [91m        ~[0m

[96msrc/auth/auth.service.ts[0m:[93m620[0m:[93m41[0m - [91merror[0m[90m TS1005: [0m',' expected.

[7m620[0m     user.passwordResetToken = resetToken;
[7m   [0m [91m                                        ~[0m

[96msrc/auth/auth.service.ts[0m:[93m621[0m:[93m9[0m - [91merror[0m[90m TS1005: [0m',' expected.

[7m621[0m     user.passwordResetExpires = new Date(Date.now() + 60 * 60 * 1000);
[7m   [0m [91m        ~[0m

[96msrc/auth/auth.service.ts[0m:[93m621[0m:[93m70[0m - [91merror[0m[90m TS1005: [0m',' expected.

[7m621[0m     user.passwordResetExpires = new Date(Date.now() + 60 * 60 * 1000);
[7m   [0m [91m                                                                     ~[0m

[96msrc/auth/auth.service.ts[0m:[93m622[0m:[93m11[0m - [91merror[0m[90m TS1005: [0m',' expected.

[7m622[0m     await user.save();
[7m   [0m [91m          ~~~~[0m

[96msrc/auth/auth.service.ts[0m:[93m622[0m:[93m15[0m - [91merror[0m[90m TS1005: [0m',' expected.

[7m622[0m     await user.save();
[7m   [0m [91m              ~[0m

[96msrc/auth/auth.service.ts[0m:[93m622[0m:[93m22[0m - [91merror[0m[90m TS1005: [0m',' expected.

[7m622[0m     await user.save();
[7m   [0m [91m                     ~[0m

[96msrc/auth/auth.service.ts[0m:[93m624[0m:[93m11[0m - [91merror[0m[90m TS1005: [0m',' expected.

[7m624[0m     await this.emailService.sendPasswordResetEmail(email, resetToken);
[7m   [0m [91m          ~~~~[0m

[96msrc/auth/auth.service.ts[0m:[93m624[0m:[93m15[0m - [91merror[0m[90m TS1005: [0m':' expected.

[7m624[0m     await this.emailService.sendPasswordResetEmail(email, resetToken);
[7m   [0m [91m              ~[0m

[96msrc/auth/auth.service.ts[0m:[93m624[0m:[93m70[0m - [91merror[0m[90m TS1005: [0m',' expected.

[7m624[0m     await this.emailService.sendPasswordResetEmail(email, resetToken);
[7m   [0m [91m                                                                     ~[0m

[96msrc/auth/auth.service.ts[0m:[93m627[0m:[93m3[0m - [91merror[0m[90m TS1434: [0mUnexpected keyword or identifier.

[7m627[0m   async resetPassword(resetPasswordDto: ResetPasswordDto): Promise<void> {
[7m   [0m [91m  ~~~~~[0m

[96msrc/auth/auth.service.ts[0m:[93m627[0m:[93m39[0m - [91merror[0m[90m TS1005: [0m',' expected.

[7m627[0m   async resetPassword(resetPasswordDto: ResetPasswordDto): Promise<void> {
[7m   [0m [91m                                      ~[0m

[96msrc/auth/auth.service.ts[0m:[93m627[0m:[93m58[0m - [91merror[0m[90m TS1005: [0m';' expected.

[7m627[0m   async resetPassword(resetPasswordDto: ResetPasswordDto): Promise<void> {
[7m   [0m [91m                                                         ~[0m

[96msrc/auth/auth.service.ts[0m:[93m627[0m:[93m72[0m - [91merror[0m[90m TS1109: [0mExpression expected.

[7m627[0m   async resetPassword(resetPasswordDto: ResetPasswordDto): Promise<void> {
[7m   [0m [91m                                                                       ~[0m

[96msrc/auth/auth.service.ts[0m:[93m628[0m:[93m11[0m - [91merror[0m[90m TS1005: [0m':' expected.

[7m628[0m     const { token, newPassword } = resetPasswordDto;
[7m   [0m [91m          ~[0m

[96msrc/auth/auth.service.ts[0m:[93m628[0m:[93m52[0m - [91merror[0m[90m TS1005: [0m',' expected.

[7m628[0m     const { token, newPassword } = resetPasswordDto;
[7m   [0m [91m                                                   ~[0m

[96msrc/auth/auth.service.ts[0m:[93m630[0m:[93m11[0m - [91merror[0m[90m TS1005: [0m':' expected.

[7m630[0m     const user = await this.userModel.findOne({
[7m   [0m [91m          ~~~~[0m

[96msrc/auth/auth.service.ts[0m:[93m633[0m:[93m7[0m - [91merror[0m[90m TS1005: [0m',' expected.

[7m633[0m     });
[7m   [0m [91m      ~[0m

[96msrc/auth/auth.service.ts[0m:[93m635[0m:[93m9[0m - [91merror[0m[90m TS1003: [0mIdentifier expected.

[7m635[0m     if (!user) {
[7m   [0m [91m        ~[0m

[96msrc/auth/auth.service.ts[0m:[93m639[0m:[93m5[0m - [91merror[0m[90m TS1005: [0m',' expected.

[7m639[0m     user.passwordHash = await hash(newPassword, 10);
[7m   [0m [91m    ~~~~[0m

[96msrc/auth/auth.service.ts[0m:[93m639[0m:[93m9[0m - [91merror[0m[90m TS1005: [0m',' expected.

[7m639[0m     user.passwordHash = await hash(newPassword, 10);
[7m   [0m [91m        ~[0m

[96msrc/auth/auth.service.ts[0m:[93m639[0m:[93m52[0m - [91merror[0m[90m TS1005: [0m',' expected.

[7m639[0m     user.passwordHash = await hash(newPassword, 10);
[7m   [0m [91m                                                   ~[0m

[96msrc/auth/auth.service.ts[0m:[93m640[0m:[93m9[0m - [91merror[0m[90m TS1005: [0m',' expected.

[7m640[0m     user.passwordResetToken = undefined;
[7m   [0m [91m        ~[0m

[96msrc/auth/auth.service.ts[0m:[93m640[0m:[93m40[0m - [91merror[0m[90m TS1005: [0m',' expected.

[7m640[0m     user.passwordResetToken = undefined;
[7m   [0m [91m                                       ~[0m

[96msrc/auth/auth.service.ts[0m:[93m641[0m:[93m9[0m - [91merror[0m[90m TS1005: [0m',' expected.

[7m641[0m     user.passwordResetExpires = undefined;
[7m   [0m [91m        ~[0m

[96msrc/auth/auth.service.ts[0m:[93m641[0m:[93m42[0m - [91merror[0m[90m TS1005: [0m',' expected.

[7m641[0m     user.passwordResetExpires = undefined;
[7m   [0m [91m                                         ~[0m

[96msrc/auth/auth.service.ts[0m:[93m642[0m:[93m9[0m - [91merror[0m[90m TS1005: [0m',' expected.

[7m642[0m     user.failedLoginAttempts = 0;
[7m   [0m [91m        ~[0m

[96msrc/auth/auth.service.ts[0m:[93m642[0m:[93m33[0m - [91merror[0m[90m TS1005: [0m',' expected.

[7m642[0m     user.failedLoginAttempts = 0;
[7m   [0m [91m                                ~[0m

[96msrc/auth/auth.service.ts[0m:[93m643[0m:[93m9[0m - [91merror[0m[90m TS1005: [0m',' expected.

[7m643[0m     user.lockUntil = undefined;
[7m   [0m [91m        ~[0m

[96msrc/auth/auth.service.ts[0m:[93m643[0m:[93m31[0m - [91merror[0m[90m TS1005: [0m',' expected.

[7m643[0m     user.lockUntil = undefined;
[7m   [0m [91m                              ~[0m

[96msrc/auth/auth.service.ts[0m:[93m644[0m:[93m11[0m - [91merror[0m[90m TS1005: [0m',' expected.

[7m644[0m     await user.save();
[7m   [0m [91m          ~~~~[0m

[96msrc/auth/auth.service.ts[0m:[93m644[0m:[93m15[0m - [91merror[0m[90m TS1005: [0m',' expected.

[7m644[0m     await user.save();
[7m   [0m [91m              ~[0m

[96msrc/auth/auth.service.ts[0m:[93m644[0m:[93m22[0m - [91merror[0m[90m TS1005: [0m',' expected.

[7m644[0m     await user.save();
[7m   [0m [91m                     ~[0m

[96msrc/auth/auth.service.ts[0m:[93m647[0m:[93m3[0m - [91merror[0m[90m TS1434: [0mUnexpected keyword or identifier.

[7m647[0m   async confirmEmail(
[7m   [0m [91m  ~~~~~[0m

[96msrc/auth/auth.service.ts[0m:[93m648[0m:[93m10[0m - [91merror[0m[90m TS1005: [0m',' expected.

[7m648[0m     token: string
[7m   [0m [91m         ~[0m

[96msrc/auth/auth.service.ts[0m:[93m649[0m:[93m4[0m - [91merror[0m[90m TS1005: [0m';' expected.

[7m649[0m   ): Promise<{ success: boolean; message: string }> {
[7m   [0m [91m   ~[0m

[96msrc/auth/auth.service.ts[0m:[93m649[0m:[93m32[0m - [91merror[0m[90m TS1005: [0m',' expected.

[7m649[0m   ): Promise<{ success: boolean; message: string }> {
[7m   [0m [91m                               ~[0m

[96msrc/auth/auth.service.ts[0m:[93m650[0m:[93m9[0m - [91merror[0m[90m TS1005: [0m':' expected.

[7m650[0m     try {
[7m   [0m [91m        ~[0m

[96msrc/auth/auth.service.ts[0m:[93m652[0m:[93m13[0m - [91merror[0m[90m TS1005: [0m':' expected.

[7m652[0m       const now = new Date();
[7m   [0m [91m            ~~~[0m

[96msrc/auth/auth.service.ts[0m:[93m652[0m:[93m29[0m - [91merror[0m[90m TS1005: [0m',' expected.

[7m652[0m       const now = new Date();
[7m   [0m [91m                            ~[0m

[96msrc/auth/auth.service.ts[0m:[93m653[0m:[93m13[0m - [91merror[0m[90m TS1005: [0m':' expected.

[7m653[0m       const result = await this.userModel.findOneAndUpdate(
[7m   [0m [91m            ~~~~~~[0m

[96msrc/auth/auth.service.ts[0m:[93m674[0m:[93m8[0m - [91merror[0m[90m TS1005: [0m',' expected.

[7m674[0m       );
[7m   [0m [91m       ~[0m

[96msrc/auth/auth.service.ts[0m:[93m676[0m:[93m11[0m - [91merror[0m[90m TS1003: [0mIdentifier expected.

[7m676[0m       if (!result) {
[7m   [0m [91m          ~[0m

[96msrc/auth/auth.service.ts[0m:[93m691[0m:[93m7[0m - [91merror[0m[90m TS1005: [0m',' expected.

[7m691[0m       return { success: true, message: 'Email confirmed successfully' };
[7m   [0m [91m      ~~~~~~[0m

[96msrc/auth/auth.service.ts[0m:[93m691[0m:[93m14[0m - [91merror[0m[90m TS1005: [0m':' expected.

[7m691[0m       return { success: true, message: 'Email confirmed successfully' };
[7m   [0m [91m             ~[0m

[96msrc/auth/auth.service.ts[0m:[93m691[0m:[93m72[0m - [91merror[0m[90m TS1005: [0m',' expected.

[7m691[0m       return { success: true, message: 'Email confirmed successfully' };
[7m   [0m [91m                                                                       ~[0m

[96msrc/auth/auth.service.ts[0m:[93m692[0m:[93m7[0m - [91merror[0m[90m TS1005: [0m',' expected.

[7m692[0m     } catch {
[7m   [0m [91m      ~~~~~[0m

[96msrc/auth/auth.service.ts[0m:[93m692[0m:[93m13[0m - [91merror[0m[90m TS1005: [0m':' expected.

[7m692[0m     } catch {
[7m   [0m [91m            ~[0m

[96msrc/auth/auth.service.ts[0m:[93m693[0m:[93m14[0m - [91merror[0m[90m TS1005: [0m':' expected.

[7m693[0m       return { success: false, message: 'Failed to confirm email' };
[7m   [0m [91m             ~[0m

[96msrc/auth/auth.service.ts[0m:[93m693[0m:[93m68[0m - [91merror[0m[90m TS1005: [0m',' expected.

[7m693[0m       return { success: false, message: 'Failed to confirm email' };
[7m   [0m [91m                                                                   ~[0m

[96msrc/auth/auth.service.ts[0m:[93m697[0m:[93m3[0m - [91merror[0m[90m TS1434: [0mUnexpected keyword or identifier.

[7m697[0m   async resendConfirmationEmail(email: string): Promise<MessageResponseDto> {
[7m   [0m [91m  ~~~~~[0m

[96msrc/auth/auth.service.ts[0m:[93m697[0m:[93m38[0m - [91merror[0m[90m TS1005: [0m',' expected.

[7m697[0m   async resendConfirmationEmail(email: string): Promise<MessageResponseDto> {
[7m   [0m [91m                                     ~[0m

[96msrc/auth/auth.service.ts[0m:[93m697[0m:[93m47[0m - [91merror[0m[90m TS1005: [0m';' expected.

[7m697[0m   async resendConfirmationEmail(email: string): Promise<MessageResponseDto> {
[7m   [0m [91m                                              ~[0m

[96msrc/auth/auth.service.ts[0m:[93m698[0m:[93m11[0m - [91merror[0m[90m TS1005: [0m':' expected.

[7m698[0m     const user = await this.userModel.findOne({ email });
[7m   [0m [91m          ~~~~[0m

[96msrc/auth/auth.service.ts[0m:[93m698[0m:[93m57[0m - [91merror[0m[90m TS1005: [0m',' expected.

[7m698[0m     const user = await this.userModel.findOne({ email });
[7m   [0m [91m                                                        ~[0m

[96msrc/auth/auth.service.ts[0m:[93m700[0m:[93m9[0m - [91merror[0m[90m TS1003: [0mIdentifier expected.

[7m700[0m     if (!user) {
[7m   [0m [91m        ~[0m

[96msrc/auth/auth.service.ts[0m:[93m704[0m:[93m5[0m - [91merror[0m[90m TS1005: [0m',' expected.

[7m704[0m     if (user.emailConfirmed) {
[7m   [0m [91m    ~~[0m

[96msrc/auth/auth.service.ts[0m:[93m704[0m:[93m13[0m - [91merror[0m[90m TS1005: [0m',' expected.

[7m704[0m     if (user.emailConfirmed) {
[7m   [0m [91m            ~[0m

[96msrc/auth/auth.service.ts[0m:[93m704[0m:[93m28[0m - [91merror[0m[90m TS1005: [0m',' expected.

[7m704[0m     if (user.emailConfirmed) {
[7m   [0m [91m                           ~[0m

[96msrc/auth/auth.service.ts[0m:[93m704[0m:[93m30[0m - [91merror[0m[90m TS1136: [0mProperty assignment expected.

[7m704[0m     if (user.emailConfirmed) {
[7m   [0m [91m                             ~[0m

[96msrc/auth/auth.service.ts[0m:[93m734[0m:[93m3[0m - [91merror[0m[90m TS1128: [0mDeclaration or statement expected.

[7m734[0m   }
[7m   [0m [91m  ~[0m

[96msrc/auth/auth.service.ts[0m:[93m736[0m:[93m3[0m - [91merror[0m[90m TS1434: [0mUnexpected keyword or identifier.

[7m736[0m   async fetchUser(userId: string): Promise<PrivateUserResponseDto> {
[7m   [0m [91m  ~~~~~[0m

[96msrc/auth/auth.service.ts[0m:[93m736[0m:[93m25[0m - [91merror[0m[90m TS1005: [0m',' expected.

[7m736[0m   async fetchUser(userId: string): Promise<PrivateUserResponseDto> {
[7m   [0m [91m                        ~[0m

[96msrc/auth/auth.service.ts[0m:[93m736[0m:[93m34[0m - [91merror[0m[90m TS1005: [0m';' expected.

[7m736[0m   async fetchUser(userId: string): Promise<PrivateUserResponseDto> {
[7m   [0m [91m                                 ~[0m

[96msrc/auth/auth.service.ts[0m:[93m737[0m:[93m11[0m - [91merror[0m[90m TS1005: [0m':' expected.

[7m737[0m     const user = await this.userModel.findById(userId);
[7m   [0m [91m          ~~~~[0m

[96msrc/auth/auth.service.ts[0m:[93m737[0m:[93m55[0m - [91merror[0m[90m TS1005: [0m',' expected.

[7m737[0m     const user = await this.userModel.findById(userId);
[7m   [0m [91m                                                      ~[0m

[96msrc/auth/auth.service.ts[0m:[93m739[0m:[93m9[0m - [91merror[0m[90m TS1003: [0mIdentifier expected.

[7m739[0m     if (!user) {
[7m   [0m [91m        ~[0m

[96msrc/auth/auth.service.ts[0m:[93m742[0m:[93m5[0m - [91merror[0m[90m TS1005: [0m',' expected.

[7m742[0m     const privateUser: PrivateUserDto = {
[7m   [0m [91m    ~~~~~[0m

[96msrc/auth/auth.service.ts[0m:[93m742[0m:[93m11[0m - [91merror[0m[90m TS1005: [0m':' expected.

[7m742[0m     const privateUser: PrivateUserDto = {
[7m   [0m [91m          ~~~~~~~~~~~[0m

[96msrc/auth/auth.service.ts[0m:[93m742[0m:[93m22[0m - [91merror[0m[90m TS1005: [0m',' expected.

[7m742[0m     const privateUser: PrivateUserDto = {
[7m   [0m [91m                     ~[0m

[96msrc/auth/auth.service.ts[0m:[93m754[0m:[93m6[0m - [91merror[0m[90m TS1005: [0m',' expected.

[7m754[0m     };
[7m   [0m [91m     ~[0m

[96msrc/auth/auth.service.ts[0m:[93m756[0m:[93m12[0m - [91merror[0m[90m TS1005: [0m':' expected.

[7m756[0m     return {
[7m   [0m [91m           ~[0m

[96msrc/auth/auth.service.ts[0m:[93m759[0m:[93m6[0m - [91merror[0m[90m TS1005: [0m',' expected.

[7m759[0m     };
[7m   [0m [91m     ~[0m

[96msrc/auth/auth.service.ts[0m:[93m762[0m:[93m3[0m - [91merror[0m[90m TS1434: [0mUnexpected keyword or identifier.

[7m762[0m   async fetchUserById(
[7m   [0m [91m  ~~~~~[0m

[96msrc/auth/auth.service.ts[0m:[93m763[0m:[93m11[0m - [91merror[0m[90m TS1005: [0m',' expected.

[7m763[0m     userId: string,
[7m   [0m [91m          ~[0m

[96msrc/auth/auth.service.ts[0m:[93m764[0m:[93m14[0m - [91merror[0m[90m TS1005: [0m',' expected.

[7m764[0m     requester: { id: string; role: Role }
[7m   [0m [91m             ~[0m

[96msrc/auth/auth.service.ts[0m:[93m764[0m:[93m28[0m - [91merror[0m[90m TS1005: [0m',' expected.

[7m764[0m     requester: { id: string; role: Role }
[7m   [0m [91m                           ~[0m

[96msrc/auth/auth.service.ts[0m:[93m765[0m:[93m4[0m - [91merror[0m[90m TS1005: [0m';' expected.

[7m765[0m   ): Promise<PrivateUserResponseDto> {
[7m   [0m [91m   ~[0m

[96msrc/auth/auth.service.ts[0m:[93m766[0m:[93m11[0m - [91merror[0m[90m TS1005: [0m':' expected.

[7m766[0m     const user = await this.userModel.findById(userId);
[7m   [0m [91m          ~~~~[0m

[96msrc/auth/auth.service.ts[0m:[93m766[0m:[93m55[0m - [91merror[0m[90m TS1005: [0m',' expected.

[7m766[0m     const user = await this.userModel.findById(userId);
[7m   [0m [91m                                                      ~[0m

[96msrc/auth/auth.service.ts[0m:[93m768[0m:[93m9[0m - [91merror[0m[90m TS1003: [0mIdentifier expected.

[7m768[0m     if (!user) {
[7m   [0m [91m        ~[0m

[96msrc/auth/auth.service.ts[0m:[93m772[0m:[93m5[0m - [91merror[0m[90m TS1005: [0m',' expected.

[7m772[0m     const privateUser: PrivateUserDto = {
[7m   [0m [91m    ~~~~~[0m

[96msrc/auth/auth.service.ts[0m:[93m772[0m:[93m11[0m - [91merror[0m[90m TS1005: [0m':' expected.

[7m772[0m     const privateUser: PrivateUserDto = {
[7m   [0m [91m          ~~~~~~~~~~~[0m

[96msrc/auth/auth.service.ts[0m:[93m772[0m:[93m22[0m - [91merror[0m[90m TS1005: [0m',' expected.

[7m772[0m     const privateUser: PrivateUserDto = {
[7m   [0m [91m                     ~[0m

[96msrc/auth/auth.service.ts[0m:[93m783[0m:[93m6[0m - [91merror[0m[90m TS1005: [0m',' expected.

[7m783[0m     };
[7m   [0m [91m     ~[0m

[96msrc/auth/auth.service.ts[0m:[93m785[0m:[93m11[0m - [91merror[0m[90m TS1005: [0m':' expected.

[7m785[0m     const canViewTwoFactorStatus =
[7m   [0m [91m          ~~~~~~~~~~~~~~~~~~~~~~[0m

[96msrc/auth/auth.service.ts[0m:[93m788[0m:[93m45[0m - [91merror[0m[90m TS1005: [0m',' expected.

[7m788[0m       requester.role === Role.PLATFORM_OWNER;
[7m   [0m [91m                                            ~[0m

[96msrc/auth/auth.service.ts[0m:[93m794[0m:[93m5[0m - [91merror[0m[90m TS1005: [0m',' expected.

[7m794[0m     return {
[7m   [0m [91m    ~~~~~~[0m

[96msrc/auth/auth.service.ts[0m:[93m794[0m:[93m12[0m - [91merror[0m[90m TS1005: [0m':' expected.

[7m794[0m     return {
[7m   [0m [91m           ~[0m

[96msrc/auth/auth.service.ts[0m:[93m797[0m:[93m6[0m - [91merror[0m[90m TS1005: [0m',' expected.

[7m797[0m     };
[7m   [0m [91m     ~[0m

[96msrc/auth/auth.service.ts[0m:[93m800[0m:[93m3[0m - [91merror[0m[90m TS1434: [0mUnexpected keyword or identifier.

[7m800[0m   async fetchAllUsers(): Promise<UsersListResponseDto> {
[7m   [0m [91m  ~~~~~[0m

[96msrc/auth/auth.service.ts[0m:[93m800[0m:[93m24[0m - [91merror[0m[90m TS1005: [0m';' expected.

[7m800[0m   async fetchAllUsers(): Promise<UsersListResponseDto> {
[7m   [0m [91m                       ~[0m

[96msrc/auth/auth.service.ts[0m:[93m801[0m:[93m11[0m - [91merror[0m[90m TS1005: [0m':' expected.

[7m801[0m     const users = await this.userModel.find().lean();
[7m   [0m [91m          ~~~~~[0m

[96msrc/auth/auth.service.ts[0m:[93m801[0m:[93m53[0m - [91merror[0m[90m TS1005: [0m',' expected.

[7m801[0m     const users = await this.userModel.find().lean();
[7m   [0m [91m                                                    ~[0m

[96msrc/auth/auth.service.ts[0m:[93m803[0m:[93m11[0m - [91merror[0m[90m TS1005: [0m':' expected.

[7m803[0m     const formatted = users.map((u) => ({
[7m   [0m [91m          ~~~~~~~~~[0m

[96msrc/auth/auth.service.ts[0m:[93m816[0m:[93m8[0m - [91merror[0m[90m TS1005: [0m',' expected.

[7m816[0m     }));
[7m   [0m [91m       ~[0m

[96msrc/auth/auth.service.ts[0m:[93m818[0m:[93m12[0m - [91merror[0m[90m TS1005: [0m':' expected.

[7m818[0m     return {
[7m   [0m [91m           ~[0m

[96msrc/auth/auth.service.ts[0m:[93m821[0m:[93m6[0m - [91merror[0m[90m TS1005: [0m',' expected.

[7m821[0m     };
[7m   [0m [91m     ~[0m

[96msrc/auth/auth.service.ts[0m:[93m824[0m:[93m3[0m - [91merror[0m[90m TS1434: [0mUnexpected keyword or identifier.

[7m824[0m   async updateUser(
[7m   [0m [91m  ~~~~~[0m

[96msrc/auth/auth.service.ts[0m:[93m825[0m:[93m11[0m - [91merror[0m[90m TS1005: [0m',' expected.

[7m825[0m     userId: string,
[7m   [0m [91m          ~[0m

[96msrc/auth/auth.service.ts[0m:[93m826[0m:[93m14[0m - [91merror[0m[90m TS1005: [0m',' expected.

[7m826[0m     updateDto: UpdateUserDto
[7m   [0m [91m             ~[0m

[96msrc/auth/auth.service.ts[0m:[93m827[0m:[93m4[0m - [91merror[0m[90m TS1005: [0m';' expected.

[7m827[0m   ): Promise<PrivateUserResponseDto> {
[7m   [0m [91m   ~[0m

[96msrc/auth/auth.service.ts[0m:[93m828[0m:[93m11[0m - [91merror[0m[90m TS1005: [0m':' expected.

[7m828[0m     const user = await this.userModel.findById(userId);
[7m   [0m [91m          ~~~~[0m

[96msrc/auth/auth.service.ts[0m:[93m828[0m:[93m55[0m - [91merror[0m[90m TS1005: [0m',' expected.

[7m828[0m     const user = await this.userModel.findById(userId);
[7m   [0m [91m                                                      ~[0m

[96msrc/auth/auth.service.ts[0m:[93m830[0m:[93m9[0m - [91merror[0m[90m TS1003: [0mIdentifier expected.

[7m830[0m     if (!user) {
[7m   [0m [91m        ~[0m

[96msrc/auth/auth.service.ts[0m:[93m834[0m:[93m5[0m - [91merror[0m[90m TS1005: [0m',' expected.

[7m834[0m     const isEmailChanging = updateDto.email && updateDto.email !== user.email;
[7m   [0m [91m    ~~~~~[0m

[96msrc/auth/auth.service.ts[0m:[93m834[0m:[93m11[0m - [91merror[0m[90m TS1005: [0m':' expected.

[7m834[0m     const isEmailChanging = updateDto.email && updateDto.email !== user.email;
[7m   [0m [91m          ~~~~~~~~~~~~~~~[0m

[96msrc/auth/auth.service.ts[0m:[93m834[0m:[93m78[0m - [91merror[0m[90m TS1005: [0m',' expected.

[7m834[0m     const isEmailChanging = updateDto.email && updateDto.email !== user.email;
[7m   [0m [91m                                                                             ~[0m

[96msrc/auth/auth.service.ts[0m:[93m835[0m:[93m11[0m - [91merror[0m[90m TS1005: [0m':' expected.

[7m835[0m     const isPasswordChanging = !!updateDto.password;
[7m   [0m [91m          ~~~~~~~~~~~~~~~~~~[0m

[96msrc/auth/auth.service.ts[0m:[93m835[0m:[93m52[0m - [91merror[0m[90m TS1005: [0m',' expected.

[7m835[0m     const isPasswordChanging = !!updateDto.password;
[7m   [0m [91m                                                   ~[0m

[96msrc/auth/auth.service.ts[0m:[93m839[0m:[93m11[0m - [91merror[0m[90m TS1005: [0m':' expected.

[7m839[0m     const hasLocalPassword = !!user.passwordHash;
[7m   [0m [91m          ~~~~~~~~~~~~~~~~[0m

[96msrc/auth/auth.service.ts[0m:[93m839[0m:[93m49[0m - [91merror[0m[90m TS1005: [0m',' expected.

[7m839[0m     const hasLocalPassword = !!user.passwordHash;
[7m   [0m [91m                                                ~[0m

[96msrc/auth/auth.service.ts[0m:[93m842[0m:[93m7[0m - [91merror[0m[90m TS1138: [0mParameter declaration expected.

[7m842[0m       (isEmailChanging || isPasswordChanging) &&
[7m   [0m [91m      ~[0m

[96msrc/auth/auth.service.ts[0m:[93m845[0m:[93m5[0m - [91merror[0m[90m TS1128: [0mDeclaration or statement expected.

[7m845[0m     ) {
[7m   [0m [91m    ~[0m

[96msrc/auth/auth.service.ts[0m:[93m977[0m:[93m3[0m - [91merror[0m[90m TS1128: [0mDeclaration or statement expected.

[7m977[0m   }
[7m   [0m [91m  ~[0m

[96msrc/auth/auth.service.ts[0m:[93m979[0m:[93m3[0m - [91merror[0m[90m TS1434: [0mUnexpected keyword or identifier.

[7m979[0m   async deleteUser(userId: string): Promise<MessageResponseDto> {
[7m   [0m [91m  ~~~~~[0m

[96msrc/auth/auth.service.ts[0m:[93m979[0m:[93m26[0m - [91merror[0m[90m TS1005: [0m',' expected.

[7m979[0m   async deleteUser(userId: string): Promise<MessageResponseDto> {
[7m   [0m [91m                         ~[0m

[96msrc/auth/auth.service.ts[0m:[93m979[0m:[93m35[0m - [91merror[0m[90m TS1005: [0m';' expected.

[7m979[0m   async deleteUser(userId: string): Promise<MessageResponseDto> {
[7m   [0m [91m                                  ~[0m

[96msrc/auth/auth.service.ts[0m:[93m980[0m:[93m11[0m - [91merror[0m[90m TS1005: [0m':' expected.

[7m980[0m     const user = await this.userModel.findById(userId);
[7m   [0m [91m          ~~~~[0m

[96msrc/auth/auth.service.ts[0m:[93m980[0m:[93m55[0m - [91merror[0m[90m TS1005: [0m',' expected.

[7m980[0m     const user = await this.userModel.findById(userId);
[7m   [0m [91m                                                      ~[0m

[96msrc/auth/auth.service.ts[0m:[93m981[0m:[93m9[0m - [91merror[0m[90m TS1003: [0mIdentifier expected.

[7m981[0m     if (!user) {
[7m   [0m [91m        ~[0m

[96msrc/auth/auth.service.ts[0m:[93m985[0m:[93m5[0m - [91merror[0m[90m TS1005: [0m',' expected.

[7m985[0m     if (
[7m   [0m [91m    ~~[0m

[96msrc/auth/auth.service.ts[0m:[93m986[0m:[93m11[0m - [91merror[0m[90m TS1005: [0m',' expected.

[7m986[0m       user.role === Role.PLATFORM_ADMIN ||
[7m   [0m [91m          ~[0m

[96msrc/auth/auth.service.ts[0m:[93m988[0m:[93m5[0m - [91merror[0m[90m TS1005: [0m',' expected.

[7m988[0m     ) {
[7m   [0m [91m    ~[0m

[96msrc/auth/auth.service.ts[0m:[93m988[0m:[93m7[0m - [91merror[0m[90m TS1136: [0mProperty assignment expected.

[7m988[0m     ) {
[7m   [0m [91m      ~[0m

[96msrc/auth/auth.service.ts[0m:[93m1005[0m:[93m3[0m - [91merror[0m[90m TS1128: [0mDeclaration or statement expected.

[7m1005[0m   }
[7m    [0m [91m  ~[0m

[96msrc/auth/auth.service.ts[0m:[93m1007[0m:[93m3[0m - [91merror[0m[90m TS1434: [0mUnexpected keyword or identifier.

[7m1007[0m   async deleteUserByAdmin(
[7m    [0m [91m  ~~~~~[0m

[96msrc/auth/auth.service.ts[0m:[93m1008[0m:[93m12[0m - [91merror[0m[90m TS1005: [0m',' expected.

[7m1008[0m     adminId: string,
[7m    [0m [91m           ~[0m

[96msrc/auth/auth.service.ts[0m:[93m1009[0m:[93m11[0m - [91merror[0m[90m TS1005: [0m',' expected.

[7m1009[0m     userId: string
[7m    [0m [91m          ~[0m

[96msrc/auth/auth.service.ts[0m:[93m1010[0m:[93m4[0m - [91merror[0m[90m TS1005: [0m';' expected.

[7m1010[0m   ): Promise<MessageResponseDto> {
[7m    [0m [91m   ~[0m

[96msrc/auth/auth.service.ts[0m:[93m1011[0m:[93m17[0m - [91merror[0m[90m TS1005: [0m',' expected.

[7m1011[0m     if (adminId === userId) {
[7m    [0m [91m                ~~~[0m

[96msrc/auth/auth.service.ts[0m:[93m1011[0m:[93m27[0m - [91merror[0m[90m TS1005: [0m';' expected.

[7m1011[0m     if (adminId === userId) {
[7m    [0m [91m                          ~[0m

[96msrc/auth/auth.service.ts[0m:[93m1037[0m:[93m3[0m - [91merror[0m[90m TS1128: [0mDeclaration or statement expected.

[7m1037[0m   }
[7m    [0m [91m  ~[0m

[96msrc/auth/auth.service.ts[0m:[93m1039[0m:[93m3[0m - [91merror[0m[90m TS1434: [0mUnexpected keyword or identifier.

[7m1039[0m   async updateRefreshToken(
[7m    [0m [91m  ~~~~~[0m

[96msrc/auth/auth.service.ts[0m:[93m1040[0m:[93m11[0m - [91merror[0m[90m TS1005: [0m',' expected.

[7m1040[0m     userId: string,
[7m    [0m [91m          ~[0m

[96msrc/auth/auth.service.ts[0m:[93m1041[0m:[93m20[0m - [91merror[0m[90m TS1005: [0m',' expected.

[7m1041[0m     oldRefreshToken: string,
[7m    [0m [91m                   ~[0m

[96msrc/auth/auth.service.ts[0m:[93m1042[0m:[93m17[0m - [91merror[0m[90m TS1005: [0m',' expected.

[7m1042[0m     refreshToken: string
[7m    [0m [91m                ~[0m

[96msrc/auth/auth.service.ts[0m:[93m1043[0m:[93m4[0m - [91merror[0m[90m TS1005: [0m';' expected.

[7m1043[0m   ): Promise<void> {
[7m    [0m [91m   ~[0m

[96msrc/auth/auth.service.ts[0m:[93m1043[0m:[93m18[0m - [91merror[0m[90m TS1109: [0mExpression expected.

[7m1043[0m   ): Promise<void> {
[7m    [0m [91m                 ~[0m

[96msrc/auth/auth.service.ts[0m:[93m1044[0m:[93m11[0m - [91merror[0m[90m TS1005: [0m':' expected.

[7m1044[0m     const expiresAt = new Date(Date.now() + 7 * 24 * 60 * 60 * 1000);
[7m    [0m [91m          ~~~~~~~~~[0m

[96msrc/auth/auth.service.ts[0m:[93m1044[0m:[93m69[0m - [91merror[0m[90m TS1005: [0m',' expected.

[7m1044[0m     const expiresAt = new Date(Date.now() + 7 * 24 * 60 * 60 * 1000);
[7m    [0m [91m                                                                    ~[0m

[96msrc/auth/auth.service.ts[0m:[93m1046[0m:[93m11[0m - [91merror[0m[90m TS1005: [0m',' expected.

[7m1046[0m     await this.userModel.updateOne(
[7m    [0m [91m          ~~~~[0m

[96msrc/auth/auth.service.ts[0m:[93m1046[0m:[93m15[0m - [91merror[0m[90m TS1005: [0m':' expected.

[7m1046[0m     await this.userModel.updateOne(
[7m    [0m [91m              ~[0m

[96msrc/auth/auth.service.ts[0m:[93m1058[0m:[93m6[0m - [91merror[0m[90m TS1005: [0m',' expected.

[7m1058[0m     );
[7m    [0m [91m     ~[0m

[96msrc/auth/auth.service.ts[0m:[93m1060[0m:[93m11[0m - [91merror[0m[90m TS1005: [0m',' expected.

[7m1060[0m     await this.userModel.updateOne(
[7m    [0m [91m          ~~~~[0m

[96msrc/auth/auth.service.ts[0m:[93m1060[0m:[93m15[0m - [91merror[0m[90m TS1005: [0m':' expected.

[7m1060[0m     await this.userModel.updateOne(
[7m    [0m [91m              ~[0m

[96msrc/auth/auth.service.ts[0m:[93m1070[0m:[93m6[0m - [91merror[0m[90m TS1005: [0m',' expected.

[7m1070[0m     );
[7m    [0m [91m     ~[0m

[96msrc/auth/auth.service.ts[0m:[93m1073[0m:[93m22[0m - [91merror[0m[90m TS1005: [0m',' expected.

[7m1073[0m   generateTokens(user: User | TokenPayload): {
[7m    [0m [91m                     ~[0m

[96msrc/auth/auth.service.ts[0m:[93m1073[0m:[93m44[0m - [91merror[0m[90m TS1005: [0m';' expected.

[7m1073[0m   generateTokens(user: User | TokenPayload): {
[7m    [0m [91m                                           ~[0m

[96msrc/auth/auth.service.ts[0m:[93m1103[0m:[93m3[0m - [91merror[0m[90m TS1128: [0mDeclaration or statement expected.

[7m1103[0m   private generateEmailToken(): string {
[7m    [0m [91m  ~~~~~~~[0m

[96msrc/auth/auth.service.ts[0m:[93m1103[0m:[93m31[0m - [91merror[0m[90m TS1005: [0m';' expected.

[7m1103[0m   private generateEmailToken(): string {
[7m    [0m [91m                              ~[0m

[96msrc/auth/auth.service.ts[0m:[93m1103[0m:[93m33[0m - [91merror[0m[90m TS1434: [0mUnexpected keyword or identifier.

[7m1103[0m   private generateEmailToken(): string {
[7m    [0m [91m                                ~~~~~~[0m

[96msrc/auth/auth.service.ts[0m:[93m1107[0m:[93m3[0m - [91merror[0m[90m TS1434: [0mUnexpected keyword or identifier.

[7m1107[0m   async validateUser(
[7m    [0m [91m  ~~~~~[0m

[96msrc/auth/auth.service.ts[0m:[93m1108[0m:[93m10[0m - [91merror[0m[90m TS1005: [0m',' expected.

[7m1108[0m     email: string,
[7m    [0m [91m         ~[0m

[96msrc/auth/auth.service.ts[0m:[93m1109[0m:[93m13[0m - [91merror[0m[90m TS1005: [0m',' expected.

[7m1109[0m     password: string
[7m    [0m [91m            ~[0m

[96msrc/auth/auth.service.ts[0m:[93m1110[0m:[93m4[0m - [91merror[0m[90m TS1005: [0m';' expected.

[7m1110[0m   ): Promise<User | undefined> {
[7m    [0m [91m   ~[0m

[96msrc/auth/auth.service.ts[0m:[93m1111[0m:[93m11[0m - [91merror[0m[90m TS1005: [0m':' expected.

[7m1111[0m     const user = await this.userModel.findOne({ email });
[7m    [0m [91m          ~~~~[0m

[96msrc/auth/auth.service.ts[0m:[93m1111[0m:[93m57[0m - [91merror[0m[90m TS1005: [0m',' expected.

[7m1111[0m     const user = await this.userModel.findOne({ email });
[7m    [0m [91m                                                        ~[0m

[96msrc/auth/auth.service.ts[0m:[93m1112[0m:[93m14[0m - [91merror[0m[90m TS1005: [0m',' expected.

[7m1112[0m     if (user && (await compare(password, user.passwordHash))) {
[7m    [0m [91m             ~~[0m

[96msrc/auth/auth.service.ts[0m:[93m1112[0m:[93m61[0m - [91merror[0m[90m TS1005: [0m';' expected.

[7m1112[0m     if (user && (await compare(password, user.passwordHash))) {
[7m    [0m [91m                                                            ~[0m

[96msrc/auth/auth.service.ts[0m:[93m1116[0m:[93m3[0m - [91merror[0m[90m TS1128: [0mDeclaration or statement expected.

[7m1116[0m   }
[7m    [0m [91m  ~[0m

[96msrc/auth/auth.service.ts[0m:[93m1118[0m:[93m3[0m - [91merror[0m[90m TS1128: [0mDeclaration or statement expected.

[7m1118[0m   private async handleFailedLogin(user: User): Promise<void> {
[7m    [0m [91m  ~~~~~~~[0m

[96msrc/auth/auth.service.ts[0m:[93m1118[0m:[93m11[0m - [91merror[0m[90m TS1434: [0mUnexpected keyword or identifier.

[7m1118[0m   private async handleFailedLogin(user: User): Promise<void> {
[7m    [0m [91m          ~~~~~[0m

[96msrc/auth/auth.service.ts[0m:[93m1118[0m:[93m39[0m - [91merror[0m[90m TS1005: [0m',' expected.

[7m1118[0m   private async handleFailedLogin(user: User): Promise<void> {
[7m    [0m [91m                                      ~[0m

[96msrc/auth/auth.service.ts[0m:[93m1118[0m:[93m46[0m - [91merror[0m[90m TS1005: [0m';' expected.

[7m1118[0m   private async handleFailedLogin(user: User): Promise<void> {
[7m    [0m [91m                                             ~[0m

[96msrc/auth/auth.service.ts[0m:[93m1118[0m:[93m60[0m - [91merror[0m[90m TS1109: [0mExpression expected.

[7m1118[0m   private async handleFailedLogin(user: User): Promise<void> {
[7m    [0m [91m                                                           ~[0m

[96msrc/auth/auth.service.ts[0m:[93m1119[0m:[93m9[0m - [91merror[0m[90m TS1005: [0m',' expected.

[7m1119[0m     user.failedLoginAttempts += 1;
[7m    [0m [91m        ~[0m

[96msrc/auth/auth.service.ts[0m:[93m1119[0m:[93m34[0m - [91merror[0m[90m TS1005: [0m',' expected.

[7m1119[0m     user.failedLoginAttempts += 1;
[7m    [0m [91m                                 ~[0m

[96msrc/auth/auth.service.ts[0m:[93m1121[0m:[93m13[0m - [91merror[0m[90m TS1005: [0m',' expected.

[7m1121[0m     if (user.failedLoginAttempts >= 5) {
[7m    [0m [91m            ~[0m

[96msrc/auth/auth.service.ts[0m:[93m1121[0m:[93m38[0m - [91merror[0m[90m TS1005: [0m',' expected.

[7m1121[0m     if (user.failedLoginAttempts >= 5) {
[7m    [0m [91m                                     ~[0m

[96msrc/auth/auth.service.ts[0m:[93m1121[0m:[93m40[0m - [91merror[0m[90m TS1136: [0mProperty assignment expected.

[7m1121[0m     if (user.failedLoginAttempts >= 5) {
[7m    [0m [91m                                       ~[0m

[96msrc/auth/auth.service.ts[0m:[93m1126[0m:[93m3[0m - [91merror[0m[90m TS1109: [0mExpression expected.

[7m1126[0m   }
[7m    [0m [91m  ~[0m

[96msrc/auth/auth.service.ts[0m:[93m1128[0m:[93m3[0m - [91merror[0m[90m TS1434: [0mUnexpected keyword or identifier.

[7m1128[0m   private async resetFailedAttempts(user: User): Promise<void> {
[7m    [0m [91m  ~~~~~~~[0m

[96msrc/auth/auth.service.ts[0m:[93m1128[0m:[93m11[0m - [91merror[0m[90m TS1434: [0mUnexpected keyword or identifier.

[7m1128[0m   private async resetFailedAttempts(user: User): Promise<void> {
[7m    [0m [91m          ~~~~~[0m

[96msrc/auth/auth.service.ts[0m:[93m1128[0m:[93m41[0m - [91merror[0m[90m TS1005: [0m',' expected.

[7m1128[0m   private async resetFailedAttempts(user: User): Promise<void> {
[7m    [0m [91m                                        ~[0m

[96msrc/auth/auth.service.ts[0m:[93m1128[0m:[93m48[0m - [91merror[0m[90m TS1005: [0m';' expected.

[7m1128[0m   private async resetFailedAttempts(user: User): Promise<void> {
[7m    [0m [91m                                               ~[0m

[96msrc/auth/auth.service.ts[0m:[93m1128[0m:[93m62[0m - [91merror[0m[90m TS1109: [0mExpression expected.

[7m1128[0m   private async resetFailedAttempts(user: User): Promise<void> {
[7m    [0m [91m                                                             ~[0m

[96msrc/auth/auth.service.ts[0m:[93m1129[0m:[93m13[0m - [91merror[0m[90m TS1005: [0m',' expected.

[7m1129[0m     if (user.failedLoginAttempts > 0 || user.lockUntil) {
[7m    [0m [91m            ~[0m

[96msrc/auth/auth.service.ts[0m:[93m1129[0m:[93m55[0m - [91merror[0m[90m TS1005: [0m',' expected.

[7m1129[0m     if (user.failedLoginAttempts > 0 || user.lockUntil) {
[7m    [0m [91m                                                      ~[0m

[96msrc/auth/auth.service.ts[0m:[93m1134[0m:[93m3[0m - [91merror[0m[90m TS1109: [0mExpression expected.

[7m1134[0m   }
[7m    [0m [91m  ~[0m

[96msrc/auth/auth.service.ts[0m:[93m1136[0m:[93m3[0m - [91merror[0m[90m TS1434: [0mUnexpected keyword or identifier.

[7m1136[0m   private resolveFrontendRedirectUri(
[7m    [0m [91m  ~~~~~~~[0m

[96msrc/auth/auth.service.ts[0m:[93m1137[0m:[93m25[0m - [91merror[0m[90m TS1005: [0m',' expected.

[7m1137[0m     requestedRedirectUri: string | undefined,
[7m    [0m [91m                        ~[0m

[96msrc/auth/auth.service.ts[0m:[93m1138[0m:[93m9[0m - [91merror[0m[90m TS1005: [0m',' expected.

[7m1138[0m     lang: string
[7m    [0m [91m        ~[0m

[96msrc/auth/auth.service.ts[0m:[93m1139[0m:[93m4[0m - [91merror[0m[90m TS1005: [0m';' expected.

[7m1139[0m   ): string {
[7m    [0m [91m   ~[0m

[96msrc/auth/auth.service.ts[0m:[93m1139[0m:[93m6[0m - [91merror[0m[90m TS1434: [0mUnexpected keyword or identifier.

[7m1139[0m   ): string {
[7m    [0m [91m     ~~~~~~[0m

[96msrc/auth/auth.service.ts[0m:[93m1164[0m:[93m3[0m - [91merror[0m[90m TS1128: [0mDeclaration or statement expected.

[7m1164[0m   private async parseGoogleState(state: string): Promise<{
[7m    [0m [91m  ~~~~~~~[0m

[96msrc/auth/auth.service.ts[0m:[93m1164[0m:[93m11[0m - [91merror[0m[90m TS1434: [0mUnexpected keyword or identifier.

[7m1164[0m   private async parseGoogleState(state: string): Promise<{
[7m    [0m [91m          ~~~~~[0m

[96msrc/auth/auth.service.ts[0m:[93m1164[0m:[93m39[0m - [91merror[0m[90m TS1005: [0m',' expected.

[7m1164[0m   private async parseGoogleState(state: string): Promise<{
[7m    [0m [91m                                      ~[0m

[96msrc/auth/auth.service.ts[0m:[93m1164[0m:[93m48[0m - [91merror[0m[90m TS1005: [0m';' expected.

[7m1164[0m   private async parseGoogleState(state: string): Promise<{
[7m    [0m [91m                                               ~[0m

[96msrc/auth/auth.service.ts[0m:[93m1165[0m:[93m31[0m - [91merror[0m[90m TS1005: [0m',' expected.

[7m1165[0m     mode: 'login' | 'register';
[7m    [0m [91m                              ~[0m

[96msrc/auth/auth.service.ts[0m:[93m1166[0m:[93m17[0m - [91merror[0m[90m TS1005: [0m',' expected.

[7m1166[0m     lang: string;
[7m    [0m [91m                ~[0m

[96msrc/auth/auth.service.ts[0m:[93m1167[0m:[93m24[0m - [91merror[0m[90m TS1005: [0m',' expected.

[7m1167[0m     redirectUri: string;
[7m    [0m [91m                       ~[0m

[96msrc/auth/auth.service.ts[0m:[93m1169[0m:[93m11[0m - [91merror[0m[90m TS1005: [0m',' expected.

[7m1169[0m     await this.cleanupExpiredOAuthEntries();
[7m    [0m [91m          ~~~~[0m

[96msrc/auth/auth.service.ts[0m:[93m1169[0m:[93m15[0m - [91merror[0m[90m TS1005: [0m':' expected.

[7m1169[0m     await this.cleanupExpiredOAuthEntries();
[7m    [0m [91m              ~[0m

[96msrc/auth/auth.service.ts[0m:[93m1169[0m:[93m44[0m - [91merror[0m[90m TS1005: [0m',' expected.

[7m1169[0m     await this.cleanupExpiredOAuthEntries();
[7m    [0m [91m                                           ~[0m

[96msrc/auth/auth.service.ts[0m:[93m1171[0m:[93m9[0m - [91merror[0m[90m TS1005: [0m':' expected.

[7m1171[0m     try {
[7m    [0m [91m        ~[0m

[96msrc/auth/auth.service.ts[0m:[93m1172[0m:[93m13[0m - [91merror[0m[90m TS1005: [0m':' expected.

[7m1172[0m       const decoded = this.jwtService.verify<Record<string, unknown>>(state);
[7m    [0m [91m            ~~~~~~~[0m

[96msrc/auth/auth.service.ts[0m:[93m1172[0m:[93m77[0m - [91merror[0m[90m TS1005: [0m',' expected.

[7m1172[0m       const decoded = this.jwtService.verify<Record<string, unknown>>(state);
[7m    [0m [91m                                                                            ~[0m

[96msrc/auth/auth.service.ts[0m:[93m1173[0m:[93m11[0m - [91merror[0m[90m TS1003: [0mIdentifier expected.

[7m1173[0m       if (!this.isGoogleStateTokenPayload(decoded)) {
[7m    [0m [91m          ~[0m

[96msrc/auth/auth.service.ts[0m:[93m1173[0m:[93m16[0m - [91merror[0m[90m TS1005: [0m',' expected.

[7m1173[0m       if (!this.isGoogleStateTokenPayload(decoded)) {
[7m    [0m [91m               ~[0m

[96msrc/auth/auth.service.ts[0m:[93m1173[0m:[93m51[0m - [91merror[0m[90m TS1005: [0m',' expected.

[7m1173[0m       if (!this.isGoogleStateTokenPayload(decoded)) {
[7m    [0m [91m                                                  ~[0m

[96msrc/auth/auth.service.ts[0m:[93m1173[0m:[93m53[0m - [91merror[0m[90m TS1136: [0mProperty assignment expected.

[7m1173[0m       if (!this.isGoogleStateTokenPayload(decoded)) {
[7m    [0m [91m                                                    ~[0m

[96msrc/auth/auth.service.ts[0m:[93m1192[0m:[93m5[0m - [91merror[0m[90m TS1128: [0mDeclaration or statement expected.

[7m1192[0m     } catch (error) {
[7m    [0m [91m    ~[0m

[96msrc/auth/auth.service.ts[0m:[93m1192[0m:[93m7[0m - [91merror[0m[90m TS1005: [0m'try' expected.

[7m1192[0m     } catch (error) {
[7m    [0m [91m      ~~~~~[0m

[96msrc/auth/auth.service.ts[0m:[93m1207[0m:[93m3[0m - [91merror[0m[90m TS1128: [0mDeclaration or statement expected.

[7m1207[0m   }
[7m    [0m [91m  ~[0m

[96msrc/auth/auth.service.ts[0m:[93m1209[0m:[93m3[0m - [91merror[0m[90m TS1128: [0mDeclaration or statement expected.

[7m1209[0m   private isGoogleStateTokenPayload(
[7m    [0m [91m  ~~~~~~~[0m

[96msrc/auth/auth.service.ts[0m:[93m1210[0m:[93m12[0m - [91merror[0m[90m TS1005: [0m',' expected.

[7m1210[0m     payload: unknown
[7m    [0m [91m           ~[0m

[96msrc/auth/auth.service.ts[0m:[93m1211[0m:[93m4[0m - [91merror[0m[90m TS1005: [0m';' expected.

[7m1211[0m   ): payload is GoogleStateTokenPayload {
[7m    [0m [91m   ~[0m

[96msrc/auth/auth.service.ts[0m:[93m1211[0m:[93m6[0m - [91merror[0m[90m TS1434: [0mUnexpected keyword or identifier.

[7m1211[0m   ): payload is GoogleStateTokenPayload {
[7m    [0m [91m     ~~~~~~~[0m

[96msrc/auth/auth.service.ts[0m:[93m1211[0m:[93m14[0m - [91merror[0m[90m TS1228: [0mA type predicate is only allowed in return type position for functions and methods.

[7m1211[0m   ): payload is GoogleStateTokenPayload {
[7m    [0m [91m             ~~~[0m

[96msrc/auth/auth.service.ts[0m:[93m1211[0m:[93m17[0m - [91merror[0m[90m TS1434: [0mUnexpected keyword or identifier.

[7m1211[0m   ): payload is GoogleStateTokenPayload {
[7m    [0m [91m                ~~~~~~~~~~~~~~~~~~~~~~~[0m

[96msrc/auth/auth.service.ts[0m:[93m1227[0m:[93m3[0m - [91merror[0m[90m TS1434: [0mUnexpected keyword or identifier.

[7m1227[0m   async exchangeGoogleOAuthCode(
[7m    [0m [91m  ~~~~~[0m

[96msrc/auth/auth.service.ts[0m:[93m1228[0m:[93m14[0m - [91merror[0m[90m TS1005: [0m',' expected.

[7m1228[0m     oauthCode: string
[7m    [0m [91m             ~[0m

[96msrc/auth/auth.service.ts[0m:[93m1229[0m:[93m4[0m - [91merror[0m[90m TS1005: [0m';' expected.

[7m1229[0m   ): Promise<AuthResponseDto | TwoFactorChallengeResponse> {
[7m    [0m [91m   ~[0m

[96msrc/auth/auth.service.ts[0m:[93m1230[0m:[93m11[0m - [91merror[0m[90m TS1005: [0m',' expected.

[7m1230[0m     await this.cleanupExpiredOAuthEntries();
[7m    [0m [91m          ~~~~[0m

[96msrc/auth/auth.service.ts[0m:[93m1230[0m:[93m15[0m - [91merror[0m[90m TS1005: [0m':' expected.

[7m1230[0m     await this.cleanupExpiredOAuthEntries();
[7m    [0m [91m              ~[0m

[96msrc/auth/auth.service.ts[0m:[93m1230[0m:[93m44[0m - [91merror[0m[90m TS1005: [0m',' expected.

[7m1230[0m     await this.cleanupExpiredOAuthEntries();
[7m    [0m [91m                                           ~[0m

[96msrc/auth/auth.service.ts[0m:[93m1232[0m:[93m9[0m - [91merror[0m[90m TS1003: [0mIdentifier expected.

[7m1232[0m     if (!oauthCode?.trim()) {
[7m    [0m [91m        ~[0m

[96msrc/auth/auth.service.ts[0m:[93m1232[0m:[93m19[0m - [91merror[0m[90m TS1005: [0m',' expected.

[7m1232[0m     if (!oauthCode?.trim()) {
[7m    [0m [91m                  ~~[0m

[96msrc/auth/auth.service.ts[0m:[93m1232[0m:[93m25[0m - [91merror[0m[90m TS1005: [0m',' expected.

[7m1232[0m     if (!oauthCode?.trim()) {
[7m    [0m [91m                        ~[0m

[96msrc/auth/auth.service.ts[0m:[93m1232[0m:[93m27[0m - [91merror[0m[90m TS1005: [0m';' expected.

[7m1232[0m     if (!oauthCode?.trim()) {
[7m    [0m [91m                          ~[0m

[96msrc/auth/auth.service.ts[0m:[93m1242[0m:[93m3[0m - [91merror[0m[90m TS1128: [0mDeclaration or statement expected.

[7m1242[0m   }
[7m    [0m [91m  ~[0m

[96msrc/auth/auth.service.ts[0m:[93m1244[0m:[93m3[0m - [91merror[0m[90m TS1128: [0mDeclaration or statement expected.

[7m1244[0m   private async createGoogleOAuthCode(
[7m    [0m [91m  ~~~~~~~[0m

[96msrc/auth/auth.service.ts[0m:[93m1244[0m:[93m11[0m - [91merror[0m[90m TS1434: [0mUnexpected keyword or identifier.

[7m1244[0m   private async createGoogleOAuthCode(
[7m    [0m [91m          ~~~~~[0m

[96msrc/auth/auth.service.ts[0m:[93m1245[0m:[93m12[0m - [91merror[0m[90m TS1005: [0m',' expected.

[7m1245[0m     payload: AuthResponseDto | TwoFactorChallengeResponse
[7m    [0m [91m           ~[0m

[96msrc/auth/auth.service.ts[0m:[93m1246[0m:[93m4[0m - [91merror[0m[90m TS1005: [0m';' expected.

[7m1246[0m   ): Promise<string> {
[7m    [0m [91m   ~[0m

[96msrc/auth/auth.service.ts[0m:[93m1247[0m:[93m11[0m - [91merror[0m[90m TS1005: [0m',' expected.

[7m1247[0m     await this.cleanupExpiredOAuthEntries();
[7m    [0m [91m          ~~~~[0m

[96msrc/auth/auth.service.ts[0m:[93m1247[0m:[93m15[0m - [91merror[0m[90m TS1005: [0m':' expected.

[7m1247[0m     await this.cleanupExpiredOAuthEntries();
[7m    [0m [91m              ~[0m

[96msrc/auth/auth.service.ts[0m:[93m1247[0m:[93m44[0m - [91merror[0m[90m TS1005: [0m',' expected.

[7m1247[0m     await this.cleanupExpiredOAuthEntries();
[7m    [0m [91m                                           ~[0m

[96msrc/auth/auth.service.ts[0m:[93m1249[0m:[93m11[0m - [91merror[0m[90m TS1005: [0m':' expected.

[7m1249[0m     const oauthCode = randomBytes(32).toString('base64url');
[7m    [0m [91m          ~~~~~~~~~[0m

[96msrc/auth/auth.service.ts[0m:[93m1249[0m:[93m60[0m - [91merror[0m[90m TS1005: [0m',' expected.

[7m1249[0m     const oauthCode = randomBytes(32).toString('base64url');
[7m    [0m [91m                                                           ~[0m

[96msrc/auth/auth.service.ts[0m:[93m1250[0m:[93m11[0m - [91merror[0m[90m TS1005: [0m',' expected.

[7m1250[0m     await this.setGoogleAuthCode(oauthCode, {
[7m    [0m [91m          ~~~~[0m

[96msrc/auth/auth.service.ts[0m:[93m1250[0m:[93m15[0m - [91merror[0m[90m TS1005: [0m':' expected.

[7m1250[0m     await this.setGoogleAuthCode(oauthCode, {
[7m    [0m [91m              ~[0m

[96msrc/auth/auth.service.ts[0m:[93m1253[0m:[93m7[0m - [91merror[0m[90m TS1005: [0m',' expected.

[7m1253[0m     });
[7m    [0m [91m      ~[0m

[96msrc/auth/auth.service.ts[0m:[93m1255[0m:[93m12[0m - [91merror[0m[90m TS1005: [0m':' expected.

[7m1255[0m     return oauthCode;
[7m    [0m [91m           ~~~~~~~~~[0m

[96msrc/auth/auth.service.ts[0m:[93m1255[0m:[93m21[0m - [91merror[0m[90m TS1005: [0m',' expected.

[7m1255[0m     return oauthCode;
[7m    [0m [91m                    ~[0m

[96msrc/auth/auth.service.ts[0m:[93m1258[0m:[93m3[0m - [91merror[0m[90m TS1128: [0mDeclaration or statement expected.

[7m1258[0m   private async cleanupExpiredOAuthEntries(): Promise<void> {
[7m    [0m [91m  ~~~~~~~[0m

[96msrc/auth/auth.service.ts[0m:[93m1258[0m:[93m11[0m - [91merror[0m[90m TS1434: [0mUnexpected keyword or identifier.

[7m1258[0m   private async cleanupExpiredOAuthEntries(): Promise<void> {
[7m    [0m [91m          ~~~~~[0m

[96msrc/auth/auth.service.ts[0m:[93m1258[0m:[93m45[0m - [91merror[0m[90m TS1005: [0m';' expected.

[7m1258[0m   private async cleanupExpiredOAuthEntries(): Promise<void> {
[7m    [0m [91m                                            ~[0m

[96msrc/auth/auth.service.ts[0m:[93m1258[0m:[93m59[0m - [91merror[0m[90m TS1109: [0mExpression expected.

[7m1258[0m   private async cleanupExpiredOAuthEntries(): Promise<void> {
[7m    [0m [91m                                                          ~[0m

[96msrc/auth/auth.service.ts[0m:[93m1259[0m:[93m11[0m - [91merror[0m[90m TS1005: [0m':' expected.

[7m1259[0m     const now = Date.now();
[7m    [0m [91m          ~~~[0m

[96msrc/auth/auth.service.ts[0m:[93m1259[0m:[93m27[0m - [91merror[0m[90m TS1005: [0m',' expected.

[7m1259[0m     const now = Date.now();
[7m    [0m [91m                          ~[0m

[96msrc/auth/auth.service.ts[0m:[93m1260[0m:[93m11[0m - [91merror[0m[90m TS1005: [0m',' expected.

[7m1260[0m     await this.ensureOAuthIndexes();
[7m    [0m [91m          ~~~~[0m

[96msrc/auth/auth.service.ts[0m:[93m1260[0m:[93m15[0m - [91merror[0m[90m TS1005: [0m':' expected.

[7m1260[0m     await this.ensureOAuthIndexes();
[7m    [0m [91m              ~[0m

[96msrc/auth/auth.service.ts[0m:[93m1260[0m:[93m36[0m - [91merror[0m[90m TS1005: [0m',' expected.

[7m1260[0m     await this.ensureOAuthIndexes();
[7m    [0m [91m                                   ~[0m

[96msrc/auth/auth.service.ts[0m:[93m1262[0m:[93m11[0m - [91merror[0m[90m TS1005: [0m':' expected.

[7m1262[0m     const noncesCollection = this.connection.collection(
[7m    [0m [91m          ~~~~~~~~~~~~~~~~[0m

[96msrc/auth/auth.service.ts[0m:[93m1264[0m:[93m6[0m - [91merror[0m[90m TS1005: [0m',' expected.

[7m1264[0m     );
[7m    [0m [91m     ~[0m

[96msrc/auth/auth.service.ts[0m:[93m1265[0m:[93m11[0m - [91merror[0m[90m TS1005: [0m':' expected.

[7m1265[0m     const codesCollection = this.connection.collection(
[7m    [0m [91m          ~~~~~~~~~~~~~~~[0m

[96msrc/auth/auth.service.ts[0m:[93m1267[0m:[93m6[0m - [91merror[0m[90m TS1005: [0m',' expected.

[7m1267[0m     );
[7m    [0m [91m     ~[0m

[96msrc/auth/auth.service.ts[0m:[93m1269[0m:[93m11[0m - [91merror[0m[90m TS1005: [0m',' expected.

[7m1269[0m     await Promise.all([
[7m    [0m [91m          ~~~~~~~[0m

[96msrc/auth/auth.service.ts[0m:[93m1269[0m:[93m18[0m - [91merror[0m[90m TS1005: [0m',' expected.

[7m1269[0m     await Promise.all([
[7m    [0m [91m                 ~[0m

[96msrc/auth/auth.service.ts[0m:[93m1272[0m:[93m7[0m - [91merror[0m[90m TS1005: [0m',' expected.

[7m1272[0m     ]);
[7m    [0m [91m      ~[0m

[96msrc/auth/auth.service.ts[0m:[93m1275[0m:[93m3[0m - [91merror[0m[90m TS1128: [0mDeclaration or statement expected.

[7m1275[0m   private normalizeLang(input: string | undefined): string {
[7m    [0m [91m  ~~~~~~~[0m

[96msrc/auth/auth.service.ts[0m:[93m1275[0m:[93m30[0m - [91merror[0m[90m TS1005: [0m',' expected.

[7m1275[0m   private normalizeLang(input: string | undefined): string {
[7m    [0m [91m                             ~[0m

[96msrc/auth/auth.service.ts[0m:[93m1275[0m:[93m51[0m - [91merror[0m[90m TS1005: [0m';' expected.

[7m1275[0m   private normalizeLang(input: string | undefined): string {
[7m    [0m [91m                                                  ~[0m

[96msrc/auth/auth.service.ts[0m:[93m1275[0m:[93m53[0m - [91merror[0m[90m TS1434: [0mUnexpected keyword or identifier.

[7m1275[0m   private normalizeLang(input: string | undefined): string {
[7m    [0m [91m                                                    ~~~~~~[0m

[96msrc/auth/auth.service.ts[0m:[93m1293[0m:[93m3[0m - [91merror[0m[90m TS1128: [0mDeclaration or statement expected.

[7m1293[0m   private async ensureOAuthIndexes(): Promise<void> {
[7m    [0m [91m  ~~~~~~~[0m

[96msrc/auth/auth.service.ts[0m:[93m1293[0m:[93m11[0m - [91merror[0m[90m TS1434: [0mUnexpected keyword or identifier.

[7m1293[0m   private async ensureOAuthIndexes(): Promise<void> {
[7m    [0m [91m          ~~~~~[0m

[96msrc/auth/auth.service.ts[0m:[93m1293[0m:[93m37[0m - [91merror[0m[90m TS1005: [0m';' expected.

[7m1293[0m   private async ensureOAuthIndexes(): Promise<void> {
[7m    [0m [91m                                    ~[0m

[96msrc/auth/auth.service.ts[0m:[93m1293[0m:[93m51[0m - [91merror[0m[90m TS1109: [0mExpression expected.

[7m1293[0m   private async ensureOAuthIndexes(): Promise<void> {
[7m    [0m [91m                                                  ~[0m

[96msrc/auth/auth.service.ts[0m:[93m1294[0m:[93m13[0m - [91merror[0m[90m TS1005: [0m',' expected.

[7m1294[0m     if (this.oauthIndexesInitialized) {
[7m    [0m [91m            ~[0m

[96msrc/auth/auth.service.ts[0m:[93m1294[0m:[93m37[0m - [91merror[0m[90m TS1005: [0m',' expected.

[7m1294[0m     if (this.oauthIndexesInitialized) {
[7m    [0m [91m                                    ~[0m

[96msrc/auth/auth.service.ts[0m:[93m1294[0m:[93m39[0m - [91merror[0m[90m TS1136: [0mProperty assignment expected.

[7m1294[0m     if (this.oauthIndexesInitialized) {
[7m    [0m [91m                                      ~[0m

[96msrc/auth/auth.service.ts[0m:[93m1313[0m:[93m3[0m - [91merror[0m[90m TS1128: [0mDeclaration or statement expected.

[7m1313[0m   }
[7m    [0m [91m  ~[0m

[96msrc/auth/auth.service.ts[0m:[93m1315[0m:[93m3[0m - [91merror[0m[90m TS1128: [0mDeclaration or statement expected.

[7m1315[0m   private async setGoogleStateNonce(
[7m    [0m [91m  ~~~~~~~[0m

[96msrc/auth/auth.service.ts[0m:[93m1315[0m:[93m11[0m - [91merror[0m[90m TS1434: [0mUnexpected keyword or identifier.

[7m1315[0m   private async setGoogleStateNonce(
[7m    [0m [91m          ~~~~~[0m

[96msrc/auth/auth.service.ts[0m:[93m1316[0m:[93m10[0m - [91merror[0m[90m TS1005: [0m',' expected.

[7m1316[0m     nonce: string,
[7m    [0m [91m         ~[0m

[96msrc/auth/auth.service.ts[0m:[93m1317[0m:[93m16[0m - [91merror[0m[90m TS1005: [0m',' expected.

[7m1317[0m     expiresAtMs: number
[7m    [0m [91m               ~[0m

[96msrc/auth/auth.service.ts[0m:[93m1318[0m:[93m4[0m - [91merror[0m[90m TS1005: [0m';' expected.

[7m1318[0m   ): Promise<void> {
[7m    [0m [91m   ~[0m

[96msrc/auth/auth.service.ts[0m:[93m1318[0m:[93m18[0m - [91merror[0m[90m TS1109: [0mExpression expected.

[7m1318[0m   ): Promise<void> {
[7m    [0m [91m                 ~[0m

[96msrc/auth/auth.service.ts[0m:[93m1319[0m:[93m11[0m - [91merror[0m[90m TS1005: [0m',' expected.

[7m1319[0m     await this.ensureOAuthIndexes();
[7m    [0m [91m          ~~~~[0m

[96msrc/auth/auth.service.ts[0m:[93m1319[0m:[93m15[0m - [91merror[0m[90m TS1005: [0m':' expected.

[7m1319[0m     await this.ensureOAuthIndexes();
[7m    [0m [91m              ~[0m

[96msrc/auth/auth.service.ts[0m:[93m1319[0m:[93m36[0m - [91merror[0m[90m TS1005: [0m',' expected.

[7m1319[0m     await this.ensureOAuthIndexes();
[7m    [0m [91m                                   ~[0m

[96msrc/auth/auth.service.ts[0m:[93m1320[0m:[93m11[0m - [91merror[0m[90m TS1005: [0m':' expected.

[7m1320[0m     const noncesCollection = this.connection.collection(
[7m    [0m [91m          ~~~~~~~~~~~~~~~~[0m

[96msrc/auth/auth.service.ts[0m:[93m1322[0m:[93m6[0m - [91merror[0m[90m TS1005: [0m',' expected.

[7m1322[0m     );
[7m    [0m [91m     ~[0m

[96msrc/auth/auth.service.ts[0m:[93m1324[0m:[93m11[0m - [91merror[0m[90m TS1005: [0m',' expected.

[7m1324[0m     await noncesCollection.updateOne(
[7m    [0m [91m          ~~~~~~~~~~~~~~~~[0m

[96msrc/auth/auth.service.ts[0m:[93m1324[0m:[93m27[0m - [91merror[0m[90m TS1005: [0m',' expected.

[7m1324[0m     await noncesCollection.updateOne(
[7m    [0m [91m                          ~[0m

[96msrc/auth/auth.service.ts[0m:[93m1333[0m:[93m6[0m - [91merror[0m[90m TS1005: [0m',' expected.

[7m1333[0m     );
[7m    [0m [91m     ~[0m

[96msrc/auth/auth.service.ts[0m:[93m1336[0m:[93m3[0m - [91merror[0m[90m TS1128: [0mDeclaration or statement expected.

[7m1336[0m   private async consumeGoogleStateNonce(nonce: string): Promise<boolean> {
[7m    [0m [91m  ~~~~~~~[0m

[96msrc/auth/auth.service.ts[0m:[93m1336[0m:[93m11[0m - [91merror[0m[90m TS1434: [0mUnexpected keyword or identifier.

[7m1336[0m   private async consumeGoogleStateNonce(nonce: string): Promise<boolean> {
[7m    [0m [91m          ~~~~~[0m

[96msrc/auth/auth.service.ts[0m:[93m1336[0m:[93m46[0m - [91merror[0m[90m TS1005: [0m',' expected.

[7m1336[0m   private async consumeGoogleStateNonce(nonce: string): Promise<boolean> {
[7m    [0m [91m                                             ~[0m

[96msrc/auth/auth.service.ts[0m:[93m1336[0m:[93m55[0m - [91merror[0m[90m TS1005: [0m';' expected.

[7m1336[0m   private async consumeGoogleStateNonce(nonce: string): Promise<boolean> {
[7m    [0m [91m                                                      ~[0m

[96msrc/auth/auth.service.ts[0m:[93m1337[0m:[93m11[0m - [91merror[0m[90m TS1005: [0m',' expected.

[7m1337[0m     await this.ensureOAuthIndexes();
[7m    [0m [91m          ~~~~[0m

[96msrc/auth/auth.service.ts[0m:[93m1337[0m:[93m15[0m - [91merror[0m[90m TS1005: [0m':' expected.

[7m1337[0m     await this.ensureOAuthIndexes();
[7m    [0m [91m              ~[0m

[96msrc/auth/auth.service.ts[0m:[93m1337[0m:[93m36[0m - [91merror[0m[90m TS1005: [0m',' expected.

[7m1337[0m     await this.ensureOAuthIndexes();
[7m    [0m [91m                                   ~[0m

[96msrc/auth/auth.service.ts[0m:[93m1338[0m:[93m11[0m - [91merror[0m[90m TS1005: [0m':' expected.

[7m1338[0m     const noncesCollection = this.connection.collection(
[7m    [0m [91m          ~~~~~~~~~~~~~~~~[0m

[96msrc/auth/auth.service.ts[0m:[93m1340[0m:[93m6[0m - [91merror[0m[90m TS1005: [0m',' expected.

[7m1340[0m     );
[7m    [0m [91m     ~[0m

[96msrc/auth/auth.service.ts[0m:[93m1341[0m:[93m11[0m - [91merror[0m[90m TS1005: [0m':' expected.

[7m1341[0m     const result = await noncesCollection.deleteOne({
[7m    [0m [91m          ~~~~~~[0m

[96msrc/auth/auth.service.ts[0m:[93m1344[0m:[93m7[0m - [91merror[0m[90m TS1005: [0m',' expected.

[7m1344[0m     });
[7m    [0m [91m      ~[0m

[96msrc/auth/auth.service.ts[0m:[93m1345[0m:[93m12[0m - [91merror[0m[90m TS1005: [0m':' expected.

[7m1345[0m     return result.deletedCount === 1;
[7m    [0m [91m           ~~~~~~[0m

[96msrc/auth/auth.service.ts[0m:[93m1345[0m:[93m37[0m - [91merror[0m[90m TS1005: [0m',' expected.

[7m1345[0m     return result.deletedCount === 1;
[7m    [0m [91m                                    ~[0m

[96msrc/auth/auth.service.ts[0m:[93m1348[0m:[93m3[0m - [91merror[0m[90m TS1128: [0mDeclaration or statement expected.

[7m1348[0m   private async setGoogleAuthCode(
[7m    [0m [91m  ~~~~~~~[0m

[96msrc/auth/auth.service.ts[0m:[93m1348[0m:[93m11[0m - [91merror[0m[90m TS1434: [0mUnexpected keyword or identifier.

[7m1348[0m   private async setGoogleAuthCode(
[7m    [0m [91m          ~~~~~[0m

[96msrc/auth/auth.service.ts[0m:[93m1349[0m:[93m9[0m - [91merror[0m[90m TS1005: [0m',' expected.

[7m1349[0m     code: string,
[7m    [0m [91m        ~[0m

[96msrc/auth/auth.service.ts[0m:[93m1350[0m:[93m10[0m - [91merror[0m[90m TS1005: [0m',' expected.

[7m1350[0m     value: {
[7m    [0m [91m         ~[0m

[96msrc/auth/auth.service.ts[0m:[93m1351[0m:[93m60[0m - [91merror[0m[90m TS1005: [0m',' expected.

[7m1351[0m       payload: AuthResponseDto | TwoFactorChallengeResponse;
[7m    [0m [91m                                                           ~[0m

[96msrc/auth/auth.service.ts[0m:[93m1352[0m:[93m24[0m - [91merror[0m[90m TS1005: [0m',' expected.

[7m1352[0m       expiresAt: number;
[7m    [0m [91m                       ~[0m

[96msrc/auth/auth.service.ts[0m:[93m1354[0m:[93m4[0m - [91merror[0m[90m TS1005: [0m';' expected.

[7m1354[0m   ): Promise<void> {
[7m    [0m [91m   ~[0m

[96msrc/auth/auth.service.ts[0m:[93m1354[0m:[93m18[0m - [91merror[0m[90m TS1109: [0mExpression expected.

[7m1354[0m   ): Promise<void> {
[7m    [0m [91m                 ~[0m

[96msrc/auth/auth.service.ts[0m:[93m1355[0m:[93m11[0m - [91merror[0m[90m TS1005: [0m',' expected.

[7m1355[0m     await this.ensureOAuthIndexes();
[7m    [0m [91m          ~~~~[0m

[96msrc/auth/auth.service.ts[0m:[93m1355[0m:[93m15[0m - [91merror[0m[90m TS1005: [0m':' expected.

[7m1355[0m     await this.ensureOAuthIndexes();
[7m    [0m [91m              ~[0m

[96msrc/auth/auth.service.ts[0m:[93m1355[0m:[93m36[0m - [91merror[0m[90m TS1005: [0m',' expected.

[7m1355[0m     await this.ensureOAuthIndexes();
[7m    [0m [91m                                   ~[0m

[96msrc/auth/auth.service.ts[0m:[93m1356[0m:[93m11[0m - [91merror[0m[90m TS1005: [0m':' expected.

[7m1356[0m     const codesCollection = this.connection.collection(
[7m    [0m [91m          ~~~~~~~~~~~~~~~[0m

[96msrc/auth/auth.service.ts[0m:[93m1358[0m:[93m6[0m - [91merror[0m[90m TS1005: [0m',' expected.

[7m1358[0m     );
[7m    [0m [91m     ~[0m

[96msrc/auth/auth.service.ts[0m:[93m1360[0m:[93m11[0m - [91merror[0m[90m TS1005: [0m',' expected.

[7m1360[0m     await codesCollection.updateOne(
[7m    [0m [91m          ~~~~~~~~~~~~~~~[0m

[96msrc/auth/auth.service.ts[0m:[93m1360[0m:[93m26[0m - [91merror[0m[90m TS1005: [0m',' expected.

[7m1360[0m     await codesCollection.updateOne(
[7m    [0m [91m                         ~[0m

[96msrc/auth/auth.service.ts[0m:[93m1370[0m:[93m6[0m - [91merror[0m[90m TS1005: [0m',' expected.

[7m1370[0m     );
[7m    [0m [91m     ~[0m

[96msrc/auth/auth.service.ts[0m:[93m1373[0m:[93m3[0m - [91merror[0m[90m TS1128: [0mDeclaration or statement expected.

[7m1373[0m   private async consumeGoogleAuthCode(
[7m    [0m [91m  ~~~~~~~[0m

[96msrc/auth/auth.service.ts[0m:[93m1373[0m:[93m11[0m - [91merror[0m[90m TS1434: [0mUnexpected keyword or identifier.

[7m1373[0m   private async consumeGoogleAuthCode(
[7m    [0m [91m          ~~~~~[0m

[96msrc/auth/auth.service.ts[0m:[93m1374[0m:[93m9[0m - [91merror[0m[90m TS1005: [0m',' expected.

[7m1374[0m     code: string
[7m    [0m [91m        ~[0m

[96msrc/auth/auth.service.ts[0m:[93m1375[0m:[93m4[0m - [91merror[0m[90m TS1005: [0m';' expected.

[7m1375[0m   ): Promise<AuthResponseDto | TwoFactorChallengeResponse | undefined> {
[7m    [0m [91m   ~[0m

[96msrc/auth/auth.service.ts[0m:[93m1376[0m:[93m11[0m - [91merror[0m[90m TS1005: [0m',' expected.

[7m1376[0m     await this.ensureOAuthIndexes();
[7m    [0m [91m          ~~~~[0m

[96msrc/auth/auth.service.ts[0m:[93m1376[0m:[93m15[0m - [91merror[0m[90m TS1005: [0m':' expected.

[7m1376[0m     await this.ensureOAuthIndexes();
[7m    [0m [91m              ~[0m

[96msrc/auth/auth.service.ts[0m:[93m1376[0m:[93m36[0m - [91merror[0m[90m TS1005: [0m',' expected.

[7m1376[0m     await this.ensureOAuthIndexes();
[7m    [0m [91m                                   ~[0m

[96msrc/auth/auth.service.ts[0m:[93m1377[0m:[93m11[0m - [91merror[0m[90m TS1005: [0m':' expected.

[7m1377[0m     const codesCollection = this.connection.collection(
[7m    [0m [91m          ~~~~~~~~~~~~~~~[0m

[96msrc/auth/auth.service.ts[0m:[93m1379[0m:[93m6[0m - [91merror[0m[90m TS1005: [0m',' expected.

[7m1379[0m     );
[7m    [0m [91m     ~[0m

[96msrc/auth/auth.service.ts[0m:[93m1380[0m:[93m11[0m - [91merror[0m[90m TS1005: [0m':' expected.

[7m1380[0m     const result = (await codesCollection.findOneAndDelete({
[7m    [0m [91m          ~~~~~~[0m

[96msrc/auth/auth.service.ts[0m:[93m1383[0m:[93m39[0m - [91merror[0m[90m TS1005: [0m',' expected.

[7m1383[0m     })) as GoogleAuthCodeRecord | null;
[7m    [0m [91m                                      ~[0m

[96msrc/auth/auth.service.ts[0m:[93m1385[0m:[93m12[0m - [91merror[0m[90m TS1005: [0m':' expected.

[7m1385[0m     return result?.payload;
[7m    [0m [91m           ~~~~~~[0m

[96msrc/auth/auth.service.ts[0m:[93m1385[0m:[93m27[0m - [91merror[0m[90m TS1005: [0m',' expected.

[7m1385[0m     return result?.payload;
[7m    [0m [91m                          ~[0m

[96msrc/auth/auth.service.ts[0m:[93m1388[0m:[93m3[0m - [91merror[0m[90m TS1128: [0mDeclaration or statement expected.

[7m1388[0m   private async findOrCreateGoogleUser(
[7m    [0m [91m  ~~~~~~~[0m

[96msrc/auth/auth.service.ts[0m:[93m1388[0m:[93m11[0m - [91merror[0m[90m TS1434: [0mUnexpected keyword or identifier.

[7m1388[0m   private async findOrCreateGoogleUser(
[7m    [0m [91m          ~~~~~[0m

[96msrc/auth/auth.service.ts[0m:[93m1389[0m:[93m14[0m - [91merror[0m[90m TS1005: [0m',' expected.

[7m1389[0m     tokenInfo: GoogleTokenInfo
[7m    [0m [91m             ~[0m

[96msrc/auth/auth.service.ts[0m:[93m1390[0m:[93m4[0m - [91merror[0m[90m TS1005: [0m';' expected.

[7m1390[0m   ): Promise<UserDocument> {
[7m    [0m [91m   ~[0m

[96msrc/auth/auth.service.ts[0m:[93m1391[0m:[93m11[0m - [91merror[0m[90m TS1005: [0m':' expected.

[7m1391[0m     const existing = await this.userModel.findOne({ email: tokenInfo.email });
[7m    [0m [91m          ~~~~~~~~[0m

[96msrc/auth/auth.service.ts[0m:[93m1391[0m:[93m78[0m - [91merror[0m[90m TS1005: [0m',' expected.

[7m1391[0m     const existing = await this.userModel.findOne({ email: tokenInfo.email });
[7m    [0m [91m                                                                             ~[0m

[96msrc/auth/auth.service.ts[0m:[93m1401[0m:[93m5[0m - [91merror[0m[90m TS1005: [0m',' expected.

[7m1401[0m     const baseUsername = tokenInfo.email.split('@')[0] ?? 'accountia-user';
[7m    [0m [91m    ~~~~~[0m

[96msrc/auth/auth.service.ts[0m:[93m1401[0m:[93m11[0m - [91merror[0m[90m TS1005: [0m':' expected.

[7m1401[0m     const baseUsername = tokenInfo.email.split('@')[0] ?? 'accountia-user';
[7m    [0m [91m          ~~~~~~~~~~~~[0m

[96msrc/auth/auth.service.ts[0m:[93m1401[0m:[93m75[0m - [91merror[0m[90m TS1005: [0m',' expected.

[7m1401[0m     const baseUsername = tokenInfo.email.split('@')[0] ?? 'accountia-user';
[7m    [0m [91m                                                                          ~[0m

[96msrc/auth/auth.service.ts[0m:[93m1402[0m:[93m11[0m - [91merror[0m[90m TS1005: [0m':' expected.

[7m1402[0m     const username = await this.generateUniqueUsername(baseUsername);
[7m    [0m [91m          ~~~~~~~~[0m

[96msrc/auth/auth.service.ts[0m:[93m1402[0m:[93m69[0m - [91merror[0m[90m TS1005: [0m',' expected.

[7m1402[0m     const username = await this.generateUniqueUsername(baseUsername);
[7m    [0m [91m                                                                    ~[0m

[96msrc/auth/auth.service.ts[0m:[93m1403[0m:[93m11[0m - [91merror[0m[90m TS1005: [0m':' expected.

[7m1403[0m     const names = this.extractNames(tokenInfo);
[7m    [0m [91m          ~~~~~[0m

[96msrc/auth/auth.service.ts[0m:[93m1403[0m:[93m47[0m - [91merror[0m[90m TS1005: [0m',' expected.

[7m1403[0m     const names = this.extractNames(tokenInfo);
[7m    [0m [91m                                              ~[0m

[96msrc/auth/auth.service.ts[0m:[93m1404[0m:[93m11[0m - [91merror[0m[90m TS1005: [0m':' expected.

[7m1404[0m     const randomPassword = randomBytes(32).toString('hex');
[7m    [0m [91m          ~~~~~~~~~~~~~~[0m

[96msrc/auth/auth.service.ts[0m:[93m1404[0m:[93m59[0m - [91merror[0m[90m TS1005: [0m',' expected.

[7m1404[0m     const randomPassword = randomBytes(32).toString('hex');
[7m    [0m [91m                                                          ~[0m

[96msrc/auth/auth.service.ts[0m:[93m1405[0m:[93m11[0m - [91merror[0m[90m TS1005: [0m':' expected.

[7m1405[0m     const passwordHash = await hash(randomPassword, 10);
[7m    [0m [91m          ~~~~~~~~~~~~[0m

[96msrc/auth/auth.service.ts[0m:[93m1405[0m:[93m56[0m - [91merror[0m[90m TS1005: [0m',' expected.

[7m1405[0m     const passwordHash = await hash(randomPassword, 10);
[7m    [0m [91m                                                       ~[0m

[96msrc/auth/auth.service.ts[0m:[93m1407[0m:[93m11[0m - [91merror[0m[90m TS1005: [0m':' expected.

[7m1407[0m     const user = new this.userModel({
[7m    [0m [91m          ~~~~[0m

[96msrc/auth/auth.service.ts[0m:[93m1419[0m:[93m7[0m - [91merror[0m[90m TS1005: [0m',' expected.

[7m1419[0m     });
[7m    [0m [91m      ~[0m

[96msrc/auth/auth.service.ts[0m:[93m1421[0m:[93m11[0m - [91merror[0m[90m TS1005: [0m',' expected.

[7m1421[0m     await user.save();
[7m    [0m [91m          ~~~~[0m

[96msrc/auth/auth.service.ts[0m:[93m1421[0m:[93m15[0m - [91merror[0m[90m TS1005: [0m',' expected.

[7m1421[0m     await user.save();
[7m    [0m [91m              ~[0m

[96msrc/auth/auth.service.ts[0m:[93m1421[0m:[93m22[0m - [91merror[0m[90m TS1005: [0m',' expected.

[7m1421[0m     await user.save();
[7m    [0m [91m                     ~[0m

[96msrc/auth/auth.service.ts[0m:[93m1422[0m:[93m12[0m - [91merror[0m[90m TS1005: [0m':' expected.

[7m1422[0m     return user;
[7m    [0m [91m           ~~~~[0m

[96msrc/auth/auth.service.ts[0m:[93m1422[0m:[93m16[0m - [91merror[0m[90m TS1005: [0m',' expected.

[7m1422[0m     return user;
[7m    [0m [91m               ~[0m

[96msrc/auth/auth.service.ts[0m:[93m1425[0m:[93m3[0m - [91merror[0m[90m TS1128: [0mDeclaration or statement expected.

[7m1425[0m   private extractNames(tokenInfo: GoogleTokenInfo): {
[7m    [0m [91m  ~~~~~~~[0m

[96msrc/auth/auth.service.ts[0m:[93m1425[0m:[93m33[0m - [91merror[0m[90m TS1005: [0m',' expected.

[7m1425[0m   private extractNames(tokenInfo: GoogleTokenInfo): {
[7m    [0m [91m                                ~[0m

[96msrc/auth/auth.service.ts[0m:[93m1425[0m:[93m51[0m - [91merror[0m[90m TS1005: [0m';' expected.

[7m1425[0m   private extractNames(tokenInfo: GoogleTokenInfo): {
[7m    [0m [91m                                                  ~[0m

[96msrc/auth/auth.service.ts[0m:[93m1447[0m:[93m3[0m - [91merror[0m[90m TS1128: [0mDeclaration or statement expected.

[7m1447[0m   private async generateUniqueUsername(base: string): Promise<string> {
[7m    [0m [91m  ~~~~~~~[0m

[96msrc/auth/auth.service.ts[0m:[93m1447[0m:[93m11[0m - [91merror[0m[90m TS1434: [0mUnexpected keyword or identifier.

[7m1447[0m   private async generateUniqueUsername(base: string): Promise<string> {
[7m    [0m [91m          ~~~~~[0m

[96msrc/auth/auth.service.ts[0m:[93m1447[0m:[93m44[0m - [91merror[0m[90m TS1005: [0m',' expected.

[7m1447[0m   private async generateUniqueUsername(base: string): Promise<string> {
[7m    [0m [91m                                           ~[0m

[96msrc/auth/auth.service.ts[0m:[93m1447[0m:[93m53[0m - [91merror[0m[90m TS1005: [0m';' expected.

[7m1447[0m   private async generateUniqueUsername(base: string): Promise<string> {
[7m    [0m [91m                                                    ~[0m

[96msrc/auth/auth.service.ts[0m:[93m1448[0m:[93m11[0m - [91merror[0m[90m TS1005: [0m':' expected.

[7m1448[0m     const sanitized = base
[7m    [0m [91m          ~~~~~~~~~[0m

[96msrc/auth/auth.service.ts[0m:[93m1453[0m:[93m34[0m - [91merror[0m[90m TS1005: [0m',' expected.

[7m1453[0m       .replaceAll(/^-+|-+$/g, '');
[7m    [0m [91m                                 ~[0m

[96msrc/auth/auth.service.ts[0m:[93m1455[0m:[93m11[0m - [91merror[0m[90m TS1005: [0m':' expected.

[7m1455[0m     const root =
[7m    [0m [91m          ~~~~[0m

[96msrc/auth/auth.service.ts[0m:[93m1456[0m:[93m75[0m - [91merror[0m[90m TS1005: [0m',' expected.

[7m1456[0m       sanitized.length >= 5 ? sanitized : `user-${sanitized}`.slice(0, 20);
[7m    [0m [91m                                                                          ~[0m

[96msrc/auth/auth.service.ts[0m:[93m1458[0m:[93m9[0m - [91merror[0m[90m TS1005: [0m',' expected.

[7m1458[0m     let candidate = root;
[7m    [0m [91m        ~~~~~~~~~[0m

[96msrc/auth/auth.service.ts[0m:[93m1458[0m:[93m25[0m - [91merror[0m[90m TS1005: [0m',' expected.

[7m1458[0m     let candidate = root;
[7m    [0m [91m                        ~[0m

[96msrc/auth/auth.service.ts[0m:[93m1459[0m:[93m9[0m - [91merror[0m[90m TS1005: [0m',' expected.

[7m1459[0m     let attempts = 0;
[7m    [0m [91m        ~~~~~~~~[0m

[96msrc/auth/auth.service.ts[0m:[93m1459[0m:[93m21[0m - [91merror[0m[90m TS1005: [0m',' expected.

[7m1459[0m     let attempts = 0;
[7m    [0m [91m                    ~[0m

[96msrc/auth/auth.service.ts[0m:[93m1460[0m:[93m21[0m - [91merror[0m[90m TS1005: [0m',' expected.

[7m1460[0m     while (attempts < 20) {
[7m    [0m [91m                    ~[0m

[96msrc/auth/auth.service.ts[0m:[93m1460[0m:[93m23[0m - [91merror[0m[90m TS1003: [0mIdentifier expected.

[7m1460[0m     while (attempts < 20) {
[7m    [0m [91m                      ~~[0m

[96msrc/auth/auth.service.ts[0m:[93m1469[0m:[93m5[0m - [91merror[0m[90m TS1005: [0m',' expected.

[7m1469[0m     return `user-${randomBytes(4).toString('hex')}`;
[7m    [0m [91m    ~~~~~~[0m

[96msrc/auth/auth.service.ts[0m:[93m1469[0m:[93m12[0m - [91merror[0m[90m TS1005: [0m':' expected.

[7m1469[0m     return `user-${randomBytes(4).toString('hex')}`;
[7m    [0m [91m           ~~~~~~~~[0m

[96msrc/auth/auth.service.ts[0m:[93m1469[0m:[93m52[0m - [91merror[0m[90m TS1005: [0m',' expected.

[7m1469[0m     return `user-${randomBytes(4).toString('hex')}`;
[7m    [0m [91m                                                   ~[0m

[96msrc/auth/auth.service.ts[0m:[93m1472[0m:[93m3[0m - [91merror[0m[90m TS1434: [0mUnexpected keyword or identifier.

[7m1472[0m   async banUser(
[7m    [0m [91m  ~~~~~[0m

[96msrc/auth/auth.service.ts[0m:[93m1473[0m:[93m12[0m - [91merror[0m[90m TS1005: [0m',' expected.

[7m1473[0m     adminId: string,
[7m    [0m [91m           ~[0m

[96msrc/auth/auth.service.ts[0m:[93m1474[0m:[93m11[0m - [91merror[0m[90m TS1005: [0m',' expected.

[7m1474[0m     userId: string,
[7m    [0m [91m          ~[0m

[96msrc/auth/auth.service.ts[0m:[93m1475[0m:[93m12[0m - [91merror[0m[90m TS1109: [0mExpression expected.

[7m1475[0m     reason?: string
[7m    [0m [91m           ~[0m

[96msrc/auth/auth.service.ts[0m:[93m1476[0m:[93m4[0m - [91merror[0m[90m TS1005: [0m';' expected.

[7m1476[0m   ): Promise<BanResponseDto> {
[7m    [0m [91m   ~[0m

[96msrc/auth/auth.service.ts[0m:[93m1477[0m:[93m17[0m - [91merror[0m[90m TS1005: [0m',' expected.

[7m1477[0m     if (adminId === userId) {
[7m    [0m [91m                ~~~[0m

[96msrc/auth/auth.service.ts[0m:[93m1477[0m:[93m27[0m - [91merror[0m[90m TS1005: [0m';' expected.

[7m1477[0m     if (adminId === userId) {
[7m    [0m [91m                          ~[0m

[96msrc/auth/auth.service.ts[0m:[93m1515[0m:[93m3[0m - [91merror[0m[90m TS1128: [0mDeclaration or statement expected.

[7m1515[0m   }
[7m    [0m [91m  ~[0m

[96msrc/auth/auth.service.ts[0m:[93m1517[0m:[93m3[0m - [91merror[0m[90m TS1434: [0mUnexpected keyword or identifier.

[7m1517[0m   async unbanUser(adminId: string, userId: string): Promise<BanResponseDto> {
[7m    [0m [91m  ~~~~~[0m

[96msrc/auth/auth.service.ts[0m:[93m1517[0m:[93m26[0m - [91merror[0m[90m TS1005: [0m',' expected.

[7m1517[0m   async unbanUser(adminId: string, userId: string): Promise<BanResponseDto> {
[7m    [0m [91m                         ~[0m

[96msrc/auth/auth.service.ts[0m:[93m1517[0m:[93m42[0m - [91merror[0m[90m TS1005: [0m',' expected.

[7m1517[0m   async unbanUser(adminId: string, userId: string): Promise<BanResponseDto> {
[7m    [0m [91m                                         ~[0m

[96msrc/auth/auth.service.ts[0m:[93m1517[0m:[93m51[0m - [91merror[0m[90m TS1005: [0m';' expected.

[7m1517[0m   async unbanUser(adminId: string, userId: string): Promise<BanResponseDto> {
[7m    [0m [91m                                                  ~[0m

[96msrc/auth/auth.service.ts[0m:[93m1518[0m:[93m17[0m - [91merror[0m[90m TS1005: [0m',' expected.

[7m1518[0m     if (adminId === userId) {
[7m    [0m [91m                ~~~[0m

[96msrc/auth/auth.service.ts[0m:[93m1518[0m:[93m27[0m - [91merror[0m[90m TS1005: [0m';' expected.

[7m1518[0m     if (adminId === userId) {
[7m    [0m [91m                          ~[0m

[96msrc/auth/auth.service.ts[0m:[93m1554[0m:[93m3[0m - [91merror[0m[90m TS1128: [0mDeclaration or statement expected.

[7m1554[0m   }
[7m    [0m [91m  ~[0m

[96msrc/auth/auth.service.ts[0m:[93m1556[0m:[93m3[0m - [91merror[0m[90m TS1434: [0mUnexpected keyword or identifier.

[7m1556[0m   async changeUserRole(
[7m    [0m [91m  ~~~~~[0m

[96msrc/auth/auth.service.ts[0m:[93m1557[0m:[93m11[0m - [91merror[0m[90m TS1005: [0m',' expected.

[7m1557[0m     userId: string,
[7m    [0m [91m          ~[0m

[96msrc/auth/auth.service.ts[0m:[93m1558[0m:[93m12[0m - [91merror[0m[90m TS1005: [0m',' expected.

[7m1558[0m     newRole: Role,
[7m    [0m [91m           ~[0m

[96msrc/auth/auth.service.ts[0m:[93m1559[0m:[93m16[0m - [91merror[0m[90m TS1005: [0m',' expected.

[7m1559[0m     currentUser: UserPayload
[7m    [0m [91m               ~[0m

[96msrc/auth/auth.service.ts[0m:[93m1560[0m:[93m4[0m - [91merror[0m[90m TS1005: [0m';' expected.

[7m1560[0m   ): Promise<RoleResponseDto> {
[7m    [0m [91m   ~[0m

[96msrc/auth/auth.service.ts[0m:[93m1562[0m:[93m16[0m - [91merror[0m[90m TS1005: [0m',' expected.

[7m1562[0m     if (userId === currentUser.id) {
[7m    [0m [91m               ~~~[0m

[96msrc/auth/auth.service.ts[0m:[93m1562[0m:[93m34[0m - [91merror[0m[90m TS1005: [0m';' expected.

[7m1562[0m     if (userId === currentUser.id) {
[7m    [0m [91m                                 ~[0m

[96msrc/auth/auth.service.ts[0m:[93m1602[0m:[93m3[0m - [91merror[0m[90m TS1128: [0mDeclaration or statement expected.

[7m1602[0m   }
[7m    [0m [91m  ~[0m

[96msrc/auth/auth.service.ts[0m:[93m1603[0m:[93m1[0m - [91merror[0m[90m TS1128: [0mDeclaration or statement expected.

[7m1603[0m }
[7m    [0m [91m~[0m

[[90m22:05:28[0m] Found 406 errors. Watching for file changes.

[2J[3J[H[[90m22:07:33[0m] File change detected. Starting incremental compilation...

[[90m22:07:39[0m] Found 0 errors. Watching for file changes.

[32m[Nest] 32032  - [39m23/03/2026 22:07:41 [32m    LOG[39m [38;5;3m[NestFactory] [39m[32mStarting Nest application...[39m
[32m[Nest] 32032  - [39m23/03/2026 22:07:41 [32m    LOG[39m [38;5;3m[InstanceLoader] [39m[32mAppModule dependencies initialized[39m[38;5;3m +17ms[39m
[32m[Nest] 32032  - [39m23/03/2026 22:07:41 [32m    LOG[39m [38;5;3m[InstanceLoader] [39m[32mMongooseModule dependencies initialized[39m[38;5;3m +0ms[39m
[32m[Nest] 32032  - [39m23/03/2026 22:07:41 [32m    LOG[39m [38;5;3m[InstanceLoader] [39m[32mPassportModule dependencies initialized[39m[38;5;3m +1ms[39m
[32m[Nest] 32032  - [39m23/03/2026 22:07:41 [32m    LOG[39m [38;5;3m[InstanceLoader] [39m[32mConfigHostModule dependencies initialized[39m[38;5;3m +0ms[39m
[32m[Nest] 32032  - [39m23/03/2026 22:07:41 [32m    LOG[39m [38;5;3m[EmailService] [39m[32mEmail transporter initialized with Gmail SMTP[39m
[32m[Nest] 32032  - [39m23/03/2026 22:07:41 [32m    LOG[39m [38;5;3m[InstanceLoader] [39m[32mConfigModule dependencies initialized[39m[38;5;3m +1ms[39m
[32m[Nest] 32032  - [39m23/03/2026 22:07:41 [32m    LOG[39m [38;5;3m[InstanceLoader] [39m[32mConfigModule dependencies initialized[39m[38;5;3m +0ms[39m
[32m[Nest] 32032  - [39m23/03/2026 22:07:41 [32m    LOG[39m [38;5;3m[InstanceLoader] [39m[32mJwtModule dependencies initialized[39m[38;5;3m +13ms[39m
[32m[Nest] 32032  - [39m23/03/2026 22:07:41 [32m    LOG[39m [38;5;3m[InstanceLoader] [39m[32mEmailModule dependencies initialized[39m[38;5;3m +0ms[39m
[32m[Nest] 32032  - [39m23/03/2026 22:07:42 [32m    LOG[39m [38;5;3m[InstanceLoader] [39m[32mMongooseCoreModule dependencies initialized[39m[38;5;3m +672ms[39m
[32m[Nest] 32032  - [39m23/03/2026 22:07:42 [32m    LOG[39m [38;5;3m[InstanceLoader] [39m[32mMongooseModule dependencies initialized[39m[38;5;3m +5ms[39m
[32m[Nest] 32032  - [39m23/03/2026 22:07:42 [32m    LOG[39m [38;5;3m[InstanceLoader] [39m[32mMongooseModule dependencies initialized[39m[38;5;3m +0ms[39m
[32m[Nest] 32032  - [39m23/03/2026 22:07:42 [32m    LOG[39m [38;5;3m[InstanceLoader] [39m[32mMongooseModule dependencies initialized[39m[38;5;3m +0ms[39m
[32m[Nest] 32032  - [39m23/03/2026 22:07:42 [32m    LOG[39m [38;5;3m[InstanceLoader] [39m[32mAuditModule dependencies initialized[39m[38;5;3m +1ms[39m
[32m[Nest] 32032  - [39m23/03/2026 22:07:42 [32m    LOG[39m [38;5;3m[InstanceLoader] [39m[32mBusinessModule dependencies initialized[39m[38;5;3m +0ms[39m
[32m[Nest] 32032  - [39m23/03/2026 22:07:42 [32m    LOG[39m [38;5;3m[InstanceLoader] [39m[32mAuthModule dependencies initialized[39m[38;5;3m +0ms[39m
[32m[Nest] 32032  - [39m23/03/2026 22:07:42 [32m    LOG[39m [38;5;3m[RoutesResolver] [39m[32mAuthController {/api/auth}:[39m[38;5;3m +34ms[39m
[32m[Nest] 32032  - [39m23/03/2026 22:07:42 [32m    LOG[39m [38;5;3m[RouterExplorer] [39m[32mMapped {/api/auth/google, GET} route[39m[38;5;3m +3ms[39m
[32m[Nest] 32032  - [39m23/03/2026 22:07:42 [32m    LOG[39m [38;5;3m[RouterExplorer] [39m[32mMapped {/api/auth/google/callback, GET} route[39m[38;5;3m +0ms[39m
[32m[Nest] 32032  - [39m23/03/2026 22:07:42 [32m    LOG[39m [38;5;3m[RouterExplorer] [39m[32mMapped {/api/auth/google/exchange, POST} route[39m[38;5;3m +1ms[39m
[32m[Nest] 32032  - [39m23/03/2026 22:07:42 [32m    LOG[39m [38;5;3m[RouterExplorer] [39m[32mMapped {/api/auth/register, POST} route[39m[38;5;3m +0ms[39m
[32m[Nest] 32032  - [39m23/03/2026 22:07:42 [32m    LOG[39m [38;5;3m[RouterExplorer] [39m[32mMapped {/api/auth/login, POST} route[39m[38;5;3m +0ms[39m
[32m[Nest] 32032  - [39m23/03/2026 22:07:42 [32m    LOG[39m [38;5;3m[RouterExplorer] [39m[32mMapped {/api/auth/2fa/setup, POST} route[39m[38;5;3m +0ms[39m
[32m[Nest] 32032  - [39m23/03/2026 22:07:42 [32m    LOG[39m [38;5;3m[RouterExplorer] [39m[32mMapped {/api/auth/2fa/verify, POST} route[39m[38;5;3m +1ms[39m
[32m[Nest] 32032  - [39m23/03/2026 22:07:42 [32m    LOG[39m [38;5;3m[RouterExplorer] [39m[32mMapped {/api/auth/2fa/disable, POST} route[39m[38;5;3m +0ms[39m
[32m[Nest] 32032  - [39m23/03/2026 22:07:42 [32m    LOG[39m [38;5;3m[RouterExplorer] [39m[32mMapped {/api/auth/2fa/login, POST} route[39m[38;5;3m +0ms[39m
[32m[Nest] 32032  - [39m23/03/2026 22:07:42 [32m    LOG[39m [38;5;3m[RouterExplorer] [39m[32mMapped {/api/auth/logout, POST} route[39m[38;5;3m +1ms[39m
[32m[Nest] 32032  - [39m23/03/2026 22:07:42 [32m    LOG[39m [38;5;3m[RouterExplorer] [39m[32mMapped {/api/auth/refresh, POST} route[39m[38;5;3m +0ms[39m
[32m[Nest] 32032  - [39m23/03/2026 22:07:42 [32m    LOG[39m [38;5;3m[RouterExplorer] [39m[32mMapped {/api/auth/forgot-password, POST} route[39m[38;5;3m +0ms[39m
[32m[Nest] 32032  - [39m23/03/2026 22:07:42 [32m    LOG[39m [38;5;3m[RouterExplorer] [39m[32mMapped {/api/auth/reset-password, POST} route[39m[38;5;3m +0ms[39m
[32m[Nest] 32032  - [39m23/03/2026 22:07:42 [32m    LOG[39m [38;5;3m[RouterExplorer] [39m[32mMapped {/api/auth/confirm-email/:token, GET} route[39m[38;5;3m +0ms[39m
[32m[Nest] 32032  - [39m23/03/2026 22:07:42 [32m    LOG[39m [38;5;3m[RouterExplorer] [39m[32mMapped {/api/auth/fetchuser, GET} route[39m[38;5;3m +0ms[39m
[32m[Nest] 32032  - [39m23/03/2026 22:07:42 [32m    LOG[39m [38;5;3m[RouterExplorer] [39m[32mMapped {/api/auth/fetchuserbyid, POST} route[39m[38;5;3m +1ms[39m
[32m[Nest] 32032  - [39m23/03/2026 22:07:42 [32m    LOG[39m [38;5;3m[RouterExplorer] [39m[32mMapped {/api/auth/update, PUT} route[39m[38;5;3m +0ms[39m
[32m[Nest] 32032  - [39m23/03/2026 22:07:42 [32m    LOG[39m [38;5;3m[RouterExplorer] [39m[32mMapped {/api/auth/update, PATCH} route[39m[38;5;3m +0ms[39m
[32m[Nest] 32032  - [39m23/03/2026 22:07:42 [32m    LOG[39m [38;5;3m[RouterExplorer] [39m[32mMapped {/api/auth/delete, DELETE} route[39m[38;5;3m +0ms[39m
[32m[Nest] 32032  - [39m23/03/2026 22:07:42 [32m    LOG[39m [38;5;3m[RouterExplorer] [39m[32mMapped {/api/auth/users/:id, DELETE} route[39m[38;5;3m +0ms[39m
[32m[Nest] 32032  - [39m23/03/2026 22:07:42 [32m    LOG[39m [38;5;3m[RouterExplorer] [39m[32mMapped {/api/auth/users, GET} route[39m[38;5;3m +0ms[39m
[32m[Nest] 32032  - [39m23/03/2026 22:07:42 [32m    LOG[39m [38;5;3m[RouterExplorer] [39m[32mMapped {/api/auth/resend-confirmation-email, POST} route[39m[38;5;3m +1ms[39m
[32m[Nest] 32032  - [39m23/03/2026 22:07:42 [32m    LOG[39m [38;5;3m[RouterExplorer] [39m[32mMapped {/api/auth/change-role, PATCH} route[39m[38;5;3m +0ms[39m
[32m[Nest] 32032  - [39m23/03/2026 22:07:42 [32m    LOG[39m [38;5;3m[RouterExplorer] [39m[32mMapped {/api/auth/users/:id/ban, PATCH} route[39m[38;5;3m +0ms[39m
[32m[Nest] 32032  - [39m23/03/2026 22:07:42 [32m    LOG[39m [38;5;3m[RouterExplorer] [39m[32mMapped {/api/auth/users/:id/unban, PATCH} route[39m[38;5;3m +0ms[39m
[32m[Nest] 32032  - [39m23/03/2026 22:07:42 [32m    LOG[39m [38;5;3m[RoutesResolver] [39m[32mBusinessController {/api/business}:[39m[38;5;3m +0ms[39m
[32m[Nest] 32032  - [39m23/03/2026 22:07:42 [32m    LOG[39m [38;5;3m[RouterExplorer] [39m[32mMapped {/api/business/apply, POST} route[39m[38;5;3m +0ms[39m
[32m[Nest] 32032  - [39m23/03/2026 22:07:42 [32m    LOG[39m [38;5;3m[RouterExplorer] [39m[32mMapped {/api/business/applications, GET} route[39m[38;5;3m +0ms[39m
[32m[Nest] 32032  - [39m23/03/2026 22:07:42 [32m    LOG[39m [38;5;3m[RouterExplorer] [39m[32mMapped {/api/business/applications/:id/review, POST} route[39m[38;5;3m +1ms[39m
[32m[Nest] 32032  - [39m23/03/2026 22:07:42 [32m    LOG[39m [38;5;3m[RouterExplorer] [39m[32mMapped {/api/business/my, GET} route[39m[38;5;3m +0ms[39m
[32m[Nest] 32032  - [39m23/03/2026 22:07:42 [32m    LOG[39m [38;5;3m[RouterExplorer] [39m[32mMapped {/api/business/all, GET} route[39m[38;5;3m +0ms[39m
[32m[Nest] 32032  - [39m23/03/2026 22:07:42 [32m    LOG[39m [38;5;3m[RouterExplorer] [39m[32mMapped {/api/business/:id/tenant/metadata, GET} route[39m[38;5;3m +0ms[39m
[32m[Nest] 32032  - [39m23/03/2026 22:07:42 [32m    LOG[39m [38;5;3m[RouterExplorer] [39m[32mMapped {/api/business/:id, GET} route[39m[38;5;3m +0ms[39m
[32m[Nest] 32032  - [39m23/03/2026 22:07:42 [32m    LOG[39m [38;5;3m[RouterExplorer] [39m[32mMapped {/api/business/:id, PUT} route[39m[38;5;3m +0ms[39m
[32m[Nest] 32032  - [39m23/03/2026 22:07:42 [32m    LOG[39m [38;5;3m[RouterExplorer] [39m[32mMapped {/api/business/:id, DELETE} route[39m[38;5;3m +0ms[39m
[32m[Nest] 32032  - [39m23/03/2026 22:07:42 [32m    LOG[39m [38;5;3m[RouterExplorer] [39m[32mMapped {/api/business/:id/users, POST} route[39m[38;5;3m +1ms[39m
[32m[Nest] 32032  - [39m23/03/2026 22:07:42 [32m    LOG[39m [38;5;3m[RouterExplorer] [39m[32mMapped {/api/business/:id/users/:userId, DELETE} route[39m[38;5;3m +0ms[39m
[32m[Nest] 32032  - [39m23/03/2026 22:07:42 [32m    LOG[39m [38;5;3m[RoutesResolver] [39m[32mEmailController {/api/email}:[39m[38;5;3m +0ms[39m
[32m[Nest] 32032  - [39m23/03/2026 22:07:42 [32m    LOG[39m [38;5;3m[RouterExplorer] [39m[32mMapped {/api/email/send, POST} route[39m[38;5;3m +0ms[39m
[32m[Nest] 32032  - [39m23/03/2026 22:07:42 [32m    LOG[39m [38;5;3m[RouterExplorer] [39m[32mMapped {/api/email/test, POST} route[39m[38;5;3m +0ms[39m
[32m[Nest] 32032  - [39m23/03/2026 22:07:42 [32m    LOG[39m [38;5;3m[RoutesResolver] [39m[32mAuditController {/api/audit}:[39m[38;5;3m +0ms[39m
[32m[Nest] 32032  - [39m23/03/2026 22:07:42 [32m    LOG[39m [38;5;3m[RouterExplorer] [39m[32mMapped {/api/audit, GET} route[39m[38;5;3m +0ms[39m
[32m[Nest] 32032  - [39m23/03/2026 22:07:42 [32m    LOG[39m [38;5;3m[NestApplication] [39m[32mNest application successfully started[39m[38;5;3m +3ms[39m
🚀 API running on http://localhost:4790/api/docs
[2J[3J[H[[90m22:08:10[0m] File change detected. Starting incremental compilation...

[[90m22:08:17[0m] Found 0 errors. Watching for file changes.

[32m[Nest] 30352  - [39m23/03/2026 22:08:20 [32m    LOG[39m [38;5;3m[NestFactory] [39m[32mStarting Nest application...[39m
[32m[Nest] 30352  - [39m23/03/2026 22:08:20 [32m    LOG[39m [38;5;3m[InstanceLoader] [39m[32mAppModule dependencies initialized[39m[38;5;3m +41ms[39m
[32m[Nest] 30352  - [39m23/03/2026 22:08:20 [32m    LOG[39m [38;5;3m[InstanceLoader] [39m[32mMongooseModule dependencies initialized[39m[38;5;3m +1ms[39m
[32m[Nest] 30352  - [39m23/03/2026 22:08:20 [32m    LOG[39m [38;5;3m[InstanceLoader] [39m[32mPassportModule dependencies initialized[39m[38;5;3m +0ms[39m
[32m[Nest] 30352  - [39m23/03/2026 22:08:20 [32m    LOG[39m [38;5;3m[InstanceLoader] [39m[32mConfigHostModule dependencies initialized[39m[38;5;3m +0ms[39m
[32m[Nest] 30352  - [39m23/03/2026 22:08:20 [32m    LOG[39m [38;5;3m[EmailService] [39m[32mEmail transporter initialized with Gmail SMTP[39m
[32m[Nest] 30352  - [39m23/03/2026 22:08:20 [32m    LOG[39m [38;5;3m[InstanceLoader] [39m[32mConfigModule dependencies initialized[39m[38;5;3m +1ms[39m
[32m[Nest] 30352  - [39m23/03/2026 22:08:20 [32m    LOG[39m [38;5;3m[InstanceLoader] [39m[32mConfigModule dependencies initialized[39m[38;5;3m +1ms[39m
[32m[Nest] 30352  - [39m23/03/2026 22:08:20 [32m    LOG[39m [38;5;3m[InstanceLoader] [39m[32mJwtModule dependencies initialized[39m[38;5;3m +58ms[39m
[32m[Nest] 30352  - [39m23/03/2026 22:08:20 [32m    LOG[39m [38;5;3m[InstanceLoader] [39m[32mEmailModule dependencies initialized[39m[38;5;3m +1ms[39m
[32m[Nest] 30352  - [39m23/03/2026 22:08:21 [32m    LOG[39m [38;5;3m[InstanceLoader] [39m[32mMongooseCoreModule dependencies initialized[39m[38;5;3m +788ms[39m
[32m[Nest] 30352  - [39m23/03/2026 22:08:21 [32m    LOG[39m [38;5;3m[InstanceLoader] [39m[32mMongooseModule dependencies initialized[39m[38;5;3m +6ms[39m
[32m[Nest] 30352  - [39m23/03/2026 22:08:21 [32m    LOG[39m [38;5;3m[InstanceLoader] [39m[32mMongooseModule dependencies initialized[39m[38;5;3m +0ms[39m
[32m[Nest] 30352  - [39m23/03/2026 22:08:21 [32m    LOG[39m [38;5;3m[InstanceLoader] [39m[32mMongooseModule dependencies initialized[39m[38;5;3m +0ms[39m
[32m[Nest] 30352  - [39m23/03/2026 22:08:21 [32m    LOG[39m [38;5;3m[InstanceLoader] [39m[32mAuditModule dependencies initialized[39m[38;5;3m +1ms[39m
[32m[Nest] 30352  - [39m23/03/2026 22:08:21 [32m    LOG[39m [38;5;3m[InstanceLoader] [39m[32mBusinessModule dependencies initialized[39m[38;5;3m +0ms[39m
[32m[Nest] 30352  - [39m23/03/2026 22:08:21 [32m    LOG[39m [38;5;3m[InstanceLoader] [39m[32mAuthModule dependencies initialized[39m[38;5;3m +0ms[39m
[32m[Nest] 30352  - [39m23/03/2026 22:08:21 [32m    LOG[39m [38;5;3m[RoutesResolver] [39m[32mAuthController {/api/auth}:[39m[38;5;3m +51ms[39m
[32m[Nest] 30352  - [39m23/03/2026 22:08:21 [32m    LOG[39m [38;5;3m[RouterExplorer] [39m[32mMapped {/api/auth/google, GET} route[39m[38;5;3m +4ms[39m
[32m[Nest] 30352  - [39m23/03/2026 22:08:21 [32m    LOG[39m [38;5;3m[RouterExplorer] [39m[32mMapped {/api/auth/google/callback, GET} route[39m[38;5;3m +1ms[39m
[32m[Nest] 30352  - [39m23/03/2026 22:08:21 [32m    LOG[39m [38;5;3m[RouterExplorer] [39m[32mMapped {/api/auth/google/exchange, POST} route[39m[38;5;3m +0ms[39m
[32m[Nest] 30352  - [39m23/03/2026 22:08:21 [32m    LOG[39m [38;5;3m[RouterExplorer] [39m[32mMapped {/api/auth/register, POST} route[39m[38;5;3m +0ms[39m
[32m[Nest] 30352  - [39m23/03/2026 22:08:21 [32m    LOG[39m [38;5;3m[RouterExplorer] [39m[32mMapped {/api/auth/login, POST} route[39m[38;5;3m +0ms[39m
[32m[Nest] 30352  - [39m23/03/2026 22:08:21 [32m    LOG[39m [38;5;3m[RouterExplorer] [39m[32mMapped {/api/auth/2fa/setup, POST} route[39m[38;5;3m +1ms[39m
[32m[Nest] 30352  - [39m23/03/2026 22:08:21 [32m    LOG[39m [38;5;3m[RouterExplorer] [39m[32mMapped {/api/auth/2fa/verify, POST} route[39m[38;5;3m +0ms[39m
[32m[Nest] 30352  - [39m23/03/2026 22:08:21 [32m    LOG[39m [38;5;3m[RouterExplorer] [39m[32mMapped {/api/auth/2fa/disable, POST} route[39m[38;5;3m +0ms[39m
[32m[Nest] 30352  - [39m23/03/2026 22:08:21 [32m    LOG[39m [38;5;3m[RouterExplorer] [39m[32mMapped {/api/auth/2fa/login, POST} route[39m[38;5;3m +1ms[39m
[32m[Nest] 30352  - [39m23/03/2026 22:08:21 [32m    LOG[39m [38;5;3m[RouterExplorer] [39m[32mMapped {/api/auth/logout, POST} route[39m[38;5;3m +0ms[39m
[32m[Nest] 30352  - [39m23/03/2026 22:08:21 [32m    LOG[39m [38;5;3m[RouterExplorer] [39m[32mMapped {/api/auth/refresh, POST} route[39m[38;5;3m +0ms[39m
[32m[Nest] 30352  - [39m23/03/2026 22:08:21 [32m    LOG[39m [38;5;3m[RouterExplorer] [39m[32mMapped {/api/auth/forgot-password, POST} route[39m[38;5;3m +0ms[39m
[32m[Nest] 30352  - [39m23/03/2026 22:08:21 [32m    LOG[39m [38;5;3m[RouterExplorer] [39m[32mMapped {/api/auth/reset-password, POST} route[39m[38;5;3m +1ms[39m
[32m[Nest] 30352  - [39m23/03/2026 22:08:21 [32m    LOG[39m [38;5;3m[RouterExplorer] [39m[32mMapped {/api/auth/confirm-email/:token, GET} route[39m[38;5;3m +0ms[39m
[32m[Nest] 30352  - [39m23/03/2026 22:08:21 [32m    LOG[39m [38;5;3m[RouterExplorer] [39m[32mMapped {/api/auth/fetchuser, GET} route[39m[38;5;3m +0ms[39m
[32m[Nest] 30352  - [39m23/03/2026 22:08:21 [32m    LOG[39m [38;5;3m[RouterExplorer] [39m[32mMapped {/api/auth/fetchuserbyid, POST} route[39m[38;5;3m +0ms[39m
[32m[Nest] 30352  - [39m23/03/2026 22:08:21 [32m    LOG[39m [38;5;3m[RouterExplorer] [39m[32mMapped {/api/auth/update, PUT} route[39m[38;5;3m +1ms[39m
[32m[Nest] 30352  - [39m23/03/2026 22:08:21 [32m    LOG[39m [38;5;3m[RouterExplorer] [39m[32mMapped {/api/auth/update, PATCH} route[39m[38;5;3m +0ms[39m
[32m[Nest] 30352  - [39m23/03/2026 22:08:21 [32m    LOG[39m [38;5;3m[RouterExplorer] [39m[32mMapped {/api/auth/delete, DELETE} route[39m[38;5;3m +0ms[39m
[32m[Nest] 30352  - [39m23/03/2026 22:08:21 [32m    LOG[39m [38;5;3m[RouterExplorer] [39m[32mMapped {/api/auth/users/:id, DELETE} route[39m[38;5;3m +0ms[39m
[32m[Nest] 30352  - [39m23/03/2026 22:08:21 [32m    LOG[39m [38;5;3m[RouterExplorer] [39m[32mMapped {/api/auth/users, GET} route[39m[38;5;3m +0ms[39m
[32m[Nest] 30352  - [39m23/03/2026 22:08:21 [32m    LOG[39m [38;5;3m[RouterExplorer] [39m[32mMapped {/api/auth/resend-confirmation-email, POST} route[39m[38;5;3m +0ms[39m
[32m[Nest] 30352  - [39m23/03/2026 22:08:21 [32m    LOG[39m [38;5;3m[RouterExplorer] [39m[32mMapped {/api/auth/change-role, PATCH} route[39m[38;5;3m +1ms[39m
[32m[Nest] 30352  - [39m23/03/2026 22:08:21 [32m    LOG[39m [38;5;3m[RouterExplorer] [39m[32mMapped {/api/auth/users/:id/ban, PATCH} route[39m[38;5;3m +0ms[39m
[32m[Nest] 30352  - [39m23/03/2026 22:08:21 [32m    LOG[39m [38;5;3m[RouterExplorer] [39m[32mMapped {/api/auth/users/:id/unban, PATCH} route[39m[38;5;3m +0ms[39m
[32m[Nest] 30352  - [39m23/03/2026 22:08:21 [32m    LOG[39m [38;5;3m[RoutesResolver] [39m[32mBusinessController {/api/business}:[39m[38;5;3m +0ms[39m
[32m[Nest] 30352  - [39m23/03/2026 22:08:21 [32m    LOG[39m [38;5;3m[RouterExplorer] [39m[32mMapped {/api/business/apply, POST} route[39m[38;5;3m +0ms[39m
[32m[Nest] 30352  - [39m23/03/2026 22:08:21 [32m    LOG[39m [38;5;3m[RouterExplorer] [39m[32mMapped {/api/business/applications, GET} route[39m[38;5;3m +0ms[39m
[32m[Nest] 30352  - [39m23/03/2026 22:08:21 [32m    LOG[39m [38;5;3m[RouterExplorer] [39m[32mMapped {/api/business/applications/:id/review, POST} route[39m[38;5;3m +0ms[39m
[32m[Nest] 30352  - [39m23/03/2026 22:08:21 [32m    LOG[39m [38;5;3m[RouterExplorer] [39m[32mMapped {/api/business/my, GET} route[39m[38;5;3m +1ms[39m
[32m[Nest] 30352  - [39m23/03/2026 22:08:21 [32m    LOG[39m [38;5;3m[RouterExplorer] [39m[32mMapped {/api/business/all, GET} route[39m[38;5;3m +0ms[39m
[32m[Nest] 30352  - [39m23/03/2026 22:08:21 [32m    LOG[39m [38;5;3m[RouterExplorer] [39m[32mMapped {/api/business/:id/tenant/metadata, GET} route[39m[38;5;3m +0ms[39m
[32m[Nest] 30352  - [39m23/03/2026 22:08:21 [32m    LOG[39m [38;5;3m[RouterExplorer] [39m[32mMapped {/api/business/:id, GET} route[39m[38;5;3m +0ms[39m
[32m[Nest] 30352  - [39m23/03/2026 22:08:21 [32m    LOG[39m [38;5;3m[RouterExplorer] [39m[32mMapped {/api/business/:id, PUT} route[39m[38;5;3m +0ms[39m
[32m[Nest] 30352  - [39m23/03/2026 22:08:21 [32m    LOG[39m [38;5;3m[RouterExplorer] [39m[32mMapped {/api/business/:id, DELETE} route[39m[38;5;3m +0ms[39m
[32m[Nest] 30352  - [39m23/03/2026 22:08:21 [32m    LOG[39m [38;5;3m[RouterExplorer] [39m[32mMapped {/api/business/:id/users, POST} route[39m[38;5;3m +0ms[39m
[32m[Nest] 30352  - [39m23/03/2026 22:08:21 [32m    LOG[39m [38;5;3m[RouterExplorer] [39m[32mMapped {/api/business/:id/users/:userId, DELETE} route[39m[38;5;3m +0ms[39m
[32m[Nest] 30352  - [39m23/03/2026 22:08:21 [32m    LOG[39m [38;5;3m[RoutesResolver] [39m[32mEmailController {/api/email}:[39m[38;5;3m +0ms[39m
[32m[Nest] 30352  - [39m23/03/2026 22:08:21 [32m    LOG[39m [38;5;3m[RouterExplorer] [39m[32mMapped {/api/email/send, POST} route[39m[38;5;3m +1ms[39m
[32m[Nest] 30352  - [39m23/03/2026 22:08:21 [32m    LOG[39m [38;5;3m[RouterExplorer] [39m[32mMapped {/api/email/test, POST} route[39m[38;5;3m +0ms[39m
[32m[Nest] 30352  - [39m23/03/2026 22:08:21 [32m    LOG[39m [38;5;3m[RoutesResolver] [39m[32mAuditController {/api/audit}:[39m[38;5;3m +0ms[39m
[32m[Nest] 30352  - [39m23/03/2026 22:08:21 [32m    LOG[39m [38;5;3m[RouterExplorer] [39m[32mMapped {/api/audit, GET} route[39m[38;5;3m +0ms[39m
[32m[Nest] 30352  - [39m23/03/2026 22:08:21 [32m    LOG[39m [38;5;3m[NestApplication] [39m[32mNest application successfully started[39m[38;5;3m +3ms[39m
🚀 API running on http://localhost:4790/api/docs
[2J[3J[H[[90m22:09:00[0m] File change detected. Starting incremental compilation...

[[90m22:09:08[0m] Found 0 errors. Watching for file changes.

[32m[Nest] 8148  - [39m23/03/2026 22:09:10 [32m    LOG[39m [38;5;3m[NestFactory] [39m[32mStarting Nest application...[39m
[32m[Nest] 8148  - [39m23/03/2026 22:09:10 [32m    LOG[39m [38;5;3m[InstanceLoader] [39m[32mAppModule dependencies initialized[39m[38;5;3m +17ms[39m
[32m[Nest] 8148  - [39m23/03/2026 22:09:10 [32m    LOG[39m [38;5;3m[InstanceLoader] [39m[32mMongooseModule dependencies initialized[39m[38;5;3m +0ms[39m
[32m[Nest] 8148  - [39m23/03/2026 22:09:10 [32m    LOG[39m [38;5;3m[InstanceLoader] [39m[32mPassportModule dependencies initialized[39m[38;5;3m +0ms[39m
[32m[Nest] 8148  - [39m23/03/2026 22:09:10 [32m    LOG[39m [38;5;3m[InstanceLoader] [39m[32mConfigHostModule dependencies initialized[39m[38;5;3m +0ms[39m
[32m[Nest] 8148  - [39m23/03/2026 22:09:10 [32m    LOG[39m [38;5;3m[EmailService] [39m[32mEmail transporter initialized with Gmail SMTP[39m
[32m[Nest] 8148  - [39m23/03/2026 22:09:10 [32m    LOG[39m [38;5;3m[InstanceLoader] [39m[32mConfigModule dependencies initialized[39m[38;5;3m +1ms[39m
[32m[Nest] 8148  - [39m23/03/2026 22:09:10 [32m    LOG[39m [38;5;3m[InstanceLoader] [39m[32mConfigModule dependencies initialized[39m[38;5;3m +0ms[39m
[32m[Nest] 8148  - [39m23/03/2026 22:09:10 [32m    LOG[39m [38;5;3m[InstanceLoader] [39m[32mJwtModule dependencies initialized[39m[38;5;3m +13ms[39m
[32m[Nest] 8148  - [39m23/03/2026 22:09:10 [32m    LOG[39m [38;5;3m[InstanceLoader] [39m[32mEmailModule dependencies initialized[39m[38;5;3m +0ms[39m
[32m[Nest] 8148  - [39m23/03/2026 22:09:11 [32m    LOG[39m [38;5;3m[InstanceLoader] [39m[32mMongooseCoreModule dependencies initialized[39m[38;5;3m +1181ms[39m
[32m[Nest] 8148  - [39m23/03/2026 22:09:11 [32m    LOG[39m [38;5;3m[InstanceLoader] [39m[32mMongooseModule dependencies initialized[39m[38;5;3m +4ms[39m
[32m[Nest] 8148  - [39m23/03/2026 22:09:11 [32m    LOG[39m [38;5;3m[InstanceLoader] [39m[32mMongooseModule dependencies initialized[39m[38;5;3m +0ms[39m
[32m[Nest] 8148  - [39m23/03/2026 22:09:11 [32m    LOG[39m [38;5;3m[InstanceLoader] [39m[32mMongooseModule dependencies initialized[39m[38;5;3m +0ms[39m
[32m[Nest] 8148  - [39m23/03/2026 22:09:11 [32m    LOG[39m [38;5;3m[InstanceLoader] [39m[32mAuditModule dependencies initialized[39m[38;5;3m +1ms[39m
[32m[Nest] 8148  - [39m23/03/2026 22:09:11 [32m    LOG[39m [38;5;3m[InstanceLoader] [39m[32mBusinessModule dependencies initialized[39m[38;5;3m +1ms[39m
[32m[Nest] 8148  - [39m23/03/2026 22:09:11 [32m    LOG[39m [38;5;3m[InstanceLoader] [39m[32mAuthModule dependencies initialized[39m[38;5;3m +0ms[39m
[32m[Nest] 8148  - [39m23/03/2026 22:09:11 [32m    LOG[39m [38;5;3m[RoutesResolver] [39m[32mAuthController {/api/auth}:[39m[38;5;3m +36ms[39m
[32m[Nest] 8148  - [39m23/03/2026 22:09:11 [32m    LOG[39m [38;5;3m[RouterExplorer] [39m[32mMapped {/api/auth/google, GET} route[39m[38;5;3m +2ms[39m
[32m[Nest] 8148  - [39m23/03/2026 22:09:11 [32m    LOG[39m [38;5;3m[RouterExplorer] [39m[32mMapped {/api/auth/google/callback, GET} route[39m[38;5;3m +1ms[39m
[32m[Nest] 8148  - [39m23/03/2026 22:09:11 [32m    LOG[39m [38;5;3m[RouterExplorer] [39m[32mMapped {/api/auth/google/exchange, POST} route[39m[38;5;3m +0ms[39m
[32m[Nest] 8148  - [39m23/03/2026 22:09:11 [32m    LOG[39m [38;5;3m[RouterExplorer] [39m[32mMapped {/api/auth/register, POST} route[39m[38;5;3m +0ms[39m
[32m[Nest] 8148  - [39m23/03/2026 22:09:11 [32m    LOG[39m [38;5;3m[RouterExplorer] [39m[32mMapped {/api/auth/login, POST} route[39m[38;5;3m +1ms[39m
[32m[Nest] 8148  - [39m23/03/2026 22:09:11 [32m    LOG[39m [38;5;3m[RouterExplorer] [39m[32mMapped {/api/auth/2fa/setup, POST} route[39m[38;5;3m +0ms[39m
[32m[Nest] 8148  - [39m23/03/2026 22:09:11 [32m    LOG[39m [38;5;3m[RouterExplorer] [39m[32mMapped {/api/auth/2fa/verify, POST} route[39m[38;5;3m +0ms[39m
[32m[Nest] 8148  - [39m23/03/2026 22:09:11 [32m    LOG[39m [38;5;3m[RouterExplorer] [39m[32mMapped {/api/auth/2fa/disable, POST} route[39m[38;5;3m +0ms[39m
[32m[Nest] 8148  - [39m23/03/2026 22:09:11 [32m    LOG[39m [38;5;3m[RouterExplorer] [39m[32mMapped {/api/auth/2fa/login, POST} route[39m[38;5;3m +1ms[39m
[32m[Nest] 8148  - [39m23/03/2026 22:09:11 [32m    LOG[39m [38;5;3m[RouterExplorer] [39m[32mMapped {/api/auth/logout, POST} route[39m[38;5;3m +0ms[39m
[32m[Nest] 8148  - [39m23/03/2026 22:09:11 [32m    LOG[39m [38;5;3m[RouterExplorer] [39m[32mMapped {/api/auth/refresh, POST} route[39m[38;5;3m +0ms[39m
[32m[Nest] 8148  - [39m23/03/2026 22:09:11 [32m    LOG[39m [38;5;3m[RouterExplorer] [39m[32mMapped {/api/auth/forgot-password, POST} route[39m[38;5;3m +0ms[39m
[32m[Nest] 8148  - [39m23/03/2026 22:09:11 [32m    LOG[39m [38;5;3m[RouterExplorer] [39m[32mMapped {/api/auth/reset-password, POST} route[39m[38;5;3m +0ms[39m
[32m[Nest] 8148  - [39m23/03/2026 22:09:11 [32m    LOG[39m [38;5;3m[RouterExplorer] [39m[32mMapped {/api/auth/confirm-email/:token, GET} route[39m[38;5;3m +1ms[39m
[32m[Nest] 8148  - [39m23/03/2026 22:09:11 [32m    LOG[39m [38;5;3m[RouterExplorer] [39m[32mMapped {/api/auth/fetchuser, GET} route[39m[38;5;3m +0ms[39m
[32m[Nest] 8148  - [39m23/03/2026 22:09:11 [32m    LOG[39m [38;5;3m[RouterExplorer] [39m[32mMapped {/api/auth/fetchuserbyid, POST} route[39m[38;5;3m +0ms[39m
[32m[Nest] 8148  - [39m23/03/2026 22:09:11 [32m    LOG[39m [38;5;3m[RouterExplorer] [39m[32mMapped {/api/auth/update, PUT} route[39m[38;5;3m +0ms[39m
[32m[Nest] 8148  - [39m23/03/2026 22:09:11 [32m    LOG[39m [38;5;3m[RouterExplorer] [39m[32mMapped {/api/auth/update, PATCH} route[39m[38;5;3m +0ms[39m
[32m[Nest] 8148  - [39m23/03/2026 22:09:11 [32m    LOG[39m [38;5;3m[RouterExplorer] [39m[32mMapped {/api/auth/delete, DELETE} route[39m[38;5;3m +0ms[39m
[32m[Nest] 8148  - [39m23/03/2026 22:09:11 [32m    LOG[39m [38;5;3m[RouterExplorer] [39m[32mMapped {/api/auth/users/:id, DELETE} route[39m[38;5;3m +1ms[39m
[32m[Nest] 8148  - [39m23/03/2026 22:09:11 [32m    LOG[39m [38;5;3m[RouterExplorer] [39m[32mMapped {/api/auth/users, GET} route[39m[38;5;3m +0ms[39m
[32m[Nest] 8148  - [39m23/03/2026 22:09:11 [32m    LOG[39m [38;5;3m[RouterExplorer] [39m[32mMapped {/api/auth/resend-confirmation-email, POST} route[39m[38;5;3m +0ms[39m
[32m[Nest] 8148  - [39m23/03/2026 22:09:11 [32m    LOG[39m [38;5;3m[RouterExplorer] [39m[32mMapped {/api/auth/change-role, PATCH} route[39m[38;5;3m +0ms[39m
[32m[Nest] 8148  - [39m23/03/2026 22:09:11 [32m    LOG[39m [38;5;3m[RouterExplorer] [39m[32mMapped {/api/auth/users/:id/ban, PATCH} route[39m[38;5;3m +0ms[39m
[32m[Nest] 8148  - [39m23/03/2026 22:09:11 [32m    LOG[39m [38;5;3m[RouterExplorer] [39m[32mMapped {/api/auth/users/:id/unban, PATCH} route[39m[38;5;3m +0ms[39m
[32m[Nest] 8148  - [39m23/03/2026 22:09:11 [32m    LOG[39m [38;5;3m[RoutesResolver] [39m[32mBusinessController {/api/business}:[39m[38;5;3m +0ms[39m
[32m[Nest] 8148  - [39m23/03/2026 22:09:11 [32m    LOG[39m [38;5;3m[RouterExplorer] [39m[32mMapped {/api/business/apply, POST} route[39m[38;5;3m +1ms[39m
[32m[Nest] 8148  - [39m23/03/2026 22:09:11 [32m    LOG[39m [38;5;3m[RouterExplorer] [39m[32mMapped {/api/business/applications, GET} route[39m[38;5;3m +0ms[39m
[32m[Nest] 8148  - [39m23/03/2026 22:09:11 [32m    LOG[39m [38;5;3m[RouterExplorer] [39m[32mMapped {/api/business/applications/:id/review, POST} route[39m[38;5;3m +0ms[39m
[32m[Nest] 8148  - [39m23/03/2026 22:09:11 [32m    LOG[39m [38;5;3m[RouterExplorer] [39m[32mMapped {/api/business/my, GET} route[39m[38;5;3m +0ms[39m
[32m[Nest] 8148  - [39m23/03/2026 22:09:11 [32m    LOG[39m [38;5;3m[RouterExplorer] [39m[32mMapped {/api/business/all, GET} route[39m[38;5;3m +0ms[39m
[32m[Nest] 8148  - [39m23/03/2026 22:09:11 [32m    LOG[39m [38;5;3m[RouterExplorer] [39m[32mMapped {/api/business/:id/tenant/metadata, GET} route[39m[38;5;3m +0ms[39m
[32m[Nest] 8148  - [39m23/03/2026 22:09:11 [32m    LOG[39m [38;5;3m[RouterExplorer] [39m[32mMapped {/api/business/:id, GET} route[39m[38;5;3m +0ms[39m
[32m[Nest] 8148  - [39m23/03/2026 22:09:11 [32m    LOG[39m [38;5;3m[RouterExplorer] [39m[32mMapped {/api/business/:id, PUT} route[39m[38;5;3m +0ms[39m
[32m[Nest] 8148  - [39m23/03/2026 22:09:11 [32m    LOG[39m [38;5;3m[RouterExplorer] [39m[32mMapped {/api/business/:id, DELETE} route[39m[38;5;3m +1ms[39m
[32m[Nest] 8148  - [39m23/03/2026 22:09:11 [32m    LOG[39m [38;5;3m[RouterExplorer] [39m[32mMapped {/api/business/:id/users, POST} route[39m[38;5;3m +0ms[39m
[32m[Nest] 8148  - [39m23/03/2026 22:09:11 [32m    LOG[39m [38;5;3m[RouterExplorer] [39m[32mMapped {/api/business/:id/users/:userId, DELETE} route[39m[38;5;3m +0ms[39m
[32m[Nest] 8148  - [39m23/03/2026 22:09:11 [32m    LOG[39m [38;5;3m[RoutesResolver] [39m[32mEmailController {/api/email}:[39m[38;5;3m +0ms[39m
[32m[Nest] 8148  - [39m23/03/2026 22:09:11 [32m    LOG[39m [38;5;3m[RouterExplorer] [39m[32mMapped {/api/email/send, POST} route[39m[38;5;3m +0ms[39m
[32m[Nest] 8148  - [39m23/03/2026 22:09:11 [32m    LOG[39m [38;5;3m[RouterExplorer] [39m[32mMapped {/api/email/test, POST} route[39m[38;5;3m +0ms[39m
[32m[Nest] 8148  - [39m23/03/2026 22:09:11 [32m    LOG[39m [38;5;3m[RoutesResolver] [39m[32mAuditController {/api/audit}:[39m[38;5;3m +0ms[39m
[32m[Nest] 8148  - [39m23/03/2026 22:09:11 [32m    LOG[39m [38;5;3m[RouterExplorer] [39m[32mMapped {/api/audit, GET} route[39m[38;5;3m +0ms[39m
[32m[Nest] 8148  - [39m23/03/2026 22:09:11 [32m    LOG[39m [38;5;3m[NestApplication] [39m[32mNest application successfully started[39m[38;5;3m +2ms[39m
🚀 API running on http://localhost:4790/api/docs
[2J[3J[H[[90m22:09:53[0m] File change detected. Starting incremental compilation...

[96msrc/auth/auth.service.ts[0m:[93m476[0m:[93m24[0m - [91merror[0m[90m TS2551: [0mProperty 'roles' does not exist on type 'Document<unknown, {}, UserDocument, {}, DefaultSchemaOptions> & User & Document<ObjectId, any, any, Record<string, any>, {}> & Required<...> & { ...; } & { ...; }'. Did you mean 'role'?

[7m476[0m         userRole: user.roles?.[0] || 'CLIENT',
[7m   [0m [91m                       ~~~~~[0m

  [96msrc/users/schemas/user.schema.ts[0m:[93m31[0m:[93m3[0m
    [7m31[0m   role: Role;
    [7m  [0m [96m  ~~~~[0m
    'role' is declared here.

[[90m22:09:58[0m] Found 1 error. Watching for file changes.

[2J[3J[H[[90m22:10:46[0m] File change detected. Starting incremental compilation...

[96msrc/auth/auth.service.ts[0m:[93m476[0m:[93m24[0m - [91merror[0m[90m TS2551: [0mProperty 'roles' does not exist on type 'Document<unknown, {}, UserDocument, {}, DefaultSchemaOptions> & User & Document<ObjectId, any, any, Record<string, any>, {}> & Required<...> & { ...; } & { ...; }'. Did you mean 'role'?

[7m476[0m         userRole: user.roles?.[0] || 'CLIENT',
[7m   [0m [91m                       ~~~~~[0m

  [96msrc/users/schemas/user.schema.ts[0m:[93m31[0m:[93m3[0m
    [7m31[0m   role: Role;
    [7m  [0m [96m  ~~~~[0m
    'role' is declared here.

[[90m22:10:51[0m] Found 1 error. Watching for file changes.

[2J[3J[H[[90m22:12:09[0m] File change detected. Starting incremental compilation...

[96msrc/auth/auth.service.ts[0m:[93m476[0m:[93m24[0m - [91merror[0m[90m TS2551: [0mProperty 'roles' does not exist on type 'Document<unknown, {}, UserDocument, {}, DefaultSchemaOptions> & User & Document<ObjectId, any, any, Record<string, any>, {}> & Required<...> & { ...; } & { ...; }'. Did you mean 'role'?

[7m476[0m         userRole: user.roles?.[0] || 'CLIENT',
[7m   [0m [91m                       ~~~~~[0m

  [96msrc/users/schemas/user.schema.ts[0m:[93m31[0m:[93m3[0m
    [7m31[0m   role: Role;
    [7m  [0m [96m  ~~~~[0m
    'role' is declared here.

[[90m22:12:15[0m] Found 1 error. Watching for file changes.

[2J[3J[H[[90m22:13:39[0m] File change detected. Starting incremental compilation...

[96msrc/auth/auth.service.ts[0m:[93m476[0m:[93m24[0m - [91merror[0m[90m TS2551: [0mProperty 'roles' does not exist on type 'Document<unknown, {}, UserDocument, {}, DefaultSchemaOptions> & User & Document<ObjectId, any, any, Record<string, any>, {}> & Required<...> & { ...; } & { ...; }'. Did you mean 'role'?

[7m476[0m         userRole: user.roles?.[0] || 'CLIENT',
[7m   [0m [91m                       ~~~~~[0m

  [96msrc/users/schemas/user.schema.ts[0m:[93m31[0m:[93m3[0m
    [7m31[0m   role: Role;
    [7m  [0m [96m  ~~~~[0m
    'role' is declared here.

[96msrc/auth/auth.service.ts[0m:[93m1539[0m:[93m23[0m - [91merror[0m[90m TS2551: [0mProperty 'roles' does not exist on type 'Document<unknown, {}, UserDocument, {}, DefaultSchemaOptions> & User & Document<ObjectId, any, any, Record<string, any>, {}> & Required<...> & { ...; } & { ...; }'. Did you mean 'role'?

[7m1539[0m       userRole: admin.roles?.[0] || admin.role || 'ADMIN',
[7m    [0m [91m                      ~~~~~[0m

  [96msrc/users/schemas/user.schema.ts[0m:[93m31[0m:[93m3[0m
    [7m31[0m   role: Role;
    [7m  [0m [96m  ~~~~[0m
    'role' is declared here.

[[90m22:13:44[0m] Found 2 errors. Watching for file changes.

[2J[3J[H[[90m22:14:01[0m] File change detected. Starting incremental compilation...

[96msrc/auth/auth.service.ts[0m:[93m476[0m:[93m24[0m - [91merror[0m[90m TS2551: [0mProperty 'roles' does not exist on type 'Document<unknown, {}, UserDocument, {}, DefaultSchemaOptions> & User & Document<ObjectId, any, any, Record<string, any>, {}> & Required<...> & { ...; } & { ...; }'. Did you mean 'role'?

[7m476[0m         userRole: user.roles?.[0] || 'CLIENT',
[7m   [0m [91m                       ~~~~~[0m

  [96msrc/users/schemas/user.schema.ts[0m:[93m31[0m:[93m3[0m
    [7m31[0m   role: Role;
    [7m  [0m [96m  ~~~~[0m
    'role' is declared here.

[96msrc/auth/auth.service.ts[0m:[93m1539[0m:[93m23[0m - [91merror[0m[90m TS2551: [0mProperty 'roles' does not exist on type 'Document<unknown, {}, UserDocument, {}, DefaultSchemaOptions> & User & Document<ObjectId, any, any, Record<string, any>, {}> & Required<...> & { ...; } & { ...; }'. Did you mean 'role'?

[7m1539[0m       userRole: admin.roles?.[0] || admin.role || 'ADMIN',
[7m    [0m [91m                      ~~~~~[0m

  [96msrc/users/schemas/user.schema.ts[0m:[93m31[0m:[93m3[0m
    [7m31[0m   role: Role;
    [7m  [0m [96m  ~~~~[0m
    'role' is declared here.

[[90m22:14:06[0m] Found 2 errors. Watching for file changes.

[2J[3J[H[[90m22:14:25[0m] File change detected. Starting incremental compilation...

[96msrc/auth/auth.service.ts[0m:[93m476[0m:[93m24[0m - [91merror[0m[90m TS2551: [0mProperty 'roles' does not exist on type 'Document<unknown, {}, UserDocument, {}, DefaultSchemaOptions> & User & Document<ObjectId, any, any, Record<string, any>, {}> & Required<...> & { ...; } & { ...; }'. Did you mean 'role'?

[7m476[0m         userRole: user.roles?.[0] || 'CLIENT',
[7m   [0m [91m                       ~~~~~[0m

  [96msrc/users/schemas/user.schema.ts[0m:[93m31[0m:[93m3[0m
    [7m31[0m   role: Role;
    [7m  [0m [96m  ~~~~[0m
    'role' is declared here.

[96msrc/auth/auth.service.ts[0m:[93m1539[0m:[93m23[0m - [91merror[0m[90m TS2551: [0mProperty 'roles' does not exist on type 'Document<unknown, {}, UserDocument, {}, DefaultSchemaOptions> & User & Document<ObjectId, any, any, Record<string, any>, {}> & Required<...> & { ...; } & { ...; }'. Did you mean 'role'?

[7m1539[0m       userRole: admin.roles?.[0] || admin.role || 'ADMIN',
[7m    [0m [91m                      ~~~~~[0m

  [96msrc/users/schemas/user.schema.ts[0m:[93m31[0m:[93m3[0m
    [7m31[0m   role: Role;
    [7m  [0m [96m  ~~~~[0m
    'role' is declared here.

[[90m22:14:30[0m] Found 2 errors. Watching for file changes.

[2J[3J[H[[90m22:15:46[0m] File change detected. Starting incremental compilation...

[96msrc/business/business.service.ts[0m:[93m232[0m:[93m21[0m - [91merror[0m[90m TS1005: [0m';' expected.

[7m232[0m         businessName: application.businessName,
[7m   [0m [91m                    ~[0m

[96msrc/business/business.service.ts[0m:[93m233[0m:[93m20[0m - [91merror[0m[90m TS1005: [0m';' expected.

[7m233[0m         description: application.description,
[7m   [0m [91m                   ~[0m

[96msrc/business/business.service.ts[0m:[93m234[0m:[93m16[0m - [91merror[0m[90m TS1005: [0m';' expected.

[7m234[0m         website: application.website,
[7m   [0m [91m               ~[0m

[96msrc/business/business.service.ts[0m:[93m235[0m:[93m14[0m - [91merror[0m[90m TS1005: [0m';' expected.

[7m235[0m         phone: application.phone,
[7m   [0m [91m             ~[0m

[96msrc/business/business.service.ts[0m:[93m236[0m:[93m20[0m - [91merror[0m[90m TS1005: [0m';' expected.

[7m236[0m         applicantId: application.applicantId,
[7m   [0m [91m                   ~[0m

[96msrc/business/business.service.ts[0m:[93m237[0m:[93m15[0m - [91merror[0m[90m TS1005: [0m';' expected.

[7m237[0m         status: application.status,
[7m   [0m [91m              ~[0m

[96msrc/business/business.service.ts[0m:[93m238[0m:[93m18[0m - [91merror[0m[90m TS1005: [0m';' expected.

[7m238[0m         createdAt: application.createdAt,
[7m   [0m [91m                 ~[0m

[96msrc/business/business.service.ts[0m:[93m239[0m:[93m7[0m - [91merror[0m[90m TS1109: [0mExpression expected.

[7m239[0m       },
[7m   [0m [91m      ~[0m

[96msrc/business/business.service.ts[0m:[93m239[0m:[93m8[0m - [91merror[0m[90m TS1128: [0mDeclaration or statement expected.

[7m239[0m       },
[7m   [0m [91m       ~[0m

[[90m22:15:51[0m] Found 9 errors. Watching for file changes.

[2J[3J[H[[90m22:17:15[0m] File change detected. Starting incremental compilation...

[96msrc/auth/auth.service.ts[0m:[93m476[0m:[93m24[0m - [91merror[0m[90m TS2551: [0mProperty 'roles' does not exist on type 'Document<unknown, {}, UserDocument, {}, DefaultSchemaOptions> & User & Document<ObjectId, any, any, Record<string, any>, {}> & Required<...> & { ...; } & { ...; }'. Did you mean 'role'?

[7m476[0m         userRole: user.roles?.[0] || 'CLIENT',
[7m   [0m [91m                       ~~~~~[0m

  [96msrc/users/schemas/user.schema.ts[0m:[93m31[0m:[93m3[0m
    [7m31[0m   role: Role;
    [7m  [0m [96m  ~~~~[0m
    'role' is declared here.

[96msrc/auth/auth.service.ts[0m:[93m1539[0m:[93m23[0m - [91merror[0m[90m TS2551: [0mProperty 'roles' does not exist on type 'Document<unknown, {}, UserDocument, {}, DefaultSchemaOptions> & User & Document<ObjectId, any, any, Record<string, any>, {}> & Required<...> & { ...; } & { ...; }'. Did you mean 'role'?

[7m1539[0m       userRole: admin.roles?.[0] || admin.role || 'ADMIN',
[7m    [0m [91m                      ~~~~~[0m

  [96msrc/users/schemas/user.schema.ts[0m:[93m31[0m:[93m3[0m
    [7m31[0m   role: Role;
    [7m  [0m [96m  ~~~~[0m
    'role' is declared here.

[[90m22:17:21[0m] Found 2 errors. Watching for file changes.

[2J[3J[H[[90m22:17:36[0m] File change detected. Starting incremental compilation...

[96msrc/auth/auth.service.ts[0m:[93m476[0m:[93m24[0m - [91merror[0m[90m TS2551: [0mProperty 'roles' does not exist on type 'Document<unknown, {}, UserDocument, {}, DefaultSchemaOptions> & User & Document<ObjectId, any, any, Record<string, any>, {}> & Required<...> & { ...; } & { ...; }'. Did you mean 'role'?

[7m476[0m         userRole: user.roles?.[0] || 'CLIENT',
[7m   [0m [91m                       ~~~~~[0m

  [96msrc/users/schemas/user.schema.ts[0m:[93m31[0m:[93m3[0m
    [7m31[0m   role: Role;
    [7m  [0m [96m  ~~~~[0m
    'role' is declared here.

[96msrc/auth/auth.service.ts[0m:[93m1539[0m:[93m23[0m - [91merror[0m[90m TS2551: [0mProperty 'roles' does not exist on type 'Document<unknown, {}, UserDocument, {}, DefaultSchemaOptions> & User & Document<ObjectId, any, any, Record<string, any>, {}> & Required<...> & { ...; } & { ...; }'. Did you mean 'role'?

[7m1539[0m       userRole: admin.roles?.[0] || admin.role || 'ADMIN',
[7m    [0m [91m                      ~~~~~[0m

  [96msrc/users/schemas/user.schema.ts[0m:[93m31[0m:[93m3[0m
    [7m31[0m   role: Role;
    [7m  [0m [96m  ~~~~[0m
    'role' is declared here.

[[90m22:17:42[0m] Found 2 errors. Watching for file changes.

[2J[3J[H[[90m22:18:04[0m] File change detected. Starting incremental compilation...

[96msrc/auth/auth.service.ts[0m:[93m476[0m:[93m24[0m - [91merror[0m[90m TS2551: [0mProperty 'roles' does not exist on type 'Document<unknown, {}, UserDocument, {}, DefaultSchemaOptions> & User & Document<ObjectId, any, any, Record<string, any>, {}> & Required<...> & { ...; } & { ...; }'. Did you mean 'role'?

[7m476[0m         userRole: user.roles?.[0] || 'CLIENT',
[7m   [0m [91m                       ~~~~~[0m

  [96msrc/users/schemas/user.schema.ts[0m:[93m31[0m:[93m3[0m
    [7m31[0m   role: Role;
    [7m  [0m [96m  ~~~~[0m
    'role' is declared here.

[96msrc/auth/auth.service.ts[0m:[93m1539[0m:[93m23[0m - [91merror[0m[90m TS2551: [0mProperty 'roles' does not exist on type 'Document<unknown, {}, UserDocument, {}, DefaultSchemaOptions> & User & Document<ObjectId, any, any, Record<string, any>, {}> & Required<...> & { ...; } & { ...; }'. Did you mean 'role'?

[7m1539[0m       userRole: admin.roles?.[0] || admin.role || 'ADMIN',
[7m    [0m [91m                      ~~~~~[0m

  [96msrc/users/schemas/user.schema.ts[0m:[93m31[0m:[93m3[0m
    [7m31[0m   role: Role;
    [7m  [0m [96m  ~~~~[0m
    'role' is declared here.

[[90m22:18:11[0m] Found 2 errors. Watching for file changes.

[2J[3J[H[[90m22:19:06[0m] File change detected. Starting incremental compilation...

[96msrc/business/business.service.ts[0m:[93m209[0m:[93m11[0m - [91merror[0m[90m TS1128: [0mDeclaration or statement expected.

[7m209[0m           ? 'Business application approved successfully'
[7m   [0m [91m          ~[0m

[96msrc/business/business.service.ts[0m:[93m210[0m:[93m11[0m - [91merror[0m[90m TS1128: [0mDeclaration or statement expected.

[7m210[0m           : 'Business application has been rejected',
[7m   [0m [91m          ~[0m

[96msrc/business/business.service.ts[0m:[93m211[0m:[93m18[0m - [91merror[0m[90m TS1005: [0m';' expected.

[7m211[0m       application: {
[7m   [0m [91m                 ~[0m

[96msrc/business/business.service.ts[0m:[93m213[0m:[93m21[0m - [91merror[0m[90m TS1005: [0m';' expected.

[7m213[0m         businessName: application.businessName,
[7m   [0m [91m                    ~[0m

[96msrc/business/business.service.ts[0m:[93m214[0m:[93m20[0m - [91merror[0m[90m TS1005: [0m';' expected.

[7m214[0m         description: application.description,
[7m   [0m [91m                   ~[0m

[96msrc/business/business.service.ts[0m:[93m215[0m:[93m16[0m - [91merror[0m[90m TS1005: [0m';' expected.

[7m215[0m         website: application.website,
[7m   [0m [91m               ~[0m

[96msrc/business/business.service.ts[0m:[93m216[0m:[93m14[0m - [91merror[0m[90m TS1005: [0m';' expected.

[7m216[0m         phone: application.phone,
[7m   [0m [91m             ~[0m

[96msrc/business/business.service.ts[0m:[93m217[0m:[93m20[0m - [91merror[0m[90m TS1005: [0m';' expected.

[7m217[0m         applicantId: application.applicantId,
[7m   [0m [91m                   ~[0m

[96msrc/business/business.service.ts[0m:[93m218[0m:[93m15[0m - [91merror[0m[90m TS1005: [0m';' expected.

[7m218[0m         status: application.status,
[7m   [0m [91m              ~[0m

[96msrc/business/business.service.ts[0m:[93m219[0m:[93m18[0m - [91merror[0m[90m TS1005: [0m';' expected.

[7m219[0m         createdAt: application.createdAt,
[7m   [0m [91m                 ~[0m

[96msrc/business/business.service.ts[0m:[93m220[0m:[93m7[0m - [91merror[0m[90m TS1109: [0mExpression expected.

[7m220[0m       },
[7m   [0m [91m      ~[0m

[96msrc/business/business.service.ts[0m:[93m220[0m:[93m8[0m - [91merror[0m[90m TS1128: [0mDeclaration or statement expected.

[7m220[0m       },
[7m   [0m [91m       ~[0m

[[90m22:19:13[0m] Found 12 errors. Watching for file changes.

[2J[3J[H[[90m22:19:47[0m] File change detected. Starting incremental compilation...

[96msrc/auth/auth.service.ts[0m:[93m476[0m:[93m24[0m - [91merror[0m[90m TS2551: [0mProperty 'roles' does not exist on type 'Document<unknown, {}, UserDocument, {}, DefaultSchemaOptions> & User & Document<ObjectId, any, any, Record<string, any>, {}> & Required<...> & { ...; } & { ...; }'. Did you mean 'role'?

[7m476[0m         userRole: user.roles?.[0] || 'CLIENT',
[7m   [0m [91m                       ~~~~~[0m

  [96msrc/users/schemas/user.schema.ts[0m:[93m31[0m:[93m3[0m
    [7m31[0m   role: Role;
    [7m  [0m [96m  ~~~~[0m
    'role' is declared here.

[96msrc/auth/auth.service.ts[0m:[93m1539[0m:[93m23[0m - [91merror[0m[90m TS2551: [0mProperty 'roles' does not exist on type 'Document<unknown, {}, UserDocument, {}, DefaultSchemaOptions> & User & Document<ObjectId, any, any, Record<string, any>, {}> & Required<...> & { ...; } & { ...; }'. Did you mean 'role'?

[7m1539[0m       userRole: admin.roles?.[0] || admin.role || 'ADMIN',
[7m    [0m [91m                      ~~~~~[0m

  [96msrc/users/schemas/user.schema.ts[0m:[93m31[0m:[93m3[0m
    [7m31[0m   role: Role;
    [7m  [0m [96m  ~~~~[0m
    'role' is declared here.

[[90m22:19:52[0m] Found 2 errors. Watching for file changes.

[2J[3J[H[[90m22:20:13[0m] File change detected. Starting incremental compilation...

[96msrc/auth/auth.service.ts[0m:[93m1539[0m:[93m23[0m - [91merror[0m[90m TS2551: [0mProperty 'roles' does not exist on type 'Document<unknown, {}, UserDocument, {}, DefaultSchemaOptions> & User & Document<ObjectId, any, any, Record<string, any>, {}> & Required<...> & { ...; } & { ...; }'. Did you mean 'role'?

[7m1539[0m       userRole: admin.roles?.[0] || admin.role || 'ADMIN',
[7m    [0m [91m                      ~~~~~[0m

  [96msrc/users/schemas/user.schema.ts[0m:[93m31[0m:[93m3[0m
    [7m31[0m   role: Role;
    [7m  [0m [96m  ~~~~[0m
    'role' is declared here.

[[90m22:20:20[0m] Found 1 error. Watching for file changes.

[2J[3J[H[[90m22:20:37[0m] File change detected. Starting incremental compilation...

[[90m22:20:45[0m] Found 0 errors. Watching for file changes.

[32m[Nest] 25472  - [39m23/03/2026 22:20:48 [32m    LOG[39m [38;5;3m[NestFactory] [39m[32mStarting Nest application...[39m
[32m[Nest] 25472  - [39m23/03/2026 22:20:48 [32m    LOG[39m [38;5;3m[InstanceLoader] [39m[32mAppModule dependencies initialized[39m[38;5;3m +23ms[39m
[32m[Nest] 25472  - [39m23/03/2026 22:20:48 [32m    LOG[39m [38;5;3m[InstanceLoader] [39m[32mMongooseModule dependencies initialized[39m[38;5;3m +0ms[39m
[32m[Nest] 25472  - [39m23/03/2026 22:20:48 [32m    LOG[39m [38;5;3m[InstanceLoader] [39m[32mPassportModule dependencies initialized[39m[38;5;3m +0ms[39m
[32m[Nest] 25472  - [39m23/03/2026 22:20:48 [32m    LOG[39m [38;5;3m[InstanceLoader] [39m[32mConfigHostModule dependencies initialized[39m[38;5;3m +1ms[39m
[32m[Nest] 25472  - [39m23/03/2026 22:20:48 [32m    LOG[39m [38;5;3m[EmailService] [39m[32mEmail transporter initialized with Gmail SMTP[39m
[32m[Nest] 25472  - [39m23/03/2026 22:20:48 [32m    LOG[39m [38;5;3m[InstanceLoader] [39m[32mConfigModule dependencies initialized[39m[38;5;3m +2ms[39m
[32m[Nest] 25472  - [39m23/03/2026 22:20:48 [32m    LOG[39m [38;5;3m[InstanceLoader] [39m[32mConfigModule dependencies initialized[39m[38;5;3m +0ms[39m
[32m[Nest] 25472  - [39m23/03/2026 22:20:48 [32m    LOG[39m [38;5;3m[InstanceLoader] [39m[32mJwtModule dependencies initialized[39m[38;5;3m +63ms[39m
[32m[Nest] 25472  - [39m23/03/2026 22:20:48 [32m    LOG[39m [38;5;3m[InstanceLoader] [39m[32mEmailModule dependencies initialized[39m[38;5;3m +1ms[39m
[32m[Nest] 25472  - [39m23/03/2026 22:20:49 [32m    LOG[39m [38;5;3m[InstanceLoader] [39m[32mMongooseCoreModule dependencies initialized[39m[38;5;3m +1059ms[39m
[32m[Nest] 25472  - [39m23/03/2026 22:20:49 [32m    LOG[39m [38;5;3m[InstanceLoader] [39m[32mMongooseModule dependencies initialized[39m[38;5;3m +5ms[39m
[32m[Nest] 25472  - [39m23/03/2026 22:20:49 [32m    LOG[39m [38;5;3m[InstanceLoader] [39m[32mMongooseModule dependencies initialized[39m[38;5;3m +1ms[39m
[32m[Nest] 25472  - [39m23/03/2026 22:20:49 [32m    LOG[39m [38;5;3m[InstanceLoader] [39m[32mMongooseModule dependencies initialized[39m[38;5;3m +0ms[39m
[32m[Nest] 25472  - [39m23/03/2026 22:20:49 [32m    LOG[39m [38;5;3m[InstanceLoader] [39m[32mAuditModule dependencies initialized[39m[38;5;3m +1ms[39m
[32m[Nest] 25472  - [39m23/03/2026 22:20:49 [32m    LOG[39m [38;5;3m[InstanceLoader] [39m[32mBusinessModule dependencies initialized[39m[38;5;3m +1ms[39m
[32m[Nest] 25472  - [39m23/03/2026 22:20:49 [32m    LOG[39m [38;5;3m[InstanceLoader] [39m[32mAuthModule dependencies initialized[39m[38;5;3m +0ms[39m
[32m[Nest] 25472  - [39m23/03/2026 22:20:49 [32m    LOG[39m [38;5;3m[RoutesResolver] [39m[32mAuthController {/api/auth}:[39m[38;5;3m +41ms[39m
[32m[Nest] 25472  - [39m23/03/2026 22:20:49 [32m    LOG[39m [38;5;3m[RouterExplorer] [39m[32mMapped {/api/auth/google, GET} route[39m[38;5;3m +3ms[39m
[32m[Nest] 25472  - [39m23/03/2026 22:20:49 [32m    LOG[39m [38;5;3m[RouterExplorer] [39m[32mMapped {/api/auth/google/callback, GET} route[39m[38;5;3m +1ms[39m
[32m[Nest] 25472  - [39m23/03/2026 22:20:49 [32m    LOG[39m [38;5;3m[RouterExplorer] [39m[32mMapped {/api/auth/google/exchange, POST} route[39m[38;5;3m +0ms[39m
[32m[Nest] 25472  - [39m23/03/2026 22:20:49 [32m    LOG[39m [38;5;3m[RouterExplorer] [39m[32mMapped {/api/auth/register, POST} route[39m[38;5;3m +1ms[39m
[32m[Nest] 25472  - [39m23/03/2026 22:20:49 [32m    LOG[39m [38;5;3m[RouterExplorer] [39m[32mMapped {/api/auth/login, POST} route[39m[38;5;3m +0ms[39m
[32m[Nest] 25472  - [39m23/03/2026 22:20:49 [32m    LOG[39m [38;5;3m[RouterExplorer] [39m[32mMapped {/api/auth/2fa/setup, POST} route[39m[38;5;3m +0ms[39m
[32m[Nest] 25472  - [39m23/03/2026 22:20:49 [32m    LOG[39m [38;5;3m[RouterExplorer] [39m[32mMapped {/api/auth/2fa/verify, POST} route[39m[38;5;3m +0ms[39m
[32m[Nest] 25472  - [39m23/03/2026 22:20:49 [32m    LOG[39m [38;5;3m[RouterExplorer] [39m[32mMapped {/api/auth/2fa/disable, POST} route[39m[38;5;3m +1ms[39m
[32m[Nest] 25472  - [39m23/03/2026 22:20:49 [32m    LOG[39m [38;5;3m[RouterExplorer] [39m[32mMapped {/api/auth/2fa/login, POST} route[39m[38;5;3m +0ms[39m
[32m[Nest] 25472  - [39m23/03/2026 22:20:49 [32m    LOG[39m [38;5;3m[RouterExplorer] [39m[32mMapped {/api/auth/logout, POST} route[39m[38;5;3m +0ms[39m
[32m[Nest] 25472  - [39m23/03/2026 22:20:49 [32m    LOG[39m [38;5;3m[RouterExplorer] [39m[32mMapped {/api/auth/refresh, POST} route[39m[38;5;3m +0ms[39m
[32m[Nest] 25472  - [39m23/03/2026 22:20:49 [32m    LOG[39m [38;5;3m[RouterExplorer] [39m[32mMapped {/api/auth/forgot-password, POST} route[39m[38;5;3m +1ms[39m
[32m[Nest] 25472  - [39m23/03/2026 22:20:49 [32m    LOG[39m [38;5;3m[RouterExplorer] [39m[32mMapped {/api/auth/reset-password, POST} route[39m[38;5;3m +0ms[39m
[32m[Nest] 25472  - [39m23/03/2026 22:20:49 [32m    LOG[39m [38;5;3m[RouterExplorer] [39m[32mMapped {/api/auth/confirm-email/:token, GET} route[39m[38;5;3m +0ms[39m
[32m[Nest] 25472  - [39m23/03/2026 22:20:49 [32m    LOG[39m [38;5;3m[RouterExplorer] [39m[32mMapped {/api/auth/fetchuser, GET} route[39m[38;5;3m +0ms[39m
[32m[Nest] 25472  - [39m23/03/2026 22:20:49 [32m    LOG[39m [38;5;3m[RouterExplorer] [39m[32mMapped {/api/auth/fetchuserbyid, POST} route[39m[38;5;3m +0ms[39m
[32m[Nest] 25472  - [39m23/03/2026 22:20:49 [32m    LOG[39m [38;5;3m[RouterExplorer] [39m[32mMapped {/api/auth/update, PUT} route[39m[38;5;3m +0ms[39m
[32m[Nest] 25472  - [39m23/03/2026 22:20:49 [32m    LOG[39m [38;5;3m[RouterExplorer] [39m[32mMapped {/api/auth/update, PATCH} route[39m[38;5;3m +1ms[39m
[32m[Nest] 25472  - [39m23/03/2026 22:20:49 [32m    LOG[39m [38;5;3m[RouterExplorer] [39m[32mMapped {/api/auth/delete, DELETE} route[39m[38;5;3m +0ms[39m
[32m[Nest] 25472  - [39m23/03/2026 22:20:49 [32m    LOG[39m [38;5;3m[RouterExplorer] [39m[32mMapped {/api/auth/users/:id, DELETE} route[39m[38;5;3m +0ms[39m
[32m[Nest] 25472  - [39m23/03/2026 22:20:49 [32m    LOG[39m [38;5;3m[RouterExplorer] [39m[32mMapped {/api/auth/users, GET} route[39m[38;5;3m +0ms[39m
[32m[Nest] 25472  - [39m23/03/2026 22:20:49 [32m    LOG[39m [38;5;3m[RouterExplorer] [39m[32mMapped {/api/auth/resend-confirmation-email, POST} route[39m[38;5;3m +0ms[39m
[32m[Nest] 25472  - [39m23/03/2026 22:20:49 [32m    LOG[39m [38;5;3m[RouterExplorer] [39m[32mMapped {/api/auth/change-role, PATCH} route[39m[38;5;3m +0ms[39m
[32m[Nest] 25472  - [39m23/03/2026 22:20:49 [32m    LOG[39m [38;5;3m[RouterExplorer] [39m[32mMapped {/api/auth/users/:id/ban, PATCH} route[39m[38;5;3m +0ms[39m
[32m[Nest] 25472  - [39m23/03/2026 22:20:49 [32m    LOG[39m [38;5;3m[RouterExplorer] [39m[32mMapped {/api/auth/users/:id/unban, PATCH} route[39m[38;5;3m +1ms[39m
[32m[Nest] 25472  - [39m23/03/2026 22:20:49 [32m    LOG[39m [38;5;3m[RoutesResolver] [39m[32mBusinessController {/api/business}:[39m[38;5;3m +0ms[39m
[32m[Nest] 25472  - [39m23/03/2026 22:20:49 [32m    LOG[39m [38;5;3m[RouterExplorer] [39m[32mMapped {/api/business/apply, POST} route[39m[38;5;3m +0ms[39m
[32m[Nest] 25472  - [39m23/03/2026 22:20:49 [32m    LOG[39m [38;5;3m[RouterExplorer] [39m[32mMapped {/api/business/applications, GET} route[39m[38;5;3m +0ms[39m
[32m[Nest] 25472  - [39m23/03/2026 22:20:49 [32m    LOG[39m [38;5;3m[RouterExplorer] [39m[32mMapped {/api/business/applications/:id/review, POST} route[39m[38;5;3m +0ms[39m
[32m[Nest] 25472  - [39m23/03/2026 22:20:49 [32m    LOG[39m [38;5;3m[RouterExplorer] [39m[32mMapped {/api/business/my, GET} route[39m[38;5;3m +0ms[39m
[32m[Nest] 25472  - [39m23/03/2026 22:20:49 [32m    LOG[39m [38;5;3m[RouterExplorer] [39m[32mMapped {/api/business/all, GET} route[39m[38;5;3m +0ms[39m
[32m[Nest] 25472  - [39m23/03/2026 22:20:49 [32m    LOG[39m [38;5;3m[RouterExplorer] [39m[32mMapped {/api/business/:id/tenant/metadata, GET} route[39m[38;5;3m +1ms[39m
[32m[Nest] 25472  - [39m23/03/2026 22:20:49 [32m    LOG[39m [38;5;3m[RouterExplorer] [39m[32mMapped {/api/business/:id, GET} route[39m[38;5;3m +0ms[39m
[32m[Nest] 25472  - [39m23/03/2026 22:20:49 [32m    LOG[39m [38;5;3m[RouterExplorer] [39m[32mMapped {/api/business/:id, PUT} route[39m[38;5;3m +0ms[39m
[32m[Nest] 25472  - [39m23/03/2026 22:20:49 [32m    LOG[39m [38;5;3m[RouterExplorer] [39m[32mMapped {/api/business/:id, DELETE} route[39m[38;5;3m +0ms[39m
[32m[Nest] 25472  - [39m23/03/2026 22:20:49 [32m    LOG[39m [38;5;3m[RouterExplorer] [39m[32mMapped {/api/business/:id/users, POST} route[39m[38;5;3m +0ms[39m
[32m[Nest] 25472  - [39m23/03/2026 22:20:49 [32m    LOG[39m [38;5;3m[RouterExplorer] [39m[32mMapped {/api/business/:id/users/:userId, DELETE} route[39m[38;5;3m +0ms[39m
[32m[Nest] 25472  - [39m23/03/2026 22:20:49 [32m    LOG[39m [38;5;3m[RoutesResolver] [39m[32mEmailController {/api/email}:[39m[38;5;3m +0ms[39m
[32m[Nest] 25472  - [39m23/03/2026 22:20:49 [32m    LOG[39m [38;5;3m[RouterExplorer] [39m[32mMapped {/api/email/send, POST} route[39m[38;5;3m +0ms[39m
[32m[Nest] 25472  - [39m23/03/2026 22:20:49 [32m    LOG[39m [38;5;3m[RouterExplorer] [39m[32mMapped {/api/email/test, POST} route[39m[38;5;3m +1ms[39m
[32m[Nest] 25472  - [39m23/03/2026 22:20:49 [32m    LOG[39m [38;5;3m[RoutesResolver] [39m[32mAuditController {/api/audit}:[39m[38;5;3m +0ms[39m
[32m[Nest] 25472  - [39m23/03/2026 22:20:49 [32m    LOG[39m [38;5;3m[RouterExplorer] [39m[32mMapped {/api/audit, GET} route[39m[38;5;3m +0ms[39m
[32m[Nest] 25472  - [39m23/03/2026 22:20:49 [32m    LOG[39m [38;5;3m[NestApplication] [39m[32mNest application successfully started[39m[38;5;3m +2ms[39m
🚀 API running on http://localhost:4790/api/docs
[2J[3J[H[[90m22:21:25[0m] File change detected. Starting incremental compilation...

[[90m22:21:34[0m] Found 0 errors. Watching for file changes.

[32m[Nest] 31112  - [39m23/03/2026 22:21:37 [32m    LOG[39m [38;5;3m[NestFactory] [39m[32mStarting Nest application...[39m
[32m[Nest] 31112  - [39m23/03/2026 22:21:37 [32m    LOG[39m [38;5;3m[InstanceLoader] [39m[32mAppModule dependencies initialized[39m[38;5;3m +16ms[39m
[32m[Nest] 31112  - [39m23/03/2026 22:21:37 [32m    LOG[39m [38;5;3m[InstanceLoader] [39m[32mMongooseModule dependencies initialized[39m[38;5;3m +0ms[39m
[32m[Nest] 31112  - [39m23/03/2026 22:21:37 [32m    LOG[39m [38;5;3m[InstanceLoader] [39m[32mPassportModule dependencies initialized[39m[38;5;3m +1ms[39m
[32m[Nest] 31112  - [39m23/03/2026 22:21:37 [32m    LOG[39m [38;5;3m[InstanceLoader] [39m[32mConfigHostModule dependencies initialized[39m[38;5;3m +0ms[39m
[32m[Nest] 31112  - [39m23/03/2026 22:21:37 [32m    LOG[39m [38;5;3m[EmailService] [39m[32mEmail transporter initialized with Gmail SMTP[39m
[32m[Nest] 31112  - [39m23/03/2026 22:21:37 [32m    LOG[39m [38;5;3m[InstanceLoader] [39m[32mConfigModule dependencies initialized[39m[38;5;3m +1ms[39m
[32m[Nest] 31112  - [39m23/03/2026 22:21:37 [32m    LOG[39m [38;5;3m[InstanceLoader] [39m[32mConfigModule dependencies initialized[39m[38;5;3m +0ms[39m
[32m[Nest] 31112  - [39m23/03/2026 22:21:37 [32m    LOG[39m [38;5;3m[InstanceLoader] [39m[32mJwtModule dependencies initialized[39m[38;5;3m +15ms[39m
[32m[Nest] 31112  - [39m23/03/2026 22:21:37 [32m    LOG[39m [38;5;3m[InstanceLoader] [39m[32mEmailModule dependencies initialized[39m[38;5;3m +1ms[39m
[32m[Nest] 31112  - [39m23/03/2026 22:21:39 [32m    LOG[39m [38;5;3m[InstanceLoader] [39m[32mMongooseCoreModule dependencies initialized[39m[38;5;3m +1438ms[39m
[32m[Nest] 31112  - [39m23/03/2026 22:21:39 [32m    LOG[39m [38;5;3m[InstanceLoader] [39m[32mMongooseModule dependencies initialized[39m[38;5;3m +5ms[39m
[32m[Nest] 31112  - [39m23/03/2026 22:21:39 [32m    LOG[39m [38;5;3m[InstanceLoader] [39m[32mMongooseModule dependencies initialized[39m[38;5;3m +0ms[39m
[32m[Nest] 31112  - [39m23/03/2026 22:21:39 [32m    LOG[39m [38;5;3m[InstanceLoader] [39m[32mMongooseModule dependencies initialized[39m[38;5;3m +0ms[39m
[32m[Nest] 31112  - [39m23/03/2026 22:21:39 [32m    LOG[39m [38;5;3m[InstanceLoader] [39m[32mAuditModule dependencies initialized[39m[38;5;3m +1ms[39m
[32m[Nest] 31112  - [39m23/03/2026 22:21:39 [32m    LOG[39m [38;5;3m[InstanceLoader] [39m[32mBusinessModule dependencies initialized[39m[38;5;3m +1ms[39m
[32m[Nest] 31112  - [39m23/03/2026 22:21:39 [32m    LOG[39m [38;5;3m[InstanceLoader] [39m[32mAuthModule dependencies initialized[39m[38;5;3m +0ms[39m
[32m[Nest] 31112  - [39m23/03/2026 22:21:39 [32m    LOG[39m [38;5;3m[RoutesResolver] [39m[32mAuthController {/api/auth}:[39m[38;5;3m +47ms[39m
[32m[Nest] 31112  - [39m23/03/2026 22:21:39 [32m    LOG[39m [38;5;3m[RouterExplorer] [39m[32mMapped {/api/auth/google, GET} route[39m[38;5;3m +3ms[39m
[32m[Nest] 31112  - [39m23/03/2026 22:21:39 [32m    LOG[39m [38;5;3m[RouterExplorer] [39m[32mMapped {/api/auth/google/callback, GET} route[39m[38;5;3m +1ms[39m
[32m[Nest] 31112  - [39m23/03/2026 22:21:39 [32m    LOG[39m [38;5;3m[RouterExplorer] [39m[32mMapped {/api/auth/google/exchange, POST} route[39m[38;5;3m +1ms[39m
[32m[Nest] 31112  - [39m23/03/2026 22:21:39 [32m    LOG[39m [38;5;3m[RouterExplorer] [39m[32mMapped {/api/auth/register, POST} route[39m[38;5;3m +0ms[39m
[32m[Nest] 31112  - [39m23/03/2026 22:21:39 [32m    LOG[39m [38;5;3m[RouterExplorer] [39m[32mMapped {/api/auth/login, POST} route[39m[38;5;3m +0ms[39m
[32m[Nest] 31112  - [39m23/03/2026 22:21:39 [32m    LOG[39m [38;5;3m[RouterExplorer] [39m[32mMapped {/api/auth/2fa/setup, POST} route[39m[38;5;3m +0ms[39m
[32m[Nest] 31112  - [39m23/03/2026 22:21:39 [32m    LOG[39m [38;5;3m[RouterExplorer] [39m[32mMapped {/api/auth/2fa/verify, POST} route[39m[38;5;3m +1ms[39m
[32m[Nest] 31112  - [39m23/03/2026 22:21:39 [32m    LOG[39m [38;5;3m[RouterExplorer] [39m[32mMapped {/api/auth/2fa/disable, POST} route[39m[38;5;3m +0ms[39m
[32m[Nest] 31112  - [39m23/03/2026 22:21:39 [32m    LOG[39m [38;5;3m[RouterExplorer] [39m[32mMapped {/api/auth/2fa/login, POST} route[39m[38;5;3m +0ms[39m
[32m[Nest] 31112  - [39m23/03/2026 22:21:39 [32m    LOG[39m [38;5;3m[RouterExplorer] [39m[32mMapped {/api/auth/logout, POST} route[39m[38;5;3m +0ms[39m
[32m[Nest] 31112  - [39m23/03/2026 22:21:39 [32m    LOG[39m [38;5;3m[RouterExplorer] [39m[32mMapped {/api/auth/refresh, POST} route[39m[38;5;3m +1ms[39m
[32m[Nest] 31112  - [39m23/03/2026 22:21:39 [32m    LOG[39m [38;5;3m[RouterExplorer] [39m[32mMapped {/api/auth/forgot-password, POST} route[39m[38;5;3m +0ms[39m
[32m[Nest] 31112  - [39m23/03/2026 22:21:39 [32m    LOG[39m [38;5;3m[RouterExplorer] [39m[32mMapped {/api/auth/reset-password, POST} route[39m[38;5;3m +0ms[39m
[32m[Nest] 31112  - [39m23/03/2026 22:21:39 [32m    LOG[39m [38;5;3m[RouterExplorer] [39m[32mMapped {/api/auth/confirm-email/:token, GET} route[39m[38;5;3m +0ms[39m
[32m[Nest] 31112  - [39m23/03/2026 22:21:39 [32m    LOG[39m [38;5;3m[RouterExplorer] [39m[32mMapped {/api/auth/fetchuser, GET} route[39m[38;5;3m +0ms[39m
[32m[Nest] 31112  - [39m23/03/2026 22:21:39 [32m    LOG[39m [38;5;3m[RouterExplorer] [39m[32mMapped {/api/auth/fetchuserbyid, POST} route[39m[38;5;3m +1ms[39m
[32m[Nest] 31112  - [39m23/03/2026 22:21:39 [32m    LOG[39m [38;5;3m[RouterExplorer] [39m[32mMapped {/api/auth/update, PUT} route[39m[38;5;3m +0ms[39m
[32m[Nest] 31112  - [39m23/03/2026 22:21:39 [32m    LOG[39m [38;5;3m[RouterExplorer] [39m[32mMapped {/api/auth/update, PATCH} route[39m[38;5;3m +0ms[39m
[32m[Nest] 31112  - [39m23/03/2026 22:21:39 [32m    LOG[39m [38;5;3m[RouterExplorer] [39m[32mMapped {/api/auth/delete, DELETE} route[39m[38;5;3m +0ms[39m
[32m[Nest] 31112  - [39m23/03/2026 22:21:39 [32m    LOG[39m [38;5;3m[RouterExplorer] [39m[32mMapped {/api/auth/users/:id, DELETE} route[39m[38;5;3m +0ms[39m
[32m[Nest] 31112  - [39m23/03/2026 22:21:39 [32m    LOG[39m [38;5;3m[RouterExplorer] [39m[32mMapped {/api/auth/users, GET} route[39m[38;5;3m +0ms[39m
[32m[Nest] 31112  - [39m23/03/2026 22:21:39 [32m    LOG[39m [38;5;3m[RouterExplorer] [39m[32mMapped {/api/auth/resend-confirmation-email, POST} route[39m[38;5;3m +0ms[39m
[32m[Nest] 31112  - [39m23/03/2026 22:21:39 [32m    LOG[39m [38;5;3m[RouterExplorer] [39m[32mMapped {/api/auth/change-role, PATCH} route[39m[38;5;3m +1ms[39m
[32m[Nest] 31112  - [39m23/03/2026 22:21:39 [32m    LOG[39m [38;5;3m[RouterExplorer] [39m[32mMapped {/api/auth/users/:id/ban, PATCH} route[39m[38;5;3m +0ms[39m
[32m[Nest] 31112  - [39m23/03/2026 22:21:39 [32m    LOG[39m [38;5;3m[RouterExplorer] [39m[32mMapped {/api/auth/users/:id/unban, PATCH} route[39m[38;5;3m +0ms[39m
[32m[Nest] 31112  - [39m23/03/2026 22:21:39 [32m    LOG[39m [38;5;3m[RoutesResolver] [39m[32mBusinessController {/api/business}:[39m[38;5;3m +0ms[39m
[32m[Nest] 31112  - [39m23/03/2026 22:21:39 [32m    LOG[39m [38;5;3m[RouterExplorer] [39m[32mMapped {/api/business/apply, POST} route[39m[38;5;3m +0ms[39m
[32m[Nest] 31112  - [39m23/03/2026 22:21:39 [32m    LOG[39m [38;5;3m[RouterExplorer] [39m[32mMapped {/api/business/applications, GET} route[39m[38;5;3m +0ms[39m
[32m[Nest] 31112  - [39m23/03/2026 22:21:39 [32m    LOG[39m [38;5;3m[RouterExplorer] [39m[32mMapped {/api/business/applications/:id/review, POST} route[39m[38;5;3m +0ms[39m
[32m[Nest] 31112  - [39m23/03/2026 22:21:39 [32m    LOG[39m [38;5;3m[RouterExplorer] [39m[32mMapped {/api/business/my, GET} route[39m[38;5;3m +1ms[39m
[32m[Nest] 31112  - [39m23/03/2026 22:21:39 [32m    LOG[39m [38;5;3m[RouterExplorer] [39m[32mMapped {/api/business/all, GET} route[39m[38;5;3m +0ms[39m
[32m[Nest] 31112  - [39m23/03/2026 22:21:39 [32m    LOG[39m [38;5;3m[RouterExplorer] [39m[32mMapped {/api/business/:id/tenant/metadata, GET} route[39m[38;5;3m +0ms[39m
[32m[Nest] 31112  - [39m23/03/2026 22:21:39 [32m    LOG[39m [38;5;3m[RouterExplorer] [39m[32mMapped {/api/business/:id, GET} route[39m[38;5;3m +0ms[39m
[32m[Nest] 31112  - [39m23/03/2026 22:21:39 [32m    LOG[39m [38;5;3m[RouterExplorer] [39m[32mMapped {/api/business/:id, PUT} route[39m[38;5;3m +0ms[39m
[32m[Nest] 31112  - [39m23/03/2026 22:21:39 [32m    LOG[39m [38;5;3m[RouterExplorer] [39m[32mMapped {/api/business/:id, DELETE} route[39m[38;5;3m +0ms[39m
[32m[Nest] 31112  - [39m23/03/2026 22:21:39 [32m    LOG[39m [38;5;3m[RouterExplorer] [39m[32mMapped {/api/business/:id/users, POST} route[39m[38;5;3m +0ms[39m
[32m[Nest] 31112  - [39m23/03/2026 22:21:39 [32m    LOG[39m [38;5;3m[RouterExplorer] [39m[32mMapped {/api/business/:id/users/:userId, DELETE} route[39m[38;5;3m +0ms[39m
[32m[Nest] 31112  - [39m23/03/2026 22:21:39 [32m    LOG[39m [38;5;3m[RoutesResolver] [39m[32mEmailController {/api/email}:[39m[38;5;3m +1ms[39m
[32m[Nest] 31112  - [39m23/03/2026 22:21:39 [32m    LOG[39m [38;5;3m[RouterExplorer] [39m[32mMapped {/api/email/send, POST} route[39m[38;5;3m +0ms[39m
[32m[Nest] 31112  - [39m23/03/2026 22:21:39 [32m    LOG[39m [38;5;3m[RouterExplorer] [39m[32mMapped {/api/email/test, POST} route[39m[38;5;3m +0ms[39m
[32m[Nest] 31112  - [39m23/03/2026 22:21:39 [32m    LOG[39m [38;5;3m[RoutesResolver] [39m[32mAuditController {/api/audit}:[39m[38;5;3m +0ms[39m
[32m[Nest] 31112  - [39m23/03/2026 22:21:39 [32m    LOG[39m [38;5;3m[RouterExplorer] [39m[32mMapped {/api/audit, GET} route[39m[38;5;3m +0ms[39m
[32m[Nest] 31112  - [39m23/03/2026 22:21:39 [32m    LOG[39m [38;5;3m[NestApplication] [39m[32mNest application successfully started[39m[38;5;3m +3ms[39m
🚀 API running on http://localhost:4790/api/docs
[2J[3J[H[[90m22:21:52[0m] File change detected. Starting incremental compilation...

[[90m22:21:59[0m] Found 0 errors. Watching for file changes.

[32m[Nest] 18412  - [39m23/03/2026 22:22:03 [32m    LOG[39m [38;5;3m[NestFactory] [39m[32mStarting Nest application...[39m
[32m[Nest] 18412  - [39m23/03/2026 22:22:03 [32m    LOG[39m [38;5;3m[InstanceLoader] [39m[32mAppModule dependencies initialized[39m[38;5;3m +34ms[39m
[32m[Nest] 18412  - [39m23/03/2026 22:22:03 [32m    LOG[39m [38;5;3m[InstanceLoader] [39m[32mMongooseModule dependencies initialized[39m[38;5;3m +0ms[39m
[32m[Nest] 18412  - [39m23/03/2026 22:22:03 [32m    LOG[39m [38;5;3m[InstanceLoader] [39m[32mPassportModule dependencies initialized[39m[38;5;3m +0ms[39m
[32m[Nest] 18412  - [39m23/03/2026 22:22:03 [32m    LOG[39m [38;5;3m[InstanceLoader] [39m[32mConfigHostModule dependencies initialized[39m[38;5;3m +1ms[39m
[32m[Nest] 18412  - [39m23/03/2026 22:22:03 [32m    LOG[39m [38;5;3m[EmailService] [39m[32mEmail transporter initialized with Gmail SMTP[39m
[32m[Nest] 18412  - [39m23/03/2026 22:22:03 [32m    LOG[39m [38;5;3m[InstanceLoader] [39m[32mConfigModule dependencies initialized[39m[38;5;3m +1ms[39m
[32m[Nest] 18412  - [39m23/03/2026 22:22:03 [32m    LOG[39m [38;5;3m[InstanceLoader] [39m[32mConfigModule dependencies initialized[39m[38;5;3m +0ms[39m
[32m[Nest] 18412  - [39m23/03/2026 22:22:03 [32m    LOG[39m [38;5;3m[InstanceLoader] [39m[32mJwtModule dependencies initialized[39m[38;5;3m +16ms[39m
[32m[Nest] 18412  - [39m23/03/2026 22:22:03 [32m    LOG[39m [38;5;3m[InstanceLoader] [39m[32mEmailModule dependencies initialized[39m[38;5;3m +1ms[39m
[32m[Nest] 18412  - [39m23/03/2026 22:22:09 [32m    LOG[39m [38;5;3m[InstanceLoader] [39m[32mMongooseCoreModule dependencies initialized[39m[38;5;3m +6457ms[39m
[32m[Nest] 18412  - [39m23/03/2026 22:22:09 [32m    LOG[39m [38;5;3m[InstanceLoader] [39m[32mMongooseModule dependencies initialized[39m[38;5;3m +5ms[39m
[32m[Nest] 18412  - [39m23/03/2026 22:22:09 [32m    LOG[39m [38;5;3m[InstanceLoader] [39m[32mMongooseModule dependencies initialized[39m[38;5;3m +0ms[39m
[32m[Nest] 18412  - [39m23/03/2026 22:22:09 [32m    LOG[39m [38;5;3m[InstanceLoader] [39m[32mMongooseModule dependencies initialized[39m[38;5;3m +0ms[39m
[32m[Nest] 18412  - [39m23/03/2026 22:22:09 [32m    LOG[39m [38;5;3m[InstanceLoader] [39m[32mAuditModule dependencies initialized[39m[38;5;3m +1ms[39m
[32m[Nest] 18412  - [39m23/03/2026 22:22:09 [32m    LOG[39m [38;5;3m[InstanceLoader] [39m[32mBusinessModule dependencies initialized[39m[38;5;3m +1ms[39m
[32m[Nest] 18412  - [39m23/03/2026 22:22:09 [32m    LOG[39m [38;5;3m[InstanceLoader] [39m[32mAuthModule dependencies initialized[39m[38;5;3m +0ms[39m
[32m[Nest] 18412  - [39m23/03/2026 22:22:09 [32m    LOG[39m [38;5;3m[RoutesResolver] [39m[32mAuthController {/api/auth}:[39m[38;5;3m +35ms[39m
[32m[Nest] 18412  - [39m23/03/2026 22:22:09 [32m    LOG[39m [38;5;3m[RouterExplorer] [39m[32mMapped {/api/auth/google, GET} route[39m[38;5;3m +3ms[39m
[32m[Nest] 18412  - [39m23/03/2026 22:22:09 [32m    LOG[39m [38;5;3m[RouterExplorer] [39m[32mMapped {/api/auth/google/callback, GET} route[39m[38;5;3m +0ms[39m
[32m[Nest] 18412  - [39m23/03/2026 22:22:09 [32m    LOG[39m [38;5;3m[RouterExplorer] [39m[32mMapped {/api/auth/google/exchange, POST} route[39m[38;5;3m +1ms[39m
[32m[Nest] 18412  - [39m23/03/2026 22:22:09 [32m    LOG[39m [38;5;3m[RouterExplorer] [39m[32mMapped {/api/auth/register, POST} route[39m[38;5;3m +0ms[39m
[32m[Nest] 18412  - [39m23/03/2026 22:22:09 [32m    LOG[39m [38;5;3m[RouterExplorer] [39m[32mMapped {/api/auth/login, POST} route[39m[38;5;3m +0ms[39m
[32m[Nest] 18412  - [39m23/03/2026 22:22:09 [32m    LOG[39m [38;5;3m[RouterExplorer] [39m[32mMapped {/api/auth/2fa/setup, POST} route[39m[38;5;3m +0ms[39m
[32m[Nest] 18412  - [39m23/03/2026 22:22:09 [32m    LOG[39m [38;5;3m[RouterExplorer] [39m[32mMapped {/api/auth/2fa/verify, POST} route[39m[38;5;3m +0ms[39m
[32m[Nest] 18412  - [39m23/03/2026 22:22:09 [32m    LOG[39m [38;5;3m[RouterExplorer] [39m[32mMapped {/api/auth/2fa/disable, POST} route[39m[38;5;3m +1ms[39m
[32m[Nest] 18412  - [39m23/03/2026 22:22:09 [32m    LOG[39m [38;5;3m[RouterExplorer] [39m[32mMapped {/api/auth/2fa/login, POST} route[39m[38;5;3m +0ms[39m
[32m[Nest] 18412  - [39m23/03/2026 22:22:09 [32m    LOG[39m [38;5;3m[RouterExplorer] [39m[32mMapped {/api/auth/logout, POST} route[39m[38;5;3m +0ms[39m
[32m[Nest] 18412  - [39m23/03/2026 22:22:09 [32m    LOG[39m [38;5;3m[RouterExplorer] [39m[32mMapped {/api/auth/refresh, POST} route[39m[38;5;3m +0ms[39m
[32m[Nest] 18412  - [39m23/03/2026 22:22:09 [32m    LOG[39m [38;5;3m[RouterExplorer] [39m[32mMapped {/api/auth/forgot-password, POST} route[39m[38;5;3m +1ms[39m
[32m[Nest] 18412  - [39m23/03/2026 22:22:09 [32m    LOG[39m [38;5;3m[RouterExplorer] [39m[32mMapped {/api/auth/reset-password, POST} route[39m[38;5;3m +0ms[39m
[32m[Nest] 18412  - [39m23/03/2026 22:22:09 [32m    LOG[39m [38;5;3m[RouterExplorer] [39m[32mMapped {/api/auth/confirm-email/:token, GET} route[39m[38;5;3m +0ms[39m
[32m[Nest] 18412  - [39m23/03/2026 22:22:09 [32m    LOG[39m [38;5;3m[RouterExplorer] [39m[32mMapped {/api/auth/fetchuser, GET} route[39m[38;5;3m +0ms[39m
[32m[Nest] 18412  - [39m23/03/2026 22:22:09 [32m    LOG[39m [38;5;3m[RouterExplorer] [39m[32mMapped {/api/auth/fetchuserbyid, POST} route[39m[38;5;3m +0ms[39m
[32m[Nest] 18412  - [39m23/03/2026 22:22:09 [32m    LOG[39m [38;5;3m[RouterExplorer] [39m[32mMapped {/api/auth/update, PUT} route[39m[38;5;3m +0ms[39m
[32m[Nest] 18412  - [39m23/03/2026 22:22:09 [32m    LOG[39m [38;5;3m[RouterExplorer] [39m[32mMapped {/api/auth/update, PATCH} route[39m[38;5;3m +1ms[39m
[32m[Nest] 18412  - [39m23/03/2026 22:22:09 [32m    LOG[39m [38;5;3m[RouterExplorer] [39m[32mMapped {/api/auth/delete, DELETE} route[39m[38;5;3m +0ms[39m
[32m[Nest] 18412  - [39m23/03/2026 22:22:09 [32m    LOG[39m [38;5;3m[RouterExplorer] [39m[32mMapped {/api/auth/users/:id, DELETE} route[39m[38;5;3m +0ms[39m
[32m[Nest] 18412  - [39m23/03/2026 22:22:09 [32m    LOG[39m [38;5;3m[RouterExplorer] [39m[32mMapped {/api/auth/users, GET} route[39m[38;5;3m +0ms[39m
[32m[Nest] 18412  - [39m23/03/2026 22:22:09 [32m    LOG[39m [38;5;3m[RouterExplorer] [39m[32mMapped {/api/auth/resend-confirmation-email, POST} route[39m[38;5;3m +0ms[39m
[32m[Nest] 18412  - [39m23/03/2026 22:22:09 [32m    LOG[39m [38;5;3m[RouterExplorer] [39m[32mMapped {/api/auth/change-role, PATCH} route[39m[38;5;3m +0ms[39m
[32m[Nest] 18412  - [39m23/03/2026 22:22:09 [32m    LOG[39m [38;5;3m[RouterExplorer] [39m[32mMapped {/api/auth/users/:id/ban, PATCH} route[39m[38;5;3m +0ms[39m
[32m[Nest] 18412  - [39m23/03/2026 22:22:09 [32m    LOG[39m [38;5;3m[RouterExplorer] [39m[32mMapped {/api/auth/users/:id/unban, PATCH} route[39m[38;5;3m +1ms[39m
[32m[Nest] 18412  - [39m23/03/2026 22:22:09 [32m    LOG[39m [38;5;3m[RoutesResolver] [39m[32mBusinessController {/api/business}:[39m[38;5;3m +0ms[39m
[32m[Nest] 18412  - [39m23/03/2026 22:22:09 [32m    LOG[39m [38;5;3m[RouterExplorer] [39m[32mMapped {/api/business/apply, POST} route[39m[38;5;3m +0ms[39m
[32m[Nest] 18412  - [39m23/03/2026 22:22:09 [32m    LOG[39m [38;5;3m[RouterExplorer] [39m[32mMapped {/api/business/applications, GET} route[39m[38;5;3m +0ms[39m
[32m[Nest] 18412  - [39m23/03/2026 22:22:09 [32m    LOG[39m [38;5;3m[RouterExplorer] [39m[32mMapped {/api/business/applications/:id/review, POST} route[39m[38;5;3m +0ms[39m
[32m[Nest] 18412  - [39m23/03/2026 22:22:09 [32m    LOG[39m [38;5;3m[RouterExplorer] [39m[32mMapped {/api/business/my, GET} route[39m[38;5;3m +0ms[39m
[32m[Nest] 18412  - [39m23/03/2026 22:22:09 [32m    LOG[39m [38;5;3m[RouterExplorer] [39m[32mMapped {/api/business/all, GET} route[39m[38;5;3m +1ms[39m
[32m[Nest] 18412  - [39m23/03/2026 22:22:09 [32m    LOG[39m [38;5;3m[RouterExplorer] [39m[32mMapped {/api/business/:id/tenant/metadata, GET} route[39m[38;5;3m +0ms[39m
[32m[Nest] 18412  - [39m23/03/2026 22:22:09 [32m    LOG[39m [38;5;3m[RouterExplorer] [39m[32mMapped {/api/business/:id, GET} route[39m[38;5;3m +0ms[39m
[32m[Nest] 18412  - [39m23/03/2026 22:22:09 [32m    LOG[39m [38;5;3m[RouterExplorer] [39m[32mMapped {/api/business/:id, PUT} route[39m[38;5;3m +1ms[39m
[32m[Nest] 18412  - [39m23/03/2026 22:22:09 [32m    LOG[39m [38;5;3m[RouterExplorer] [39m[32mMapped {/api/business/:id, DELETE} route[39m[38;5;3m +0ms[39m
[32m[Nest] 18412  - [39m23/03/2026 22:22:09 [32m    LOG[39m [38;5;3m[RouterExplorer] [39m[32mMapped {/api/business/:id/users, POST} route[39m[38;5;3m +0ms[39m
[32m[Nest] 18412  - [39m23/03/2026 22:22:09 [32m    LOG[39m [38;5;3m[RouterExplorer] [39m[32mMapped {/api/business/:id/users/:userId, DELETE} route[39m[38;5;3m +0ms[39m
[32m[Nest] 18412  - [39m23/03/2026 22:22:09 [32m    LOG[39m [38;5;3m[RoutesResolver] [39m[32mEmailController {/api/email}:[39m[38;5;3m +0ms[39m
[32m[Nest] 18412  - [39m23/03/2026 22:22:09 [32m    LOG[39m [38;5;3m[RouterExplorer] [39m[32mMapped {/api/email/send, POST} route[39m[38;5;3m +0ms[39m
[32m[Nest] 18412  - [39m23/03/2026 22:22:09 [32m    LOG[39m [38;5;3m[RouterExplorer] [39m[32mMapped {/api/email/test, POST} route[39m[38;5;3m +1ms[39m
[32m[Nest] 18412  - [39m23/03/2026 22:22:09 [32m    LOG[39m [38;5;3m[RoutesResolver] [39m[32mAuditController {/api/audit}:[39m[38;5;3m +0ms[39m
[32m[Nest] 18412  - [39m23/03/2026 22:22:09 [32m    LOG[39m [38;5;3m[RouterExplorer] [39m[32mMapped {/api/audit, GET} route[39m[38;5;3m +0ms[39m
[32m[Nest] 18412  - [39m23/03/2026 22:22:09 [32m    LOG[39m [38;5;3m[NestApplication] [39m[32mNest application successfully started[39m[38;5;3m +2ms[39m
🚀 API running on http://localhost:4790/api/docs
[2J[3J[H[[90m22:22:38[0m] File change detected. Starting incremental compilation...

[96msrc/business/business.service.ts[0m:[93m209[0m:[93m11[0m - [91merror[0m[90m TS1128: [0mDeclaration or statement expected.

[7m209[0m           ? 'Business application approved successfully'
[7m   [0m [91m          ~[0m

[96msrc/business/business.service.ts[0m:[93m210[0m:[93m11[0m - [91merror[0m[90m TS1128: [0mDeclaration or statement expected.

[7m210[0m           : 'Business application has been rejected',
[7m   [0m [91m          ~[0m

[96msrc/business/business.service.ts[0m:[93m211[0m:[93m18[0m - [91merror[0m[90m TS1005: [0m';' expected.

[7m211[0m       application: {
[7m   [0m [91m                 ~[0m

[96msrc/business/business.service.ts[0m:[93m213[0m:[93m21[0m - [91merror[0m[90m TS1005: [0m';' expected.

[7m213[0m         businessName: application.businessName,
[7m   [0m [91m                    ~[0m

[96msrc/business/business.service.ts[0m:[93m214[0m:[93m20[0m - [91merror[0m[90m TS1005: [0m';' expected.

[7m214[0m         description: application.description,
[7m   [0m [91m                   ~[0m

[96msrc/business/business.service.ts[0m:[93m215[0m:[93m16[0m - [91merror[0m[90m TS1005: [0m';' expected.

[7m215[0m         website: application.website,
[7m   [0m [91m               ~[0m

[96msrc/business/business.service.ts[0m:[93m216[0m:[93m14[0m - [91merror[0m[90m TS1005: [0m';' expected.

[7m216[0m         phone: application.phone,
[7m   [0m [91m             ~[0m

[96msrc/business/business.service.ts[0m:[93m217[0m:[93m20[0m - [91merror[0m[90m TS1005: [0m';' expected.

[7m217[0m         applicantId: application.applicantId,
[7m   [0m [91m                   ~[0m

[96msrc/business/business.service.ts[0m:[93m218[0m:[93m15[0m - [91merror[0m[90m TS1005: [0m';' expected.

[7m218[0m         status: application.status,
[7m   [0m [91m              ~[0m

[96msrc/business/business.service.ts[0m:[93m219[0m:[93m18[0m - [91merror[0m[90m TS1005: [0m';' expected.

[7m219[0m         createdAt: application.createdAt,
[7m   [0m [91m                 ~[0m

[96msrc/business/business.service.ts[0m:[93m220[0m:[93m7[0m - [91merror[0m[90m TS1109: [0mExpression expected.

[7m220[0m       },
[7m   [0m [91m      ~[0m

[96msrc/business/business.service.ts[0m:[93m220[0m:[93m8[0m - [91merror[0m[90m TS1128: [0mDeclaration or statement expected.

[7m220[0m       },
[7m   [0m [91m       ~[0m

[[90m22:22:44[0m] Found 12 errors. Watching for file changes.

[2J[3J[H[[90m22:33:02[0m] File change detected. Starting incremental compilation...

[[90m22:33:15[0m] Found 0 errors. Watching for file changes.

node:internal/modules/cjs/loader:1386
  throw err;
  ^

Error: Cannot find module 'C:\Users\Asus\Desktop\accountia-api\dist\main'
    at Function._resolveFilename (node:internal/modules/cjs/loader:1383:15)
    at defaultResolveImpl (node:internal/modules/cjs/loader:1025:19)
    at resolveForCJSWithHooks (node:internal/modules/cjs/loader:1030:22)
    at Function._load (node:internal/modules/cjs/loader:1192:37)
    at TracingChannel.traceSync (node:diagnostics_channel:322:14)
    at wrapModuleLoad (node:internal/modules/cjs/loader:237:24)
    at Function.executeUserEntryPoint [as runMain] (node:internal/modules/run_main:171:5)
    at node:internal/main/run_main_module:36:49 {
  code: 'MODULE_NOT_FOUND',
  requireStack: []
}

Node.js v22.19.0
[2J[3J[H[[90m22:39:49[0m] File change detected. Starting incremental compilation...

[96msrc/business/business.service.ts[0m:[93m182[0m:[93m12[0m - [91merror[0m[90m TS2339: [0mProperty 'auditService' does not exist on type 'BusinessService'.

[7m182[0m       this.auditService.logAction({
[7m   [0m [91m           ~~~~~~~~~~~~[0m

[96msrc/business/business.service.ts[0m:[93m183[0m:[93m17[0m - [91merror[0m[90m TS2304: [0mCannot find name 'AuditAction'.

[7m183[0m         action: AuditAction.APPROVE_BUSINESS,
[7m   [0m [91m                ~~~~~~~~~~~[0m

[96msrc/business/business.service.ts[0m:[93m199[0m:[93m12[0m - [91merror[0m[90m TS2339: [0mProperty 'auditService' does not exist on type 'BusinessService'.

[7m199[0m       this.auditService.logAction({
[7m   [0m [91m           ~~~~~~~~~~~~[0m

[96msrc/business/business.service.ts[0m:[93m200[0m:[93m17[0m - [91merror[0m[90m TS2304: [0mCannot find name 'AuditAction'.

[7m200[0m         action: AuditAction.REJECT_BUSINESS,
[7m   [0m [91m                ~~~~~~~~~~~[0m

[[90m22:39:55[0m] Found 4 errors. Watching for file changes.

[2J[3J[H[[90m22:45:27[0m] File change detected. Starting incremental compilation...

[[90m22:45:35[0m] Found 0 errors. Watching for file changes.

[32m[Nest] 33760  - [39m23/03/2026 22:45:41 [32m    LOG[39m [38;5;3m[NestFactory] [39m[32mStarting Nest application...[39m
[32m[Nest] 33760  - [39m23/03/2026 22:45:41 [32m    LOG[39m [38;5;3m[InstanceLoader] [39m[32mAppModule dependencies initialized[39m[38;5;3m +75ms[39m
[32m[Nest] 33760  - [39m23/03/2026 22:45:41 [32m    LOG[39m [38;5;3m[InstanceLoader] [39m[32mMongooseModule dependencies initialized[39m[38;5;3m +0ms[39m
[32m[Nest] 33760  - [39m23/03/2026 22:45:41 [32m    LOG[39m [38;5;3m[InstanceLoader] [39m[32mPassportModule dependencies initialized[39m[38;5;3m +1ms[39m
[32m[Nest] 33760  - [39m23/03/2026 22:45:41 [32m    LOG[39m [38;5;3m[InstanceLoader] [39m[32mConfigHostModule dependencies initialized[39m[38;5;3m +0ms[39m
[32m[Nest] 33760  - [39m23/03/2026 22:45:41 [32m    LOG[39m [38;5;3m[EmailService] [39m[32mEmail transporter initialized with Gmail SMTP[39m
[32m[Nest] 33760  - [39m23/03/2026 22:45:41 [32m    LOG[39m [38;5;3m[InstanceLoader] [39m[32mConfigModule dependencies initialized[39m[38;5;3m +2ms[39m
[32m[Nest] 33760  - [39m23/03/2026 22:45:41 [32m    LOG[39m [38;5;3m[InstanceLoader] [39m[32mConfigModule dependencies initialized[39m[38;5;3m +0ms[39m
[32m[Nest] 33760  - [39m23/03/2026 22:45:41 [32m    LOG[39m [38;5;3m[InstanceLoader] [39m[32mJwtModule dependencies initialized[39m[38;5;3m +44ms[39m
[32m[Nest] 33760  - [39m23/03/2026 22:45:41 [32m    LOG[39m [38;5;3m[InstanceLoader] [39m[32mEmailModule dependencies initialized[39m[38;5;3m +2ms[39m
[32m[Nest] 33760  - [39m23/03/2026 22:45:45 [32m    LOG[39m [38;5;3m[InstanceLoader] [39m[32mMongooseCoreModule dependencies initialized[39m[38;5;3m +4004ms[39m
[32m[Nest] 33760  - [39m23/03/2026 22:45:45 [32m    LOG[39m [38;5;3m[InstanceLoader] [39m[32mMongooseModule dependencies initialized[39m[38;5;3m +7ms[39m
[32m[Nest] 33760  - [39m23/03/2026 22:45:45 [32m    LOG[39m [38;5;3m[InstanceLoader] [39m[32mMongooseModule dependencies initialized[39m[38;5;3m +0ms[39m
[32m[Nest] 33760  - [39m23/03/2026 22:45:45 [32m    LOG[39m [38;5;3m[InstanceLoader] [39m[32mMongooseModule dependencies initialized[39m[38;5;3m +0ms[39m
[32m[Nest] 33760  - [39m23/03/2026 22:45:45 [32m    LOG[39m [38;5;3m[InstanceLoader] [39m[32mAuditModule dependencies initialized[39m[38;5;3m +2ms[39m
[32m[Nest] 33760  - [39m23/03/2026 22:45:45 [32m    LOG[39m [38;5;3m[InstanceLoader] [39m[32mBusinessModule dependencies initialized[39m[38;5;3m +0ms[39m
[32m[Nest] 33760  - [39m23/03/2026 22:45:45 [32m    LOG[39m [38;5;3m[InstanceLoader] [39m[32mAuthModule dependencies initialized[39m[38;5;3m +1ms[39m
[32m[Nest] 33760  - [39m23/03/2026 22:45:45 [32m    LOG[39m [38;5;3m[RoutesResolver] [39m[32mAuthController {/api/auth}:[39m[38;5;3m +50ms[39m
[32m[Nest] 33760  - [39m23/03/2026 22:45:45 [32m    LOG[39m [38;5;3m[RouterExplorer] [39m[32mMapped {/api/auth/google, GET} route[39m[38;5;3m +3ms[39m
[32m[Nest] 33760  - [39m23/03/2026 22:45:45 [32m    LOG[39m [38;5;3m[RouterExplorer] [39m[32mMapped {/api/auth/google/callback, GET} route[39m[38;5;3m +1ms[39m
[32m[Nest] 33760  - [39m23/03/2026 22:45:45 [32m    LOG[39m [38;5;3m[RouterExplorer] [39m[32mMapped {/api/auth/google/exchange, POST} route[39m[38;5;3m +0ms[39m
[32m[Nest] 33760  - [39m23/03/2026 22:45:45 [32m    LOG[39m [38;5;3m[RouterExplorer] [39m[32mMapped {/api/auth/register, POST} route[39m[38;5;3m +1ms[39m
[32m[Nest] 33760  - [39m23/03/2026 22:45:45 [32m    LOG[39m [38;5;3m[RouterExplorer] [39m[32mMapped {/api/auth/login, POST} route[39m[38;5;3m +0ms[39m
[32m[Nest] 33760  - [39m23/03/2026 22:45:45 [32m    LOG[39m [38;5;3m[RouterExplorer] [39m[32mMapped {/api/auth/2fa/setup, POST} route[39m[38;5;3m +0ms[39m
[32m[Nest] 33760  - [39m23/03/2026 22:45:45 [32m    LOG[39m [38;5;3m[RouterExplorer] [39m[32mMapped {/api/auth/2fa/verify, POST} route[39m[38;5;3m +1ms[39m
[32m[Nest] 33760  - [39m23/03/2026 22:45:45 [32m    LOG[39m [38;5;3m[RouterExplorer] [39m[32mMapped {/api/auth/2fa/disable, POST} route[39m[38;5;3m +0ms[39m
[32m[Nest] 33760  - [39m23/03/2026 22:45:45 [32m    LOG[39m [38;5;3m[RouterExplorer] [39m[32mMapped {/api/auth/2fa/login, POST} route[39m[38;5;3m +0ms[39m
[32m[Nest] 33760  - [39m23/03/2026 22:45:45 [32m    LOG[39m [38;5;3m[RouterExplorer] [39m[32mMapped {/api/auth/logout, POST} route[39m[38;5;3m +1ms[39m
[32m[Nest] 33760  - [39m23/03/2026 22:45:45 [32m    LOG[39m [38;5;3m[RouterExplorer] [39m[32mMapped {/api/auth/refresh, POST} route[39m[38;5;3m +0ms[39m
[32m[Nest] 33760  - [39m23/03/2026 22:45:45 [32m    LOG[39m [38;5;3m[RouterExplorer] [39m[32mMapped {/api/auth/forgot-password, POST} route[39m[38;5;3m +0ms[39m
[32m[Nest] 33760  - [39m23/03/2026 22:45:45 [32m    LOG[39m [38;5;3m[RouterExplorer] [39m[32mMapped {/api/auth/reset-password, POST} route[39m[38;5;3m +0ms[39m
[32m[Nest] 33760  - [39m23/03/2026 22:45:45 [32m    LOG[39m [38;5;3m[RouterExplorer] [39m[32mMapped {/api/auth/confirm-email/:token, GET} route[39m[38;5;3m +0ms[39m
[32m[Nest] 33760  - [39m23/03/2026 22:45:45 [32m    LOG[39m [38;5;3m[RouterExplorer] [39m[32mMapped {/api/auth/fetchuser, GET} route[39m[38;5;3m +0ms[39m
[32m[Nest] 33760  - [39m23/03/2026 22:45:45 [32m    LOG[39m [38;5;3m[RouterExplorer] [39m[32mMapped {/api/auth/fetchuserbyid, POST} route[39m[38;5;3m +1ms[39m
[32m[Nest] 33760  - [39m23/03/2026 22:45:45 [32m    LOG[39m [38;5;3m[RouterExplorer] [39m[32mMapped {/api/auth/update, PUT} route[39m[38;5;3m +0ms[39m
[32m[Nest] 33760  - [39m23/03/2026 22:45:45 [32m    LOG[39m [38;5;3m[RouterExplorer] [39m[32mMapped {/api/auth/update, PATCH} route[39m[38;5;3m +0ms[39m
[32m[Nest] 33760  - [39m23/03/2026 22:45:45 [32m    LOG[39m [38;5;3m[RouterExplorer] [39m[32mMapped {/api/auth/delete, DELETE} route[39m[38;5;3m +0ms[39m
[32m[Nest] 33760  - [39m23/03/2026 22:45:45 [32m    LOG[39m [38;5;3m[RouterExplorer] [39m[32mMapped {/api/auth/users/:id, DELETE} route[39m[38;5;3m +0ms[39m
[32m[Nest] 33760  - [39m23/03/2026 22:45:45 [32m    LOG[39m [38;5;3m[RouterExplorer] [39m[32mMapped {/api/auth/users, GET} route[39m[38;5;3m +1ms[39m
[32m[Nest] 33760  - [39m23/03/2026 22:45:45 [32m    LOG[39m [38;5;3m[RouterExplorer] [39m[32mMapped {/api/auth/resend-confirmation-email, POST} route[39m[38;5;3m +0ms[39m
[32m[Nest] 33760  - [39m23/03/2026 22:45:45 [32m    LOG[39m [38;5;3m[RouterExplorer] [39m[32mMapped {/api/auth/change-role, PATCH} route[39m[38;5;3m +0ms[39m
[32m[Nest] 33760  - [39m23/03/2026 22:45:45 [32m    LOG[39m [38;5;3m[RouterExplorer] [39m[32mMapped {/api/auth/users/:id/ban, PATCH} route[39m[38;5;3m +0ms[39m
[32m[Nest] 33760  - [39m23/03/2026 22:45:45 [32m    LOG[39m [38;5;3m[RouterExplorer] [39m[32mMapped {/api/auth/users/:id/unban, PATCH} route[39m[38;5;3m +0ms[39m
[32m[Nest] 33760  - [39m23/03/2026 22:45:45 [32m    LOG[39m [38;5;3m[RoutesResolver] [39m[32mBusinessController {/api/business}:[39m[38;5;3m +0ms[39m
[32m[Nest] 33760  - [39m23/03/2026 22:45:45 [32m    LOG[39m [38;5;3m[RouterExplorer] [39m[32mMapped {/api/business/apply, POST} route[39m[38;5;3m +1ms[39m
[32m[Nest] 33760  - [39m23/03/2026 22:45:45 [32m    LOG[39m [38;5;3m[RouterExplorer] [39m[32mMapped {/api/business/applications, GET} route[39m[38;5;3m +0ms[39m
[32m[Nest] 33760  - [39m23/03/2026 22:45:45 [32m    LOG[39m [38;5;3m[RouterExplorer] [39m[32mMapped {/api/business/applications/:id/review, POST} route[39m[38;5;3m +0ms[39m
[32m[Nest] 33760  - [39m23/03/2026 22:45:45 [32m    LOG[39m [38;5;3m[RouterExplorer] [39m[32mMapped {/api/business/my, GET} route[39m[38;5;3m +0ms[39m
[32m[Nest] 33760  - [39m23/03/2026 22:45:45 [32m    LOG[39m [38;5;3m[RouterExplorer] [39m[32mMapped {/api/business/all, GET} route[39m[38;5;3m +0ms[39m
[32m[Nest] 33760  - [39m23/03/2026 22:45:45 [32m    LOG[39m [38;5;3m[RouterExplorer] [39m[32mMapped {/api/business/:id/tenant/metadata, GET} route[39m[38;5;3m +0ms[39m
[32m[Nest] 33760  - [39m23/03/2026 22:45:45 [32m    LOG[39m [38;5;3m[RouterExplorer] [39m[32mMapped {/api/business/:id, GET} route[39m[38;5;3m +1ms[39m
[32m[Nest] 33760  - [39m23/03/2026 22:45:45 [32m    LOG[39m [38;5;3m[RouterExplorer] [39m[32mMapped {/api/business/:id, PUT} route[39m[38;5;3m +0ms[39m
[32m[Nest] 33760  - [39m23/03/2026 22:45:45 [32m    LOG[39m [38;5;3m[RouterExplorer] [39m[32mMapped {/api/business/:id, DELETE} route[39m[38;5;3m +0ms[39m
[32m[Nest] 33760  - [39m23/03/2026 22:45:45 [32m    LOG[39m [38;5;3m[RouterExplorer] [39m[32mMapped {/api/business/:id/users, POST} route[39m[38;5;3m +0ms[39m
[32m[Nest] 33760  - [39m23/03/2026 22:45:45 [32m    LOG[39m [38;5;3m[RouterExplorer] [39m[32mMapped {/api/business/:id/users/:userId, DELETE} route[39m[38;5;3m +0ms[39m
[32m[Nest] 33760  - [39m23/03/2026 22:45:45 [32m    LOG[39m [38;5;3m[RoutesResolver] [39m[32mEmailController {/api/email}:[39m[38;5;3m +0ms[39m
[32m[Nest] 33760  - [39m23/03/2026 22:45:45 [32m    LOG[39m [38;5;3m[RouterExplorer] [39m[32mMapped {/api/email/send, POST} route[39m[38;5;3m +0ms[39m
[32m[Nest] 33760  - [39m23/03/2026 22:45:45 [32m    LOG[39m [38;5;3m[RouterExplorer] [39m[32mMapped {/api/email/test, POST} route[39m[38;5;3m +0ms[39m
[32m[Nest] 33760  - [39m23/03/2026 22:45:45 [32m    LOG[39m [38;5;3m[RoutesResolver] [39m[32mAuditController {/api/audit}:[39m[38;5;3m +1ms[39m
[32m[Nest] 33760  - [39m23/03/2026 22:45:45 [32m    LOG[39m [38;5;3m[RouterExplorer] [39m[32mMapped {/api/audit, GET} route[39m[38;5;3m +0ms[39m
[32m[Nest] 33760  - [39m23/03/2026 22:45:45 [32m    LOG[39m [38;5;3m[NestApplication] [39m[32mNest application successfully started[39m[38;5;3m +2ms[39m
🚀 API running on http://localhost:4790/api/docs
[2J[3J[H[[90m23:19:52[0m] File change detected. Starting incremental compilation...

Erreur�: le processus de PID 33100 (processus enfant de PID 25680) n'a pas �t� arr�t�.
Raison�: Il n'existe aucune instance en cours de cette t�che.
Erreur�: le processus "33100" est introuvable.
node:child_process:990
    throw err;
    ^

Error: Command failed: taskkill /pid 33100 /T /F
Erreur�: le processus de PID 33100 (processus enfant de PID 25680) n'a pas �t� arr�t�.
Raison�: Il n'existe aucune instance en cours de cette t�che.

    at genericNodeError (node:internal/errors:983:15)
    at wrappedFn (node:internal/errors:537:14)
    at checkExecSyncError (node:child_process:915:11)
    at execSync (node:child_process:987:15)
    at treeKillSync (C:\Users\Asus\Desktop\accountia-api\node_modules\@nestjs\cli\lib\utils\tree-kill.js:7:38)
    at C:\Users\Asus\Desktop\accountia-api\node_modules\@nestjs\cli\actions\start.action.js:68:46
    at Object.onWatchStatusChange (C:\Users\Asus\Desktop\accountia-api\node_modules\@nestjs\cli\lib\compiler\watch-compiler.js:83:17)
    at C:\Users\Asus\Desktop\accountia-api\node_modules\typescript\lib\typescript.js:133916:30
    at emitFilesAndReportErrors (C:\Users\Asus\Desktop\accountia-api\node_modules\typescript\lib\typescript.js:133737:5)
    at result.afterProgramCreate (C:\Users\Asus\Desktop\accountia-api\node_modules\typescript\lib\typescript.js:133912:5) {
  status: 255,
  signal: null,
  output: [
    null,
    Buffer(94) [Uint8Array] [
       79, 112, 130, 114,  97, 116, 105, 111, 110,  32, 114, 130,
      117, 115, 115, 105, 101, 255,  58,  32, 108, 101,  32, 112,
      114, 111,  99, 101, 115, 115, 117, 115,  32, 100, 101,  32,
       80,  73,  68,  32,  51,  51,  55,  54,  48,  32,  40, 112,
      114, 111,  99, 101, 115, 115, 117, 115,  32, 101, 110, 102,
       97, 110, 116,  32, 100, 101,  32,  80,  73,  68,  32,  51,
       51,  49,  48,  48,  41,  32,  97,  32, 130, 116, 130,  13,
       10,  97, 114, 114, 136, 116, 130,  46,  13,  10
    ],
    Buffer(152) [Uint8Array] [
       69, 114, 114, 101, 117, 114, 255,  58,  32, 108, 101,  32,
      112, 114, 111,  99, 101, 115, 115, 117, 115,  32, 100, 101,
       32,  80,  73,  68,  32,  51,  51,  49,  48,  48,  32,  40,
      112, 114, 111,  99, 101, 115, 115, 117, 115,  32, 101, 110,
      102,  97, 110, 116,  32, 100, 101,  32,  80,  73,  68,  32,
       50,  53,  54,  56,  48,  41,  32, 110,  39,  97,  32, 112,
       97, 115,  32, 130, 116, 130,  32,  97, 114, 114, 136, 116,
      130,  46,  13,  10,  82,  97, 105, 115, 111, 110, 255,  58,
       32,  73, 108,  32,
      ... 52 more items
    ]
  ],
  pid: 31480,
  stdout: Buffer(94) [Uint8Array] [
     79, 112, 130, 114,  97, 116, 105, 111, 110,  32, 114, 130,
    117, 115, 115, 105, 101, 255,  58,  32, 108, 101,  32, 112,
    114, 111,  99, 101, 115, 115, 117, 115,  32, 100, 101,  32,
     80,  73,  68,  32,  51,  51,  55,  54,  48,  32,  40, 112,
    114, 111,  99, 101, 115, 115, 117, 115,  32, 101, 110, 102,
     97, 110, 116,  32, 100, 101,  32,  80,  73,  68,  32,  51,
     51,  49,  48,  48,  41,  32,  97,  32, 130, 116, 130,  13,
     10,  97, 114, 114, 136, 116, 130,  46,  13,  10
  ],
  stderr: Buffer(152) [Uint8Array] [
     69, 114, 114, 101, 117, 114, 255,  58,  32, 108, 101,  32,
    112, 114, 111,  99, 101, 115, 115, 117, 115,  32, 100, 101,
     32,  80,  73,  68,  32,  51,  51,  49,  48,  48,  32,  40,
    112, 114, 111,  99, 101, 115, 115, 117, 115,  32, 101, 110,
    102,  97, 110, 116,  32, 100, 101,  32,  80,  73,  68,  32,
     50,  53,  54,  56,  48,  41,  32, 110,  39,  97,  32, 112,
     97, 115,  32, 130, 116, 130,  32,  97, 114, 114, 136, 116,
    130,  46,  13,  10,  82,  97, 105, 115, 111, 110, 255,  58,
     32,  73, 108,  32,
    ... 52 more items
  ]
}

Node.js v22.19.0
